<html>
<body>
<pre>
<h1>�Vision Build Log</h1>
<h2>Tool Versions:</h2>
IDE-Version: ��Vision V5.36.0.0
Copyright (C) 2021 ARM Ltd and ARM Germany GmbH. All rights reserved.
License Information: test admin TEST Flex license: MDK Professional 5.36 (Flex): 8 user(s) (mdk_pro) Support: Dec 2023
 
Tool Versions:
Toolchain:       MDK Professional 5.36 (Flex): 8 user(s)  Version: 5.36.0.0
Toolchain Path:  C:\Keil_v5\ARM\ARMCC\Bin
C Compiler:      Armcc.exe V5.06 update 7 (build 960)
Assembler:       Armasm.exe V5.06 update 7 (build 960)
Linker/Locator:  ArmLink.exe V5.06 update 7 (build 960)
Library Manager: ArmAr.exe V5.06 update 7 (build 960)
Hex Converter:   FromElf.exe V5.06 update 7 (build 960)
CPU DLL:         SARMCM3.DLL V5.36.0.0
Dialog DLL:      DCM.DLL V1.17.3.0
Target DLL:      Segger\JL2CM3.dll V2.99.40.0
Dialog DLL:      TCM.DLL V1.53.0.0
 
<h2>Project:</h2>
D:\00.Src\05.LLD_TMC\LLD002_TMC5130\Project_debug\RT-Thread.uvprojx
Project File Date:  04/01/2024

<h2>Output:</h2>
*** Using Compiler 'V5.06 update 7 (build 960)', folder: 'C:\Keil_v5\ARM\ARMCC\Bin'
Rebuild target 'RT-Thread'
assembling startup_stm32f10x_md.s...
compiling core_cm3.c...
compiling stm32f10x_bkp.c...
compiling stm32f10x_dbgmcu.c...
compiling misc.c...
compiling stm32f10x_cec.c...
compiling system_stm32f10x.c...
compiling stm32f10x_exti.c...
compiling stm32f10x_adc.c...
compiling stm32f10x_crc.c...
compiling stm32f10x_dma.c...
compiling stm32f10x_dac.c...
compiling stm32f10x_flash.c...
compiling stm32f10x_fsmc.c...
compiling stm32f10x_can.c...
compiling stm32f10x_gpio.c...
compiling stm32f10x_i2c.c...
compiling stm32f10x_iwdg.c...
compiling stm32f10x_pwr.c...
compiling stm32f10x_rtc.c...
compiling stm32f10x_rcc.c...
compiling stm32f10x_sdio.c...
compiling stm32f10x_spi.c...
compiling stm32f10x_usart.c...
compiling stm32f10x_wwdg.c...
compiling stm32f10x_tim.c...
compiling bsp_lib.c...
compiling bsp_misc.c...
compiling bsp_i2c_gpio.c...
compiling bsp_adc.c...
compiling bsp_sysclk.c...
compiling bsp_can.c...
compiling bsp_usart.c...
compiling bsp_iwdg.c...
compiling bsp_spi.c...
..\Code\BSP\bsp_spi.c(201): warning:  #550-D: variable "ucTempAddr"  was set but never used
  	uint8_t ucTempAddr = 0;
..\Code\BSP\bsp_spi.c: 1 warning, 0 errors
compiling bsp_iic.c...
compiling bsp_timer.c...
..\Code\BSP\bsp_timer.c(342): warning:  #188-D: enumerated type mixed with another type
    	TIM_CtrlPWMOutputs(TIM3, pwm_en);
..\Code\BSP\bsp_timer.c: 1 warning, 0 errors
compiling main.c...
compiling bsp_gpio.c...
compiling bsp_flash.c...
compiling board.c...
compiling public.c...
compiling lld_param.c...
compiling stm32f10x_it.c...
..\Code\User\stm32f10x_it.c(244): warning:  #177-D: variable "ucTemp"  was declared but never referenced
  	uint8_t ucTemp;
..\Code\User\stm32f10x_it.c: 1 warning, 0 errors
compiling app_misc.c...
compiling app.c...
..\Code\App\app.c(92): warning:  #550-D: variable "ulTemp"  was set but never used
  	uint32_t ulTemp = 0;
..\Code\App\app.c: 1 warning, 0 errors
compiling storage.c...
..\Code\App\storage.c(172): warning:  #177-D: variable "ret"  was declared but never referenced
  	uint8_t     ret = 0;
..\Code\App\storage.c: 1 warning, 0 errors
compiling TMC_Api.c...
compiling monitor_can.c...
..\Code\App\monitor_can.c(243): warning:  #550-D: variable "result"  was set but never used
  	uint16_t    result = FALSE;
..\Code\App\monitor_can.c(1356): warning:  #550-D: variable "reply"  was set but never used
  	uint8_t    reply = ERR_CAN_NULL;
..\Code\App\monitor_can.c: 2 warnings, 0 errors
compiling crc.c...
compiling gpio.c...
compiling m95xxx.c...
..\Code\Motor\m95xxx.c(22): warning:  #188-D: enumerated type mixed with another type
  	g_tEEPROM.pfCS(TRUE);
..\Code\Motor\m95xxx.c(26): warning:  #188-D: enumerated type mixed with another type
  	g_tEEPROM.pfCS(FALSE);
..\Code\Motor\m95xxx.c(31): warning:  #188-D: enumerated type mixed with another type
  	g_tEEPROM.pfCS(TRUE);	
..\Code\Motor\m95xxx.c(44): warning:  #188-D: enumerated type mixed with another type
  	g_tEEPROM.pfCS(FALSE);
..\Code\Motor\m95xxx.c(69): warning:  #188-D: enumerated type mixed with another type
  	g_tEEPROM.pfCS(TRUE);
..\Code\Motor\m95xxx.c(85): warning:  #188-D: enumerated type mixed with another type
  	g_tEEPROM.pfCS(FALSE);	
..\Code\Motor\m95xxx.c(177): warning:  #188-D: enumerated type mixed with another type
  	g_tEEPROM.pfCS(TRUE);
..\Code\Motor\m95xxx.c(185): warning:  #188-D: enumerated type mixed with another type
  	g_tEEPROM.pfCS(FALSE);	
..\Code\Motor\m95xxx.c: 8 warnings, 0 errors
compiling eeprom.c...
..\Code\Motor\Comm\eeprom.c(29): warning:  #513-D: a value of type "void (*)(uint16_t, uint8_t *, uint16_t)" cannot be assigned to an entity of type "void (*)(uint16_t, volatile uint8_t *, uint16_t)"
  	g_tEEPROM.pfWrite     		= M95xxx_Write;
..\Code\Motor\Comm\eeprom.c(30): warning:  #513-D: a value of type "void (*)(uint16_t, uint8_t *, uint16_t)" cannot be assigned to an entity of type "void (*)(uint16_t, volatile uint8_t *, uint16_t)"
  	g_tEEPROM.pfRead			= M95xxx_Read;
..\Code\Motor\Comm\eeprom.c: 2 warnings, 0 errors
compiling liquid_level.c...
..\Code\App\liquid_level.c(399): warning:  #177-D: variable "cal_dis"  was declared but never referenced
  	int32_t    cal_dis = 0;
..\Code\App\liquid_level.c(581): warning:  #550-D: variable "set_pass_all"  was set but never used
  	uint8_t    set_pass_all = 0;         //设置全部通过
..\Code\App\liquid_level.c(814): warning:  #177-D: variable "temp"  was declared but never referenced
  	uint16_t   temp = 0;
..\Code\App\liquid_level.c(2106): warning:  #177-D: variable "temp"  was declared but never referenced
  	int32_t    temp = 0;
..\Code\App\liquid_level.c(2594): warning:  #177-D: variable "press_dis"  was declared but never referenced
  	int16_t     press_dis = 0;
..\Code\App\liquid_level.c: 5 warnings, 0 errors
compiling TMC5130.c...
compiling clock.c...
compiling components.c...
compiling cpu.c...
compiling TMC_Process.c...
..\Code\Motor\TMC\TMC_Process.c(320): warning:  #188-D: enumerated type mixed with another type
  		eErrorType = TMC_WriteInt(eTMC, TMC5160_ENC_CONST, ptAxisParamDefault->lEncConstValue[eTMC]);
..\Code\Motor\TMC\TMC_Process.c(1849): warning:  #550-D: variable "eError"  was set but never used
  	ErrorType_e eError = ERROR_TYPE_SUCCESS;
..\Code\Motor\TMC\TMC_Process.c(3102): warning:  #177-D: variable "ucIO_ID"  was declared but never referenced
  				uint8_t ucIO_ID = tSubProcess.uParam[0].ucData[0];
..\Code\Motor\TMC\TMC_Process.c: 3 warnings, 0 errors
compiling idle.c...
compiling log.c...
compiling event.c...
..\Code\Motor\Comm\event.c(28): warning:  #188-D: enumerated type mixed with another type
  SysEvent_t SysEventBuf[MAXSYSEVENTS] = {0}; // 系统事件缓存
..\Code\Motor\Comm\event.c: 1 warning, 0 errors
compiling ipc.c...
compiling irq.c...
compiling param.c...
compiling kservice.c...
compiling mem.c...
compiling memheap.c...
compiling msg_handle.c...
..\Code\Motor\App\msg_handle.c(247): warning:  #177-D: variable "eMsgType"  was declared but never referenced
  	MsgType_e eMsgType = MSG_TYPE_USART;
..\Code\Motor\App\msg_handle.c: 1 warning, 0 errors
compiling mempool.c...
compiling object.c...
compiling scheduler.c...
compiling slab.c...
compiling process.c...
..\Code\Motor\App\process.c(429): warning:  #188-D: enumerated type mixed with another type
  	eErrorTyoe = TMC_WriteInt(eTMC, TMC5160_SWMODE, 0x03);
..\Code\Motor\App\process.c(432): warning:  #188-D: enumerated type mixed with another type
  	eErrorTyoe = TMC_WriteInt(eTMC, TMC5160_VMAX, 0);
..\Code\Motor\App\process.c(434): warning:  #188-D: enumerated type mixed with another type
  	eErrorTyoe = TMC_WriteInt(eTMC, TMC5160_XTARGET, ulXActual);
..\Code\Motor\App\process.c(437): warning:  #188-D: enumerated type mixed with another type
  	eErrorTyoe = TMC_WriteInt(eTMC, TMC5160_SWMODE, ulValue);
..\Code\Motor\App\process.c(405): warning:  #177-D: variable "ulStatus"  was declared but never referenced
  	uint32_t ulValue = 0, ulStatus = 0, ulXActual = 0;
..\Code\Motor\App\process.c(497): warning:  #186-D: pointless comparison of unsigned integer with zero
  		if(ptRecvFrame->ucDeviceID >= MODULE_MAX_IN_IO_NUM)
..\Code\Motor\App\process.c(583): warning:  #111-D: statement is unreachable
  					break;
..\Code\Motor\App\process.c(612): warning:  #188-D: enumerated type mixed with another type
  				ptSendFrame->ucStatus = TMC_Rotate(eTMC, ptRecvFrame->ucType, ptRecvFrame->uData.ulData);
..\Code\Motor\App\process.c(1025): warning:  #111-D: statement is unreachable
  					break;
..\Code\Motor\App\process.c(474): warning:  #177-D: variable "eError"  was declared but never referenced
  	ErrorType_e eError = ERROR_TYPE_SUCCESS;
..\Code\Motor\App\process.c: 10 warnings, 0 errors
assembling context_rvds.S...
compiling thread.c...
compiling timer.c...
compiling cpuport.c...
..\Code\RT-Thread Nano\3.1.5\libcpu\arm\cortex-m3\cpuport.c(295): warning:  #177-D: variable "context"  was declared but never referenced
      struct stack_frame* context = &exception_info->stack_frame;
..\Code\RT-Thread Nano\3.1.5\libcpu\arm\cortex-m3\cpuport.c: 1 warning, 0 errors
linking...
Program Size: Code=46282 RO-data=1590 RW-data=760 ZI-data=14520  
FromELF: creating hex file...
After Build - User command #1: fromelf  --bin --bincombined --bincombined_padding=1,0xff --output=./Objects/LLD002.bin  ./Objects/LLD002.axf
".\Objects\LLD002.axf" - 0 Error(s), 38 Warning(s).

<h2>Software Packages used:</h2>

Package Vendor: Keil
                http://www.keil.com/pack/Keil.STM32F1xx_DFP.2.3.0.pack
                Keil.STM32F1xx_DFP.2.3.0
                STMicroelectronics STM32F1 Series Device Support, Drivers and Examples

<h2>Collection of Component include folders:</h2>
  C:\Users\yaolan\AppData\Local\Arm\Packs\Keil\STM32F1xx_DFP\2.3.0\Device\Include

<h2>Collection of Component Files used:</h2>
Build Time Elapsed:  00:00:04
</pre>
</body>
</html>
