Component: ARM Compiler 5.06 update 7 (build 960) Tool: armlink [4d3601]

==============================================================================

Section Cross References

    startup_stm32f10x_md.o(RESET) refers to startup_stm32f10x_md.o(STACK) for __initial_sp
    startup_stm32f10x_md.o(RESET) refers to startup_stm32f10x_md.o(.text) for Reset_Handler
    startup_stm32f10x_md.o(RESET) refers to stm32f10x_it.o(i.NMI_Handler) for NMI_Handler
    startup_stm32f10x_md.o(RESET) refers to context_rvds.o(.text) for HardFault_Handler
    startup_stm32f10x_md.o(RESET) refers to stm32f10x_it.o(i.MemManage_Handler) for MemManage_Handler
    startup_stm32f10x_md.o(RESET) refers to stm32f10x_it.o(i.BusFault_Handler) for BusFault_Handler
    startup_stm32f10x_md.o(RESET) refers to stm32f10x_it.o(i.UsageFault_Handler) for UsageFault_Handler
    startup_stm32f10x_md.o(RESET) refers to stm32f10x_it.o(i.SVC_Handler) for SVC_Handler
    startup_stm32f10x_md.o(RESET) refers to stm32f10x_it.o(i.DebugMon_Handler) for DebugMon_Handler
    startup_stm32f10x_md.o(RESET) refers to stm32f10x_it.o(i.SysTick_Handler) for SysTick_Handler
    startup_stm32f10x_md.o(RESET) refers to stm32f10x_it.o(i.EXTI4_IRQHandler) for EXTI4_IRQHandler
    startup_stm32f10x_md.o(RESET) refers to stm32f10x_it.o(i.ADC1_2_IRQHandler) for ADC1_2_IRQHandler
    startup_stm32f10x_md.o(RESET) refers to stm32f10x_it.o(i.USB_LP_CAN1_RX0_IRQHandler) for USB_LP_CAN1_RX0_IRQHandler
    startup_stm32f10x_md.o(RESET) refers to stm32f10x_it.o(i.TIM2_IRQHandler) for TIM2_IRQHandler
    startup_stm32f10x_md.o(RESET) refers to stm32f10x_it.o(i.TIM3_IRQHandler) for TIM3_IRQHandler
    startup_stm32f10x_md.o(RESET) refers to tmc_uart.o(i.USART1_IRQHandler) for USART1_IRQHandler
    startup_stm32f10x_md.o(RESET) refers to stm32f10x_it.o(i.USART2_IRQHandler) for USART2_IRQHandler
    startup_stm32f10x_md.o(.text) refers to system_stm32f10x.o(i.SystemInit) for SystemInit
    startup_stm32f10x_md.o(.text) refers to entry.o(.ARM.Collect$$$$00000000) for __main
    system_stm32f10x.o(i.SetSysClock) refers to system_stm32f10x.o(i.SetSysClockTo72) for SetSysClockTo72
    system_stm32f10x.o(i.SystemCoreClockUpdate) refers to system_stm32f10x.o(.data) for SystemCoreClock
    system_stm32f10x.o(i.SystemInit) refers to system_stm32f10x.o(i.SetSysClock) for SetSysClock
    stm32f10x_adc.o(i.ADC_DeInit) refers to stm32f10x_rcc.o(i.RCC_APB2PeriphResetCmd) for RCC_APB2PeriphResetCmd
    stm32f10x_bkp.o(i.BKP_DeInit) refers to stm32f10x_rcc.o(i.RCC_BackupResetCmd) for RCC_BackupResetCmd
    stm32f10x_can.o(i.CAN_DeInit) refers to stm32f10x_rcc.o(i.RCC_APB1PeriphResetCmd) for RCC_APB1PeriphResetCmd
    stm32f10x_can.o(i.CAN_GetITStatus) refers to stm32f10x_can.o(i.CheckITStatus) for CheckITStatus
    stm32f10x_cec.o(i.CEC_DeInit) refers to stm32f10x_rcc.o(i.RCC_APB1PeriphResetCmd) for RCC_APB1PeriphResetCmd
    stm32f10x_dac.o(i.DAC_DeInit) refers to stm32f10x_rcc.o(i.RCC_APB1PeriphResetCmd) for RCC_APB1PeriphResetCmd
    stm32f10x_flash.o(i.FLASH_EnableWriteProtection) refers to stm32f10x_flash.o(i.FLASH_WaitForLastOperation) for FLASH_WaitForLastOperation
    stm32f10x_flash.o(i.FLASH_EraseAllBank1Pages) refers to stm32f10x_flash.o(i.FLASH_WaitForLastBank1Operation) for FLASH_WaitForLastBank1Operation
    stm32f10x_flash.o(i.FLASH_EraseAllPages) refers to stm32f10x_flash.o(i.FLASH_WaitForLastOperation) for FLASH_WaitForLastOperation
    stm32f10x_flash.o(i.FLASH_EraseOptionBytes) refers to stm32f10x_flash.o(i.FLASH_GetReadOutProtectionStatus) for FLASH_GetReadOutProtectionStatus
    stm32f10x_flash.o(i.FLASH_EraseOptionBytes) refers to stm32f10x_flash.o(i.FLASH_WaitForLastOperation) for FLASH_WaitForLastOperation
    stm32f10x_flash.o(i.FLASH_ErasePage) refers to stm32f10x_flash.o(i.FLASH_WaitForLastOperation) for FLASH_WaitForLastOperation
    stm32f10x_flash.o(i.FLASH_ProgramHalfWord) refers to stm32f10x_flash.o(i.FLASH_WaitForLastOperation) for FLASH_WaitForLastOperation
    stm32f10x_flash.o(i.FLASH_ProgramOptionByteData) refers to stm32f10x_flash.o(i.FLASH_WaitForLastOperation) for FLASH_WaitForLastOperation
    stm32f10x_flash.o(i.FLASH_ProgramWord) refers to stm32f10x_flash.o(i.FLASH_WaitForLastOperation) for FLASH_WaitForLastOperation
    stm32f10x_flash.o(i.FLASH_ReadOutProtection) refers to stm32f10x_flash.o(i.FLASH_WaitForLastOperation) for FLASH_WaitForLastOperation
    stm32f10x_flash.o(i.FLASH_UserOptionByteConfig) refers to stm32f10x_flash.o(i.FLASH_WaitForLastOperation) for FLASH_WaitForLastOperation
    stm32f10x_flash.o(i.FLASH_WaitForLastBank1Operation) refers to stm32f10x_flash.o(i.FLASH_GetBank1Status) for FLASH_GetBank1Status
    stm32f10x_flash.o(i.FLASH_WaitForLastOperation) refers to stm32f10x_flash.o(i.FLASH_GetBank1Status) for FLASH_GetBank1Status
    stm32f10x_gpio.o(i.GPIO_AFIODeInit) refers to stm32f10x_rcc.o(i.RCC_APB2PeriphResetCmd) for RCC_APB2PeriphResetCmd
[...]
    CAN_Transmit                             0x08000f11   Thumb Code   294  stm32f10x_can.o(i.CAN_Transmit)
    CanIRQRecv                               0x08001039   Thumb Code   202  monitor_can.o(i.CanIRQRecv)
    CanMonComStage                           0x0800110d   Thumb Code   146  monitor_can.o(i.CanMonComStage)
    CapSenChData                             0x080011a9   Thumb Code   386  liquid_level.o(i.CapSenChData)
    CapSenCheckDriveCurrent                  0x08001341   Thumb Code    38  liquid_level.o(i.CapSenCheckDriveCurrent)
    CapSenCheckRCOUNT                        0x08001371   Thumb Code    34  liquid_level.o(i.CapSenCheckRCOUNT)
    CapSenChlEn                              0x0800139d   Thumb Code    42  liquid_level.o(i.CapSenChlEn)
    CapSenChlSelect                          0x080013d1   Thumb Code    36  liquid_level.o(i.CapSenChlSelect)
    CapSenConfig                             0x080013f9   Thumb Code   420  liquid_level.o(i.CapSenConfig)
    CapSenDeteLiqLevel                       0x080015a5   Thumb Code   430  liquid_level.o(i.CapSenDeteLiqLevel)
    CapSenInit                               0x0800175d   Thumb Code   318  liquid_level.o(i.CapSenInit)
    CapSenReadChl                            0x080018a5   Thumb Code    98  liquid_level.o(i.CapSenReadChl)
    CapSenReadStatus                         0x08001911   Thumb Code    26  liquid_level.o(i.CapSenReadStatus)
    CapSenReset                              0x08001935   Thumb Code    42  liquid_level.o(i.CapSenReset)
    CapSenResetDriveCurrent                  0x08001965   Thumb Code     4  liquid_level.o(i.CapSenResetDriveCurrent)
    CapSenResetRCOUNT                        0x08001969   Thumb Code    58  liquid_level.o(i.CapSenResetRCOUNT)
    CapSenSleepEn                            0x080019b1   Thumb Code    70  liquid_level.o(i.CapSenSleepEn)
    CapSenSlideWind                          0x08001a01   Thumb Code   242  liquid_level.o(i.CapSenSlideWind)
    CapSensor                                0x08001af9   Thumb Code   612  liquid_level.o(i.CapSensor)
    CheckFrame                               0x08001d6d   Thumb Code   202  monitor_can.o(i.CheckFrame)
    CheckPhotosensor                         0x08001e39   Thumb Code    16  gpio.o(i.CheckPhotosensor)
    CheckUint16ParaValid                     0x08001e51   Thumb Code    24  bsp_lib.o(i.CheckUint16ParaValid)
    Clear_TxRxBuffer                         0x08001e69   Thumb Code    26  tmc_uart.o(i.Clear_TxRxBuffer)
    ClrMemPageErr                            0x08001e8d   Thumb Code    66  m_storage.o(i.ClrMemPageErr)
    CommMonitor                              0x08001ed1   Thumb Code    50  app.o(i.CommMonitor)
    DebugMon_Handler                         0x08001f11   Thumb Code     2  stm32f10x_it.o(i.DebugMon_Handler)
    DipCheck                                 0x08001f13   Thumb Code    58  gpio.o(i.DipCheck)
    DipSWCheck                               0x08001f4d   Thumb Code   222  gpio.o(i.DipSWCheck)
    DipSWInit                                0x0800203d   Thumb Code    62  gpio.o(i.DipSWInit)
    EXTI4_IRQHandler                         0x08002081   Thumb Code    34  stm32f10x_it.o(i.EXTI4_IRQHandler)
    EXTI_ClearITPendingBit                   0x080020a9   Thumb Code     6  stm32f10x_exti.o(i.EXTI_ClearITPendingBit)
    EXTI_GetITStatus                         0x080020b5   Thumb Code    34  stm32f10x_exti.o(i.EXTI_GetITStatus)
    EXTI_Init                                0x080020dd   Thumb Code   142  stm32f10x_exti.o(i.EXTI_Init)
    FDC2212SetAddr                           0x0800219d   Thumb Code    32  gpio.o(i.FDC2212SetAddr)
    FDC2212ShutDownInput                     0x080021c1   Thumb Code    32  gpio.o(i.FDC2212ShutDownInput)
    FLASH_ClearFlag                          0x080021e5   Thumb Code     6  stm32f10x_flash.o(i.FLASH_ClearFlag)
    FLASH_ErasePage                          0x080021f1   Thumb Code    72  stm32f10x_flash.o(i.FLASH_ErasePage)
    FLASH_GetBank1Status                     0x0800223d   Thumb Code    48  stm32f10x_flash.o(i.FLASH_GetBank1Status)
    FLASH_Init                               0x08002271   Thumb Code    46  storage.o(i.FLASH_Init)
    FLASH_Lock                               0x080022b9   Thumb Code    14  stm32f10x_flash.o(i.FLASH_Lock)
    FLASH_PageRead                           0x080022cd   Thumb Code    66  storage.o(i.FLASH_PageRead)
    FLASH_PageWrite                          0x0800230f   Thumb Code    66  storage.o(i.FLASH_PageWrite)
    FLASH_ProgramHalfWord                    0x08002351   Thumb Code    60  stm32f10x_flash.o(i.FLASH_ProgramHalfWord)
    FLASH_Unlock                             0x08002391   Thumb Code    12  stm32f10x_flash.o(i.FLASH_Unlock)
    FLASH_WaitForLastOperation               0x080023a9   Thumb Code    38  stm32f10x_flash.o(i.FLASH_WaitForLastOperation)
    GPIO_Config                              0x080023d1   Thumb Code   410  bsp_gpio.o(i.GPIO_Config)
    GPIO_EXTILineConfig                      0x0800257d   Thumb Code    60  stm32f10x_gpio.o(i.GPIO_EXTILineConfig)
    GPIO_IIC2_Init                           0x080025bd   Thumb Code    44  bsp_i2c_gpio.o(i.GPIO_IIC2_Init)
    GPIO_Init                                0x080025fd   Thumb Code   278  stm32f10x_gpio.o(i.GPIO_Init)
    GPIO_PinRemapConfig                      0x08002715   Thumb Code   138  stm32f10x_gpio.o(i.GPIO_PinRemapConfig)
    GPIO_ReadInputDataBit                    0x080027a5   Thumb Code    18  stm32f10x_gpio.o(i.GPIO_ReadInputDataBit)
    GPIO_ResetBits                           0x080027b7   Thumb Code     4  stm32f10x_gpio.o(i.GPIO_ResetBits)
    GPIO_SetBits                             0x080027bb   Thumb Code     4  stm32f10x_gpio.o(i.GPIO_SetBits)
    GenDelay_nop                             0x080027bf   Thumb Code    16  bsp_lib.o(i.GenDelay_nop)
    GetTemperature                           0x080027d1   Thumb Code    58  gpio.o(i.GetTemperature)
    I2C2_SCL                                 0x08002815   Thumb Code    32  bsp_i2c_gpio.o(i.I2C2_SCL)
    I2C2_SDA_Read                            0x08002839   Thumb Code    14  bsp_i2c_gpio.o(i.I2C2_SDA_Read)
    I2C2_SDA_Write                           0x0800284d   Thumb Code    32  bsp_i2c_gpio.o(i.I2C2_SDA_Write)
    I2C_AcknowledgeConfig                    0x08002871   Thumb Code    24  stm32f10x_i2c.o(i.I2C_AcknowledgeConfig)
    I2C_CheckEvent                           0x08002889   Thumb Code    42  stm32f10x_i2c.o(i.I2C_CheckEvent)
    I2C_Cmd                                  0x080028b3   Thumb Code    24  stm32f10x_i2c.o(i.I2C_Cmd)
    I2C_DeInit                               0x080028cd   Thumb Code    50  stm32f10x_i2c.o(i.I2C_DeInit)
    I2C_GenerateSTART                        0x08002905   Thumb Code    24  stm32f10x_i2c.o(i.I2C_GenerateSTART)
    I2C_GenerateSTOP                         0x0800291d   Thumb Code    24  stm32f10x_i2c.o(i.I2C_GenerateSTOP)
    I2C_GetFlagStatus                        0x08002935   Thumb Code    58  stm32f10x_i2c.o(i.I2C_GetFlagStatus)
    I2C_Init                                 0x08002971   Thumb Code   222  stm32f10x_i2c.o(i.I2C_Init)
    I2C_Mem_Read                             0x08002a5d   Thumb Code   422  bsp_iic.o(i.I2C_Mem_Read)
    I2C_Mem_Write                            0x08002c11   Thumb Code   298  bsp_iic.o(i.I2C_Mem_Write)
    I2C_ReceiveData                          0x08002d49   Thumb Code     8  stm32f10x_i2c.o(i.I2C_ReceiveData)
    I2C_Send7bitAddress                      0x08002d51   Thumb Code    18  stm32f10x_i2c.o(i.I2C_Send7bitAddress)
    I2C_SendData                             0x08002d63   Thumb Code     4  stm32f10x_i2c.o(i.I2C_SendData)
    IIC2_Init                                0x08002d9d   Thumb Code    12  bsp_iic.o(i.IIC2_Init)
    IIC2_Reset                               0x08002ded   Thumb Code    18  bsp_iic.o(i.IIC2_Reset)
    IWDG_Config                              0x08002e05   Thumb Code    36  bsp_iwdg.o(i.IWDG_Config)
    IWDG_Enable                              0x08002e29   Thumb Code    10  stm32f10x_iwdg.o(i.IWDG_Enable)
    IWDG_Feed                                0x08002e39   Thumb Code    14  app.o(i.IWDG_Feed)
    IWDG_ReloadCounter                       0x08002e49   Thumb Code    10  stm32f10x_iwdg.o(i.IWDG_ReloadCounter)
    IWDG_SetPrescaler                        0x08002e59   Thumb Code     6  stm32f10x_iwdg.o(i.IWDG_SetPrescaler)
    IWDG_SetReload                           0x08002e65   Thumb Code     6  stm32f10x_iwdg.o(i.IWDG_SetReload)
    IWDG_WriteAccessCmd                      0x08002e71   Thumb Code     6  stm32f10x_iwdg.o(i.IWDG_WriteAccessCmd)
    Init_RxMes                               0x08002e7d   Thumb Code    36  bsp_can.o(i.Init_RxMes)
    LLDInit                                  0x08002ea1   Thumb Code    32  liquid_level.o(i.LLDInit)
    LLDMonReadIO                             0x08002ec9   Thumb Code    24  gpio.o(i.LLDMonReadIO)
    LLDReslut                                0x08002ee5   Thumb Code   232  liquid_level.o(i.LLDReslut)
    LLD_OutPutPulse                          0x08002fdd   Thumb Code    32  gpio.o(i.LLD_OutPutPulse)
    LPF1                                     0x08003001   Thumb Code    76  bsp_lib.o(i.LPF1)
    LPF2                                     0x0800304d   Thumb Code    76  bsp_lib.o(i.LPF2)
    LimitPara                                0x08003099   Thumb Code    58  storage.o(i.LimitPara)
    MemManInit                               0x080030dd   Thumb Code   282  m_storage.o(i.MemManInit)
    MemManage_Handler                        0x080031f7   Thumb Code     4  stm32f10x_it.o(i.MemManage_Handler)
    MidScan                                  0x080031fd   Thumb Code   320  gpio.o(i.MidScan)
    MonAirLLDPara1                           0x08003341   Thumb Code    38  monitor_can.o(i.MonAirLLDPara1)
    MonAirLLDPara1Reply                      0x08003367   Thumb Code    22  monitor_can.o(i.MonAirLLDPara1Reply)
    MonAirLLDPara2                           0x0800337d   Thumb Code    36  monitor_can.o(i.MonAirLLDPara2)
    MonAirLLDPara2Reply                      0x080033a1   Thumb Code    20  monitor_can.o(i.MonAirLLDPara2Reply)
    MonAirLLDPara3                           0x080033b5   Thumb Code    36  monitor_can.o(i.MonAirLLDPara3)
    MonAirLLDPara3Reply                      0x080033d9   Thumb Code    20  monitor_can.o(i.MonAirLLDPara3Reply)
    MonAirLLDPara4                           0x080033ed   Thumb Code    36  monitor_can.o(i.MonAirLLDPara4)
    MonAirLLDPara4Reply                      0x08003411   Thumb Code    20  monitor_can.o(i.MonAirLLDPara4Reply)
    MonAirLLDPara5                           0x08003425   Thumb Code    36  monitor_can.o(i.MonAirLLDPara5)
    MonAirLLDPara5Reply                      0x08003449   Thumb Code    20  monitor_can.o(i.MonAirLLDPara5Reply)
    MonAnalyseCanMess                        0x0800345d   Thumb Code   438  monitor_can.o(i.MonAnalyseCanMess)
    MonCapLLDPara1                           0x08003619   Thumb Code    36  monitor_can.o(i.MonCapLLDPara1)
    MonCapLLDPara1Reply                      0x0800363d   Thumb Code    20  monitor_can.o(i.MonCapLLDPara1Reply)
    MonCapLLDPara3                           0x08003651   Thumb Code    36  monitor_can.o(i.MonCapLLDPara3)
    MonCapLLDPara3Reply                      0x08003675   Thumb Code    20  monitor_can.o(i.MonCapLLDPara3Reply)
    MonConfigAirSen                          0x08003689   Thumb Code    14  monitor_can.o(i.MonConfigAirSen)
    MonConfigAirSenReply                     0x08003697   Thumb Code    20  monitor_can.o(i.MonConfigAirSenReply)
    MonFillSendBuff                          0x080036ad   Thumb Code    82  monitor_can.o(i.MonFillSendBuff)
    MonOperateIO                             0x08003705   Thumb Code    14  monitor_can.o(i.MonOperateIO)
    MonOperateIOReply                        0x08003713   Thumb Code    20  monitor_can.o(i.MonOperateIOReply)
    MonRWpara                                0x08003729   Thumb Code    46  monitor_can.o(i.MonRWpara)
    MonRWparaReply                           0x0800375d   Thumb Code    20  monitor_can.o(i.MonRWparaReply)
    MonRead204                               0x08003771   Thumb Code    14  monitor_can.o(i.MonRead204)
    MonRead204Reply                          0x0800377f   Thumb Code     6  monitor_can.o(i.MonRead204Reply)
    MonRead205                               0x08003785   Thumb Code    14  monitor_can.o(i.MonRead205)
    MonRead205Reply                          0x08003793   Thumb Code     6  monitor_can.o(i.MonRead205Reply)
    MonRead206                               0x08003799   Thumb Code    14  monitor_can.o(i.MonRead206)
    MonRead206Reply                          0x080037a7   Thumb Code     6  monitor_can.o(i.MonRead206Reply)
    MonRead208                               0x080037ad   Thumb Code    14  monitor_can.o(i.MonRead208)
    MonRead208Reply                          0x080037bb   Thumb Code     6  monitor_can.o(i.MonRead208Reply)
    MonReadAirVal                            0x080037c1   Thumb Code    36  monitor_can.o(i.MonReadAirVal)
    MonReadAirValReply                       0x080037e5   Thumb Code    20  monitor_can.o(i.MonReadAirValReply)
    MonReadCapVal                            0x080037f9   Thumb Code    36  monitor_can.o(i.MonReadCapVal)
    MonReadCapValReply                       0x0800381d   Thumb Code    20  monitor_can.o(i.MonReadCapValReply)
    MonReadLLD                               0x08003831   Thumb Code    14  monitor_can.o(i.MonReadLLD)
    MonReadLLDReply                          0x08003841   Thumb Code    44  monitor_can.o(i.MonReadLLDReply)
    MonReadSoftWareName                      0x08003875   Thumb Code    34  monitor_can.o(i.MonReadSoftWareName)
    MonReadSoftWareNameReply                 0x08003897   Thumb Code    20  monitor_can.o(i.MonReadSoftWareNameReply)
    MonReadSoftWareVer                       0x080038ab   Thumb Code    14  monitor_can.o(i.MonReadSoftWareVer)
    MonReadSoftWareVerReply                  0x080038b9   Thumb Code    20  monitor_can.o(i.MonReadSoftWareVerReply)
    MonSelectSen                             0x080038cd   Thumb Code    36  monitor_can.o(i.MonSelectSen)
    MonSelectSenReply                        0x080038f1   Thumb Code    20  monitor_can.o(i.MonSelectSenReply)
    MonSendCanMess                           0x08003905   Thumb Code   452  monitor_can.o(i.MonSendCanMess)
    MonTemp                                  0x08003acd   Thumb Code    14  monitor_can.o(i.MonTemp)
    MonTempReply                             0x08003adb   Thumb Code    22  monitor_can.o(i.MonTempReply)
    MotorMoveUpAndDown                       0x08003af1   Thumb Code   202  app_misc.o(i.MotorMoveUpAndDown)
    MotorTimerInit                           0x08003bc9   Thumb Code    16  bsp_timer.o(i.MotorTimerInit)
    MotorTimerPWMStop                        0x08003c05   Thumb Code    20  bsp_timer.o(i.MotorTimerPWMStop)
    NMI_Handler                              0x08003c1d   Thumb Code     2  stm32f10x_it.o(i.NMI_Handler)
    NVIC_Init                                0x08003c21   Thumb Code   100  misc.o(i.NVIC_Init)
    NVIC_PriorityGroupConfig                 0x08003c91   Thumb Code    10  misc.o(i.NVIC_PriorityGroupConfig)
    ParaCallBackFun                          0x08003ca5   Thumb Code     2  storage.o(i.ParaCallBackFun)
    ParaConfig                               0x08003ca7   Thumb Code     8  storage.o(i.ParaConfig)
    ParaInit                                 0x08003cb1   Thumb Code   492  storage.o(i.ParaInit)
    QueueLoopCanInsert                       0x08003ea5   Thumb Code    90  monitor_can.o(i.QueueLoopCanInsert)
    QueueLoopCanPop                          0x08003eff   Thumb Code    80  monitor_can.o(i.QueueLoopCanPop)
    QueueLoopClear                           0x08003f4f   Thumb Code    14  bsp_lib.o(i.QueueLoopClear)
    QueueLoopInit                            0x08003f5d   Thumb Code    24  bsp_lib.o(i.QueueLoopInit)
    QueueLoopIsFull                          0x08003f75   Thumb Code    38  bsp_lib.o(i.QueueLoopIsFull)
    RCC_ADCCLKConfig                         0x08003f9d   Thumb Code    18  stm32f10x_rcc.o(i.RCC_ADCCLKConfig)
    RCC_APB1PeriphClockCmd                   0x08003fb5   Thumb Code    26  stm32f10x_rcc.o(i.RCC_APB1PeriphClockCmd)
    RCC_APB1PeriphResetCmd                   0x08003fd5   Thumb Code    26  stm32f10x_rcc.o(i.RCC_APB1PeriphResetCmd)
    RCC_APB2PeriphClockCmd                   0x08003ff5   Thumb Code    26  stm32f10x_rcc.o(i.RCC_APB2PeriphClockCmd)
    RCC_APB2PeriphResetCmd                   0x08004015   Thumb Code    26  stm32f10x_rcc.o(i.RCC_APB2PeriphResetCmd)
    RCC_GetClocksFreq                        0x08004035   Thumb Code   192  stm32f10x_rcc.o(i.RCC_GetClocksFreq)
    ReadAirLLDPara1                          0x08004111   Thumb Code   140  liquid_level.o(i.ReadAirLLDPara1)
    ReadAirLLDPara2                          0x080041a1   Thumb Code    70  liquid_level.o(i.ReadAirLLDPara2)
    ReadAirLLDPara3                          0x080041ed   Thumb Code    42  liquid_level.o(i.ReadAirLLDPara3)
    ReadAirLLDPara4                          0x0800421d   Thumb Code    42  liquid_level.o(i.ReadAirLLDPara4)
    ReadAirLLDPara5                          0x0800424d   Thumb Code    42  liquid_level.o(i.ReadAirLLDPara5)
    ReadAirMapVal                            0x0800427d   Thumb Code    50  liquid_level.o(i.ReadAirMapVal)
    ReadAirSenReg                            0x080042b9   Thumb Code     6  liquid_level.o(i.ReadAirSenReg)
    ReadCLLDPara1                            0x080042c1   Thumb Code    14  liquid_level.o(i.ReadCLLDPara1)
    ReadCLLDPara3                            0x080042d5   Thumb Code    48  liquid_level.o(i.ReadCLLDPara3)
    ReadCapMapVal                            0x08004309   Thumb Code    46  liquid_level.o(i.ReadCapMapVal)
    ReadLLDResult                            0x08004341   Thumb Code    12  liquid_level.o(i.ReadLLDResult)
    ReadMemPage                              0x08004351   Thumb Code   374  m_storage.o(i.ReadMemPage)
    ReadSelectSen                            0x080044c9   Thumb Code    44  liquid_level.o(i.ReadSelectSen)
    ReadSoftWareName                         0x080044fd   Thumb Code   132  app_misc.o(i.ReadSoftWareName)
    ReadSoftWareNameIns                      0x08004589   Thumb Code    18  app_misc.o(i.ReadSoftWareNameIns)
    ReadSoftWareVer                          0x080045a1   Thumb Code    32  app_misc.o(i.ReadSoftWareVer)
    ReadTemp                                 0x080045c5   Thumb Code    76  gpio.o(i.ReadTemp)
    ReadUsePara                              0x08004615   Thumb Code    26  liquid_level.o(i.ReadUsePara)
    ReleaseIIC                               0x08004635   Thumb Code   102  bsp_i2c_gpio.o(i.ReleaseIIC)
    STMFLASH_Read                            0x0800469b   Thumb Code    38  bsp_flash.o(i.STMFLASH_Read)
    STMFLASH_ReadHalfWord                    0x080046c1   Thumb Code     6  bsp_flash.o(i.STMFLASH_ReadHalfWord)
    STMFLASH_SeqRead                         0x080046c7   Thumb Code    94  bsp_flash.o(i.STMFLASH_SeqRead)
    STMFLASH_SeqWrite                        0x08004725   Thumb Code   142  bsp_flash.o(i.STMFLASH_SeqWrite)
    STMFLASH_Write_NoCheck                   0x080047b9   Thumb Code    46  bsp_flash.o(i.STMFLASH_Write_NoCheck)
    SVC_Handler                              0x080047e7   Thumb Code     2  stm32f10x_it.o(i.SVC_Handler)
    SWSysTimer                               0x080047e9   Thumb Code    32  app.o(i.SWSysTimer)
    SWSysTimerAdd                            0x08004811   Thumb Code    44  bsp_timer.o(i.SWSysTimerAdd)
    SWTimer10ms                              0x08004841   Thumb Code    30  app.o(i.SWTimer10ms)
    SetMemPageErr                            0x0800485f   Thumb Code    68  m_storage.o(i.SetMemPageErr)
    SetPara16                                0x080048a3   Thumb Code    24  storage.o(i.SetPara16)
    SmoothPipeline32                         0x080049a5   Thumb Code    38  bsp_lib.o(i.SmoothPipeline32)
    SysEventAlloc                            0x080049cd   Thumb Code    16  event.o(i.SysEventAlloc)
    SysEventPut                              0x080049e1   Thumb Code    68  event.o(i.SysEventPut)
    SysTick_Handler                          0x08004a35   Thumb Code    16  stm32f10x_it.o(i.SysTick_Handler)
    SystemInit                               0x08004a45   Thumb Code    78  system_stm32f10x.o(i.SystemInit)
    TIM2_IRQHandler                          0x08004aa5   Thumb Code    40  stm32f10x_it.o(i.TIM2_IRQHandler)
    TIM3_Configuration                       0x08004ad1   Thumb Code   116  bsp_timer.o(i.TIM3_Configuration)
    TIM3_GPIO_Config                         0x08004b49   Thumb Code    54  bsp_timer.o(i.TIM3_GPIO_Config)
    TIM3_IRQHandler                          0x08004b89   Thumb Code    92  stm32f10x_it.o(i.TIM3_IRQHandler)
    TIM_ClearFlag                            0x08004bed   Thumb Code     6  stm32f10x_tim.o(i.TIM_ClearFlag)
    TIM_ClearITPendingBit                    0x08004bf3   Thumb Code     6  stm32f10x_tim.o(i.TIM_ClearITPendingBit)
    TIM_Cmd                                  0x08004bf9   Thumb Code    24  stm32f10x_tim.o(i.TIM_Cmd)
    TIM_GetITStatus                          0x08004c11   Thumb Code    34  stm32f10x_tim.o(i.TIM_GetITStatus)
    TIM_ITConfig                             0x08004c33   Thumb Code    18  stm32f10x_tim.o(i.TIM_ITConfig)
    TIM_OC2Init                              0x08004c45   Thumb Code   154  stm32f10x_tim.o(i.TIM_OC2Init)
    TIM_OC2PreloadConfig                     0x08004ce9   Thumb Code    26  stm32f10x_tim.o(i.TIM_OC2PreloadConfig)
    TIM_TimeBaseInit                         0x08004d05   Thumb Code   122  stm32f10x_tim.o(i.TIM_TimeBaseInit)
    TMC2209_Init                             0x08004da9   Thumb Code    70  tmc2209.o(i.TMC2209_Init)
    TMC2209_ReadWriteArray                   0x08004e01   Thumb Code    20  tmc2209.o(i.TMC2209_ReadWriteArray)
    TMC2209_WriteInt                         0x08004e15   Thumb Code    88  tmc2209.o(i.TMC2209_WriteInt)
    TempNTC                                  0x08004e71   Thumb Code    64  gpio.o(i.TempNTC)
    TimeDiff                                 0x08004ebd   Thumb Code    14  tmc_uart.o(i.TimeDiff)
    TimeSince                                0x08004ecb   Thumb Code    18  tmc_uart.o(i.TimeSince)
    UART_ReadWrite                           0x08004edd   Thumb Code    82  tmc_uart.o(i.UART_ReadWrite)
    USART1_IRQHandler                        0x08004f31   Thumb Code   194  tmc_uart.o(i.USART1_IRQHandler)
    USART2_IRQHandler                        0x08005005   Thumb Code    40  stm32f10x_it.o(i.USART2_IRQHandler)
    USART_ClearFlag                          0x08005035   Thumb Code    18  stm32f10x_usart.o(i.USART_ClearFlag)
    USART_ClearITPendingBit                  0x08005047   Thumb Code    30  stm32f10x_usart.o(i.USART_ClearITPendingBit)
    USART_Cmd                                0x08005065   Thumb Code    24  stm32f10x_usart.o(i.USART_Cmd)
    USART_DeInit                             0x0800507d   Thumb Code   134  stm32f10x_usart.o(i.USART_DeInit)
    USART_GetITStatus                        0x08005119   Thumb Code    84  stm32f10x_usart.o(i.USART_GetITStatus)
    USART_ITConfig                           0x0800516d   Thumb Code    74  stm32f10x_usart.o(i.USART_ITConfig)
    USART_Init                               0x080051b9   Thumb Code   210  stm32f10x_usart.o(i.USART_Init)
    USART_ReceiveData                        0x08005291   Thumb Code    10  stm32f10x_usart.o(i.USART_ReceiveData)
    USB_LP_CAN1_RX0_IRQHandler               0x0800529b   Thumb Code    16  stm32f10x_it.o(i.USB_LP_CAN1_RX0_IRQHandler)
    Uart_Init                                0x080052ad   Thumb Code   230  tmc_uart.o(i.Uart_Init)
    UsageFault_Handler                       0x0800539d   Thumb Code     4  stm32f10x_it.o(i.UsageFault_Handler)
    UsartIRQReceiveHandler                   0x080053a1   Thumb Code    34  m_usart.o(i.UsartIRQReceiveHandler)
    Wait                                     0x080053c3   Thumb Code    24  tmc_uart.o(i.Wait)
    WriteAirLLDPara1                         0x080053dd   Thumb Code   140  liquid_level.o(i.WriteAirLLDPara1)
    WriteAirLLDPara2                         0x0800546d   Thumb Code   118  liquid_level.o(i.WriteAirLLDPara2)
    WriteAirLLDPara3                         0x080054ed   Thumb Code   118  liquid_level.o(i.WriteAirLLDPara3)
    WriteAirLLDPara4                         0x0800556d   Thumb Code   118  liquid_level.o(i.WriteAirLLDPara4)
    WriteAirLLDPara5                         0x080055ed   Thumb Code   118  liquid_level.o(i.WriteAirLLDPara5)
    WriteAirMapVal                           0x0800566d   Thumb Code     6  liquid_level.o(i.WriteAirMapVal)
    WriteCLLDPara1                           0x08005675   Thumb Code    36  liquid_level.o(i.WriteCLLDPara1)
    WriteCLLDPara3                           0x0800569d   Thumb Code   188  liquid_level.o(i.WriteCLLDPara3)
    WriteCapMapVal                           0x08005761   Thumb Code     6  liquid_level.o(i.WriteCapMapVal)
    WriteSeleSen                             0x08005769   Thumb Code    36  liquid_level.o(i.WriteSeleSen)
    WriteUsePara                             0x08005791   Thumb Code    60  liquid_level.o(i.WriteUsePara)
    __rt_ffs                                 0x080057d1   Thumb Code    70  kservice.o(i.__rt_ffs)
    __scatterload_copy                       0x0800581d   Thumb Code    14  handlers.o(i.__scatterload_copy)
    __scatterload_null                       0x0800582b   Thumb Code     2  handlers.o(i.__scatterload_null)
    __scatterload_zeroinit                   0x0800582d   Thumb Code    14  handlers.o(i.__scatterload_zeroinit)
    i2c2_CfgGpio                             0x080059a5   Thumb Code    40  bsp_i2c_gpio.o(i.i2c2_CfgGpio)
    i2c_Delay                                0x080059d1   Thumb Code    14  bsp_i2c_gpio.o(i.i2c_Delay)
    i2c_Stop                                 0x080059df   Thumb Code    28  bsp_i2c_gpio.o(i.i2c_Stop)
    $Super$$main                             0x080059fd   Thumb Code   144  main.o(i.main)
    main_thread_entry                        0x08005add   Thumb Code    14  components.o(i.main_thread_entry)
    rt_application_init                      0x08005b65   Thumb Code    32  components.o(i.rt_application_init)
    rt_components_board_init                 0x08005b91   Thumb Code    20  components.o(i.rt_components_board_init)
    rt_components_init                       0x08005bad   Thumb Code    20  components.o(i.rt_components_init)
    rt_enter_critical                        0x08005bc9   Thumb Code    28  scheduler.o(i.rt_enter_critical)
    rt_exit_critical                         0x08005be9   Thumb Code    60  scheduler.o(i.rt_exit_critical)
    rt_free                                  0x08005c2d   Thumb Code    98  mem.o(i.rt_free)
    rt_heap_begin_get                        0x08005ca5   Thumb Code     4  board.o(i.rt_heap_begin_get)
    rt_heap_end_get                          0x08005cad   Thumb Code     4  board.o(i.rt_heap_end_get)
    rt_hw_board_init                         0x08005cb5   Thumb Code   172  board.o(i.rt_hw_board_init)
    rt_hw_hard_fault_exception               0x08005d71   Thumb Code    32  cpuport.o(i.rt_hw_hard_fault_exception)
    rt_hw_stack_init                         0x08005d95   Thumb Code    70  cpuport.o(i.rt_hw_stack_init)
    rt_interrupt_enter                       0x08005de1   Thumb Code    26  irq.o(i.rt_interrupt_enter)
    rt_interrupt_leave                       0x08005e01   Thumb Code    26  irq.o(i.rt_interrupt_leave)
    rt_malloc                                0x08005f55   Thumb Code   336  mem.o(i.rt_malloc)
    rt_memset                                0x080060c1   Thumb Code    72  kservice.o(i.rt_memset)
    rt_object_allocate                       0x08006109   Thumb Code    84  object.o(i.rt_object_allocate)
    rt_object_delete                         0x0800615d   Thumb Code    36  object.o(i.rt_object_delete)
    rt_object_detach                         0x08006181   Thumb Code    30  object.o(i.rt_object_detach)
    rt_object_get_information                0x080061a1   Thumb Code    36  object.o(i.rt_object_get_information)
    rt_object_init                           0x080061c9   Thumb Code    86  object.o(i.rt_object_init)
    rt_object_is_systemobject                0x0800621f   Thumb Code    18  object.o(i.rt_object_is_systemobject)
    rt_schedule                              0x08006231   Thumb Code   106  scheduler.o(i.rt_schedule)
    rt_schedule_insert_thread                0x080062b5   Thumb Code    72  scheduler.o(i.rt_schedule_insert_thread)
    rt_schedule_remove_thread                0x08006305   Thumb Code    76  scheduler.o(i.rt_schedule_remove_thread)
    rt_sem_init                              0x08006359   Thumb Code    38  ipc.o(i.rt_sem_init)
    rt_sem_release                           0x0800637f   Thumb Code    82  ipc.o(i.rt_sem_release)
    rt_sem_take                              0x080063d1   Thumb Code   116  ipc.o(i.rt_sem_take)
    rt_show_version                          0x08006445   Thumb Code     2  kservice.o(i.rt_show_version)
    rt_strncpy                               0x08006447   Thumb Code    52  kservice.o(i.rt_strncpy)
    rt_system_heap_init                      0x0800647d   Thumb Code   146  mem.o(i.rt_system_heap_init)
    rt_system_scheduler_init                 0x0800652d   Thumb Code    52  scheduler.o(i.rt_system_scheduler_init)
    rt_system_scheduler_start                0x08006579   Thumb Code    36  scheduler.o(i.rt_system_scheduler_start)
    rt_system_timer_init                     0x080065a9   Thumb Code    24  timer.o(i.rt_system_timer_init)
    rt_system_timer_thread_init              0x080065c5   Thumb Code     2  timer.o(i.rt_system_timer_thread_init)
    rt_thread_create                         0x080065c7   Thumb Code    80  thread.o(i.rt_thread_create)
    rt_thread_delay                          0x08006617   Thumb Code    12  thread.o(i.rt_thread_delay)
    rt_thread_exit                           0x08006625   Thumb Code    78  thread.o(i.rt_thread_exit)
    rt_thread_idle_excute                    0x08006685   Thumb Code    92  idle.o(i.rt_thread_idle_excute)
    rt_thread_idle_init                      0x080066e5   Thumb Code    38  idle.o(i.rt_thread_idle_init)
    rt_thread_init                           0x08006721   Thumb Code    52  thread.o(i.rt_thread_init)
    rt_thread_resume                         0x08006755   Thumb Code    60  thread.o(i.rt_thread_resume)
    rt_thread_self                           0x08006791   Thumb Code     6  thread.o(i.rt_thread_self)
    rt_thread_sleep                          0x0800679d   Thumb Code    62  thread.o(i.rt_thread_sleep)
    rt_thread_startup                        0x080067e1   Thumb Code    44  thread.o(i.rt_thread_startup)
    rt_thread_suspend                        0x0800680d   Thumb Code    68  thread.o(i.rt_thread_suspend)
    rt_thread_timeout                        0x08006851   Thumb Code    32  thread.o(i.rt_thread_timeout)
    rt_thread_yield                          0x08006871   Thumb Code    92  thread.o(i.rt_thread_yield)
    rt_tick_get                              0x080068d5   Thumb Code     6  clock.o(i.rt_tick_get)
    rt_tick_increase                         0x080068e1   Thumb Code    42  clock.o(i.rt_tick_increase)
    rt_timer_check                           0x08006911   Thumb Code   160  timer.o(i.rt_timer_check)
    rt_timer_control                         0x080069b5   Thumb Code    98  timer.o(i.rt_timer_control)
    rt_timer_detach                          0x08006a17   Thumb Code    40  timer.o(i.rt_timer_detach)
    rt_timer_init                            0x08006a3f   Thumb Code    46  timer.o(i.rt_timer_init)
    rt_timer_start                           0x08006a6d   Thumb Code   226  timer.o(i.rt_timer_start)
    rt_timer_stop                            0x08006b59   Thumb Code    48  timer.o(i.rt_timer_stop)
    rtthread_startup                         0x08006b99   Thumb Code    42  components.o(i.rtthread_startup)
    tmc_CRC8                                 0x08006c39   Thumb Code    80  crc.o(i.tmc_CRC8)
    tmc_fillCRC8Table                        0x08006c8d   Thumb Code   206  crc.o(i.tmc_fillCRC8Table)
    SoftWareName                             0x08006dbc   Data          24  bsp_misc.o(.constdata)
    SoftWareVer                              0x08006dd4   Data           8  bsp_misc.o(.constdata)
    StorageParaTab                           0x08006ddc   Data         108  storage.o(.constdata)
    __lowest_bit_bitmap                      0x08007180   Data         256  kservice.o(.constdata)
    __rt_init_rti_start                      0x080072a4   Data           4  components.o(.rti_fn.0)
    __rt_init_rti_board_start                0x080072a8   Data           4  components.o(.rti_fn.0.end)
    __rt_init_rti_board_end                  0x080072ac   Data           4  components.o(.rti_fn.1.end)
    __rt_init_rti_end                        0x080072b0   Data           4  components.o(.rti_fn.6.end)
    Region$$Table$$Base                      0x080072b4   Number         0  anon$$obj.o(Region$$Table)
    Region$$Table$$Limit                     0x080072d4   Number         0  anon$$obj.o(Region$$Table)
    SystemCoreClock                          0x20000000   Data           4  system_stm32f10x.o(.data)
    AHBPrescTable                            0x20000004   Data          16  system_stm32f10x.o(.data)
    SoftSys                                  0x2000002c   Data           4  app_misc.o(.data)
    LLDMan                                   0x20000030   Data           2  liquid_level.o(.data)
    cap_offset                               0x20000034   Data           4  liquid_level.o(.data)
    air_offset                               0x20000038   Data           2  liquid_level.o(.data)
    DIMan                                    0x2000003a   Data           3  gpio.o(.data)
    SysEventHead                             0x20000040   Data           8  event.o(.data)
    SysEventTail                             0x20000048   Data           8  event.o(.data)
    SysEventFreeList                         0x20000050   Data           4  event.o(.data)
    SysEventCount                            0x20000054   Data           1  event.o(.data)
    rt_interrupt_nest                        0x20000074   Data           1  irq.o(.data)
    rt_thread_ready_priority_group           0x200000d0   Data           4  scheduler.o(.data)
    rt_current_thread                        0x200000d8   Data           4  scheduler.o(.data)
    rt_current_priority                      0x200000dc   Data           1  scheduler.o(.data)
    rt_thread_defunct                        0x200000e0   Data           8  scheduler.o(.data)
    rt_interrupt_from_thread                 0x200000f4   Data           4  cpuport.o(.data)
    rt_interrupt_to_thread                   0x200000f8   Data           4  cpuport.o(.data)
    rt_thread_switch_interrupt_flag          0x200000fc   Data           4  cpuport.o(.data)
    GPIOIIC                                  0x20000104   Data          48  bsp_i2c_gpio.o(.bss)
    SWSysTimeTick                            0x20000134   Data          12  bsp_timer.o(.bss)
    STMFlash                                 0x20000140   Data        1024  bsp_flash.o(.bss)
    StorageMan                               0x20000540   Data         120  m_storage.o(.bss)
    wdog_tcb                                 0x200005b8   Data         120  main.o(.bss)
    SWSysTimer_tcb                           0x20000630   Data         120  main.o(.bss)
    SWTimer10ms_tcb                          0x200006a8   Data         120  main.o(.bss)
    comm_monitor_tcb                         0x20000720   Data         120  main.o(.bss)
    rt_wdog_stk                              0x20000798   Data         128  main.o(.bss)
    rt_SWSysTimer_stk                        0x20000818   Data         128  main.o(.bss)
    rt_SWTimer10ms_stk                       0x20000898   Data         512  main.o(.bss)
    rt_comm_monitor_stk                      0x20000a98   Data         512  main.o(.bss)
    MotorCtr                                 0x20001c98   Data          16  app_misc.o(.bss)
    MonCan                                   0x20001ca8   Data         152  monitor_can.o(.bss)
    ModbusMon                                0x20001d40   Data         344  monitor_usart.o(.bss)
    UserPara                                 0x20001e98   Data         248  storage.o(.bss)
    Storage                                  0x20001f90   Data          16  storage.o(.bss)
    CapSenPara                               0x20001fa0   Data         296  liquid_level.o(.bss)
    AirSenPara                               0x200020c8   Data         408  liquid_level.o(.bss)
    CapDataDis                               0x20002260   Data         300  liquid_level.o(.bss)
    AirDataDis                               0x2000238c   Data         300  liquid_level.o(.bss)
    TempSensor                               0x200024b8   Data          80  gpio.o(.bss)
    DipSW                                    0x20002508   Data          12  gpio.o(.bss)
    CRCTables                                0x20002534   Data         516  crc.o(.bss)
    g_tTMC2209                               0x20002738   Data         653  tmc2209.o(.bss)
    rt_thread_priority_table                 0x20002b60   Data          64  scheduler.o(.bss)
    __initial_sp                             0x20002fa0   Data           0  startup_stm32f10x_md.o(STACK)



==============================================================================

Memory Map of the image

  Image Entry point : 0x080000ed

  Load Region LR_IROM1 (Base: 0x08000000, Size: 0x000073d8, Max: 0x00010000, ABSOLUTE)

    Execution Region ER_IROM1 (Exec base: 0x08000000, Load base: 0x08000000, Size: 0x000072d4, Max: 0x00010000, ABSOLUTE)

    Exec Addr    Load Addr    Size         Type   Attr      Idx    E Section Name        Object

    0x08000000   0x08000000   0x000000ec   Data   RO            3    RESET               startup_stm32f10x_md.o
    0x080000ec   0x080000ec   0x00000000   Code   RO         6541  * .ARM.Collect$$$$00000000  mc_w.l(entry.o)
    0x080000ec   0x080000ec   0x00000004   Code   RO         6827    .ARM.Collect$$$$00000001  mc_w.l(entry2.o)
    0x080000f0   0x080000f0   0x00000004   Code   RO         6830    .ARM.Collect$$$$00000004  mc_w.l(entry5.o)
    0x080000f4   0x080000f4   0x00000000   Code   RO         6832    .ARM.Collect$$$$00000008  mc_w.l(entry7b.o)
    0x080000f4   0x080000f4   0x00000000   Code   RO         6834    .ARM.Collect$$$$0000000A  mc_w.l(entry8b.o)
    0x080000f4   0x080000f4   0x00000008   Code   RO         6835    .ARM.Collect$$$$0000000B  mc_w.l(entry9a.o)
    0x080000fc   0x080000fc   0x00000004   Code   RO         6842    .ARM.Collect$$$$0000000E  mc_w.l(entry12b.o)
    0x08000100   0x08000100   0x00000000   Code   RO         6837    .ARM.Collect$$$$0000000F  mc_w.l(entry10a.o)
    0x08000100   0x08000100   0x00000000   Code   RO         6839    .ARM.Collect$$$$00000011  mc_w.l(entry11a.o)
    0x08000100   0x08000100   0x00000004   Code   RO         6828    .ARM.Collect$$$$00002712  mc_w.l(entry2.o)
    0x08000104   0x08000104   0x00000024   Code   RO            4    .text               startup_stm32f10x_md.o
    0x08000128   0x08000128   0x000000f4   Code   RO         6498    .text               context_rvds.o
    0x0800021c   0x0800021c   0x00000040   Code   RO         6546    .text               mc_w.l(memmovea.o)
    0x0800025c   0x0800025c   0x000000b0   Code   RO         6815    .text               mf_w.l(fadd.o)
    0x0800030c   0x0800030c   0x00000064   Code   RO         6817    .text               mf_w.l(fmul.o)
    0x08000370   0x08000370   0x00000012   Code   RO         6819    .text               mf_w.l(fflti.o)
    0x08000382   0x08000382   0x0000000a   Code   RO         6821    .text               mf_w.l(ffltui.o)
    0x0800038c   0x0800038c   0x00000032   Code   RO         6823    .text               mf_w.l(ffixi.o)
    0x080003be   0x080003be   0x00000028   Code   RO         6825    .text               mf_w.l(ffixui.o)
    0x080003e6   0x080003e6   0x00000000   Code   RO         6852    .text               mc_w.l(iusefp.o)
    0x080003e6   0x080003e6   0x0000006e   Code   RO         6853    .text               mf_w.l(fepilogue.o)
    0x08000454   0x08000454   0x00000024   Code   RO         6865    .text               mc_w.l(init.o)
    0x08000478   0x08000478   0x0000000a   Code   RO         5598    i.$Sub$$main        components.o
    0x08000482   0x08000482   0x00000002   PAD
    0x08000484   0x08000484   0x0000003c   Code   RO         4203    i.ADC1_2_IRQHandler  stm32f10x_it.o
    0x080004c0   0x080004c0   0x0000000a   Code   RO          182    i.ADC_ClearITPendingBit  stm32f10x_adc.o
    0x080004ca   0x080004ca   0x00000016   Code   RO          183    i.ADC_Cmd           stm32f10x_adc.o
    0x080004e0   0x080004e0   0x00000014   Code   RO          191    i.ADC_GetCalibrationStatus  stm32f10x_adc.o
    0x080004f4   0x080004f4   0x00000008   Code   RO          192    i.ADC_GetConversionValue  stm32f10x_adc.o
    0x080004fc   0x080004fc   0x00000024   Code   RO          195    i.ADC_GetITStatus   stm32f10x_adc.o
    0x08000520   0x08000520   0x00000014   Code   RO          197    i.ADC_GetResetCalibrationStatus  stm32f10x_adc.o
    0x08000534   0x08000534   0x00000018   Code   RO          200    i.ADC_ITConfig      stm32f10x_adc.o
    0x0800054c   0x0800054c   0x00000050   Code   RO          201    i.ADC_Init          stm32f10x_adc.o
    0x0800059c   0x0800059c   0x0000002a   Code   RO         3399    i.ADC_NVIC_Config   bsp_adc.o
    0x080005c6   0x080005c6   0x000000b8   Code   RO          205    i.ADC_RegularChannelConfig  stm32f10x_adc.o
    0x0800067e   0x0800067e   0x0000000a   Code   RO          206    i.ADC_ResetCalibration  stm32f10x_adc.o
    0x08000688   0x08000688   0x00000016   Code   RO          208    i.ADC_SoftwareStartConvCmd  stm32f10x_adc.o
    0x0800069e   0x0800069e   0x0000000a   Code   RO          210    i.ADC_StartCalibration  stm32f10x_adc.o
    0x080006a8   0x080006a8   0x00000024   Code   RO         3400    i.ADCx_GPIO_Config  bsp_adc.o
    0x080006cc   0x080006cc   0x00000010   Code   RO         3401    i.ADCx_Init         bsp_adc.o
    0x080006dc   0x080006dc   0x0000008c   Code   RO         3402    i.ADCx_Mode_Config  bsp_adc.o
    0x08000768   0x08000768   0x00000012   Code   RO         3108    i.Accumulation16    bsp_lib.o
    0x0800077a   0x0800077a   0x0000000e   Code   RO         3109    i.Accumulation32    bsp_lib.o
    0x08000788   0x08000788   0x0000000e   Code   RO         3110    i.Accumulation8     bsp_lib.o
    0x08000796   0x08000796   0x00000002   PAD
    0x08000798   0x08000798   0x000000f0   Code   RO         4854    i.AirSenInit        liquid_level.o
    0x08000888   0x08000888   0x0000001e   Code   RO         3111    i.Array32Clear      bsp_lib.o
    0x080008a6   0x080008a6   0x0000003e   Code   RO         3113    i.BSP_Crc8          bsp_lib.o
    0x080008e4   0x080008e4   0x00000066   Code   RO         3955    i.BSP_UartCommTimeHandler  m_usart.o
    0x0800094a   0x0800094a   0x00000004   Code   RO         4204    i.BusFault_Handler  stm32f10x_it.o
    0x0800094e   0x0800094e   0x00000018   Code   RO         3426    i.CAN_Config        bsp_can.o
    0x08000966   0x08000966   0x00000002   PAD
    0x08000968   0x08000968   0x00000038   Code   RO          481    i.CAN_DeInit        stm32f10x_can.o
    0x080009a0   0x080009a0   0x00000108   Code   RO          483    i.CAN_FilterInit    stm32f10x_can.o
    0x08000aa8   0x08000aa8   0x0000005e   Code   RO         3427    i.CAN_Filter_Config  bsp_can.o
    0x08000b06   0x08000b06   0x00000002   PAD
    0x08000b08   0x08000b08   0x00000050   Code   RO         3428    i.CAN_GPIO_Config   bsp_can.o
    0x08000b58   0x08000b58   0x00000012   Code   RO          489    i.CAN_ITConfig      stm32f10x_can.o
    0x08000b6a   0x08000b6a   0x00000114   Code   RO          490    i.CAN_Init          stm32f10x_can.o
    0x08000c7e   0x08000c7e   0x00000092   Code   RO         3429    i.CAN_Mode_Config   bsp_can.o
    0x08000d10   0x08000d10   0x000000b0   Code   RO         4371    i.CAN_MonInit       monitor_can.o
    0x08000dc0   0x08000dc0   0x0000002a   Code   RO         3430    i.CAN_NVIC_Config   bsp_can.o
    0x08000dea   0x08000dea   0x00000002   PAD
    0x08000dec   0x08000dec   0x00000014   Code   RO         4372    i.CAN_ParaInit      monitor_can.o
    0x08000e00   0x08000e00   0x000000f0   Code   RO          493    i.CAN_Receive       stm32f10x_can.o
    0x08000ef0   0x08000ef0   0x00000020   Code   RO          496    i.CAN_StructInit    stm32f10x_can.o
    0x08000f10   0x08000f10   0x00000126   Code   RO          498    i.CAN_Transmit      stm32f10x_can.o
    0x08001036   0x08001036   0x00000002   PAD
    0x08001038   0x08001038   0x000000d4   Code   RO         4373    i.CanIRQRecv        monitor_can.o
    0x0800110c   0x0800110c   0x0000009c   Code   RO         4374    i.CanMonComStage    monitor_can.o
    0x080011a8   0x080011a8   0x00000198   Code   RO         4859    i.CapSenChData      liquid_level.o
    0x08001340   0x08001340   0x00000030   Code   RO         4860    i.CapSenCheckDriveCurrent  liquid_level.o
    0x08001370   0x08001370   0x0000002c   Code   RO         4861    i.CapSenCheckRCOUNT  liquid_level.o
    0x0800139c   0x0800139c   0x00000034   Code   RO         4862    i.CapSenChlEn       liquid_level.o
    0x080013d0   0x080013d0   0x00000028   Code   RO         4863    i.CapSenChlSelect   liquid_level.o
    0x080013f8   0x080013f8   0x000001ac   Code   RO         4864    i.CapSenConfig      liquid_level.o
    0x080015a4   0x080015a4   0x000001b8   Code   RO         4865    i.CapSenDeteLiqLevel  liquid_level.o
    0x0800175c   0x0800175c   0x00000148   Code   RO         4866    i.CapSenInit        liquid_level.o
    0x080018a4   0x080018a4   0x0000006c   Code   RO         4867    i.CapSenReadChl     liquid_level.o
    0x08001910   0x08001910   0x00000024   Code   RO         4868    i.CapSenReadStatus  liquid_level.o
    0x08001934   0x08001934   0x00000030   Code   RO         4869    i.CapSenReset       liquid_level.o
    0x08001964   0x08001964   0x00000004   Code   RO         4870    i.CapSenResetDriveCurrent  liquid_level.o
    0x08001968   0x08001968   0x00000048   Code   RO         4871    i.CapSenResetRCOUNT  liquid_level.o
    0x080019b0   0x080019b0   0x00000050   Code   RO         4872    i.CapSenSleepEn     liquid_level.o
    0x08001a00   0x08001a00   0x000000f8   Code   RO         4873    i.CapSenSlideWind   liquid_level.o
    0x08001af8   0x08001af8   0x00000274   Code   RO         4874    i.CapSensor         liquid_level.o
    0x08001d6c   0x08001d6c   0x000000ca   Code   RO         4375    i.CheckFrame        monitor_can.o
    0x08001e36   0x08001e36   0x00000002   PAD
    0x08001e38   0x08001e38   0x00000018   Code   RO         5187    i.CheckPhotosensor  gpio.o
    0x08001e50   0x08001e50   0x00000018   Code   RO         3114    i.CheckUint16ParaValid  bsp_lib.o
    0x08001e68   0x08001e68   0x00000024   Code   RO         5367    i.Clear_TxRxBuffer  tmc_uart.o
    0x08001e8c   0x08001e8c   0x00000042   Code   RO         4064    i.ClrMemPageErr     m_storage.o
    0x08001ece   0x08001ece   0x00000002   PAD
    0x08001ed0   0x08001ed0   0x00000040   Code   RO         4290    i.CommMonitor       app.o
    0x08001f10   0x08001f10   0x00000002   Code   RO         4205    i.DebugMon_Handler  stm32f10x_it.o
    0x08001f12   0x08001f12   0x0000003a   Code   RO         5188    i.DipCheck          gpio.o
    0x08001f4c   0x08001f4c   0x000000f0   Code   RO         5189    i.DipSWCheck        gpio.o
    0x0800203c   0x0800203c   0x00000044   Code   RO         5190    i.DipSWInit         gpio.o
    0x08002080   0x08002080   0x00000028   Code   RO         4206    i.EXTI4_IRQHandler  stm32f10x_it.o
    0x080020a8   0x080020a8   0x0000000c   Code   RO          939    i.EXTI_ClearITPendingBit  stm32f10x_exti.o
    0x080020b4   0x080020b4   0x00000028   Code   RO          943    i.EXTI_GetITStatus  stm32f10x_exti.o
    0x080020dc   0x080020dc   0x00000094   Code   RO          944    i.EXTI_Init         stm32f10x_exti.o
    0x08002170   0x08002170   0x0000002a   Code   RO         3878    i.EXTI_NVIC_Config  bsp_gpio.o
    0x0800219a   0x0800219a   0x00000002   PAD
    0x0800219c   0x0800219c   0x00000024   Code   RO         5191    i.FDC2212SetAddr    gpio.o
    0x080021c0   0x080021c0   0x00000024   Code   RO         5192    i.FDC2212ShutDownInput  gpio.o
    0x080021e4   0x080021e4   0x0000000c   Code   RO          992    i.FLASH_ClearFlag   stm32f10x_flash.o
    0x080021f0   0x080021f0   0x0000004c   Code   RO          997    i.FLASH_ErasePage   stm32f10x_flash.o
    0x0800223c   0x0800223c   0x00000034   Code   RO          998    i.FLASH_GetBank1Status  stm32f10x_flash.o
    0x08002270   0x08002270   0x00000048   Code   RO         4771    i.FLASH_Init        storage.o
    0x080022b8   0x080022b8   0x00000014   Code   RO         1007    i.FLASH_Lock        stm32f10x_flash.o
    0x080022cc   0x080022cc   0x00000042   Code   RO         4772    i.FLASH_PageRead    storage.o
    0x0800230e   0x0800230e   0x00000042   Code   RO         4773    i.FLASH_PageWrite   storage.o
    0x08002350   0x08002350   0x00000040   Code   RO         1010    i.FLASH_ProgramHalfWord  stm32f10x_flash.o
    0x08002390   0x08002390   0x00000018   Code   RO         1015    i.FLASH_Unlock      stm32f10x_flash.o
    0x080023a8   0x080023a8   0x00000026   Code   RO         1019    i.FLASH_WaitForLastOperation  stm32f10x_flash.o
    0x080023ce   0x080023ce   0x00000002   PAD
    0x080023d0   0x080023d0   0x000001ac   Code   RO         3879    i.GPIO_Config       bsp_gpio.o
    0x0800257c   0x0800257c   0x00000040   Code   RO         1289    i.GPIO_EXTILineConfig  stm32f10x_gpio.o
    0x080025bc   0x080025bc   0x00000040   Code   RO         3544    i.GPIO_IIC2_Init    bsp_i2c_gpio.o
    0x080025fc   0x080025fc   0x00000116   Code   RO         1292    i.GPIO_Init         stm32f10x_gpio.o
    0x08002712   0x08002712   0x00000002   PAD
    0x08002714   0x08002714   0x00000090   Code   RO         1294    i.GPIO_PinRemapConfig  stm32f10x_gpio.o
    0x080027a4   0x080027a4   0x00000012   Code   RO         1296    i.GPIO_ReadInputDataBit  stm32f10x_gpio.o
    0x080027b6   0x080027b6   0x00000004   Code   RO         1299    i.GPIO_ResetBits    stm32f10x_gpio.o
    0x080027ba   0x080027ba   0x00000004   Code   RO         1300    i.GPIO_SetBits      stm32f10x_gpio.o
    0x080027be   0x080027be   0x00000010   Code   RO         3117    i.GenDelay_nop      bsp_lib.o
    0x080027ce   0x080027ce   0x00000002   PAD
    0x080027d0   0x080027d0   0x00000044   Code   RO         5193    i.GetTemperature    gpio.o
    0x08002814   0x08002814   0x00000024   Code   RO         3548    i.I2C2_SCL          bsp_i2c_gpio.o
    0x08002838   0x08002838   0x00000014   Code   RO         3549    i.I2C2_SDA_Read     bsp_i2c_gpio.o
    0x0800284c   0x0800284c   0x00000024   Code   RO         3550    i.I2C2_SDA_Write    bsp_i2c_gpio.o
    0x08002870   0x08002870   0x00000018   Code   RO         1401    i.I2C_AcknowledgeConfig  stm32f10x_i2c.o
    0x08002888   0x08002888   0x0000002a   Code   RO         1403    i.I2C_CheckEvent    stm32f10x_i2c.o
    0x080028b2   0x080028b2   0x00000018   Code   RO         1406    i.I2C_Cmd           stm32f10x_i2c.o
    0x080028ca   0x080028ca   0x00000002   PAD
    0x080028cc   0x080028cc   0x00000038   Code   RO         1409    i.I2C_DeInit        stm32f10x_i2c.o
    0x08002904   0x08002904   0x00000018   Code   RO         1413    i.I2C_GenerateSTART  stm32f10x_i2c.o
    0x0800291c   0x0800291c   0x00000018   Code   RO         1414    i.I2C_GenerateSTOP  stm32f10x_i2c.o
    0x08002934   0x08002934   0x0000003a   Code   RO         1415    i.I2C_GetFlagStatus  stm32f10x_i2c.o
    0x0800296e   0x0800296e   0x00000002   PAD
    0x08002970   0x08002970   0x000000ec   Code   RO         1420    i.I2C_Init          stm32f10x_i2c.o
    0x08002a5c   0x08002a5c   0x000001b4   Code   RO         3469    i.I2C_Mem_Read      bsp_iic.o
    0x08002c10   0x08002c10   0x00000138   Code   RO         3471    i.I2C_Mem_Write     bsp_iic.o
    0x08002d48   0x08002d48   0x00000008   Code   RO         1425    i.I2C_ReceiveData   stm32f10x_i2c.o
    0x08002d50   0x08002d50   0x00000012   Code   RO         1427    i.I2C_Send7bitAddress  stm32f10x_i2c.o
    0x08002d62   0x08002d62   0x00000004   Code   RO         1428    i.I2C_SendData      stm32f10x_i2c.o
    0x08002d66   0x08002d66   0x00000002   Code   RO         3472    i.I2C_TIMEOUT_UserCallback  bsp_iic.o
    0x08002d68   0x08002d68   0x00000034   Code   RO         3476    i.IIC2_GPIO_Config  bsp_iic.o
    0x08002d9c   0x08002d9c   0x0000000c   Code   RO         3477    i.IIC2_Init         bsp_iic.o
    0x08002da8   0x08002da8   0x00000044   Code   RO         3478    i.IIC2_Mode_Configu  bsp_iic.o
    0x08002dec   0x08002dec   0x00000018   Code   RO         3479    i.IIC2_Reset        bsp_iic.o
    0x08002e04   0x08002e04   0x00000024   Code   RO         3369    i.IWDG_Config       bsp_iwdg.o
    0x08002e28   0x08002e28   0x00000010   Code   RO         1604    i.IWDG_Enable       stm32f10x_iwdg.o
    0x08002e38   0x08002e38   0x0000000e   Code   RO         4291    i.IWDG_Feed         app.o
    0x08002e46   0x08002e46   0x00000002   PAD
    0x08002e48   0x08002e48   0x00000010   Code   RO         1606    i.IWDG_ReloadCounter  stm32f10x_iwdg.o
    0x08002e58   0x08002e58   0x0000000c   Code   RO         1607    i.IWDG_SetPrescaler  stm32f10x_iwdg.o
    0x08002e64   0x08002e64   0x0000000c   Code   RO         1608    i.IWDG_SetReload    stm32f10x_iwdg.o
    0x08002e70   0x08002e70   0x0000000c   Code   RO         1609    i.IWDG_WriteAccessCmd  stm32f10x_iwdg.o
    0x08002e7c   0x08002e7c   0x00000024   Code   RO         3431    i.Init_RxMes        bsp_can.o
    0x08002ea0   0x08002ea0   0x00000028   Code   RO         4875    i.LLDInit           liquid_level.o
    0x08002ec8   0x08002ec8   0x0000001c   Code   RO         5194    i.LLDMonReadIO      gpio.o
    0x08002ee4   0x08002ee4   0x000000f8   Code   RO         4876    i.LLDReslut         liquid_level.o
    0x08002fdc   0x08002fdc   0x00000024   Code   RO         5195    i.LLD_OutPutPulse   gpio.o
    0x08003000   0x08003000   0x0000004c   Code   RO         3118    i.LPF1              bsp_lib.o
    0x0800304c   0x0800304c   0x0000004c   Code   RO         3119    i.LPF2              bsp_lib.o
    0x08003098   0x08003098   0x00000044   Code   RO         4775    i.LimitPara         storage.o
    0x080030dc   0x080030dc   0x0000011a   Code   RO         4069    i.MemManInit        m_storage.o
    0x080031f6   0x080031f6   0x00000004   Code   RO         4207    i.MemManage_Handler  stm32f10x_it.o
    0x080031fa   0x080031fa   0x00000002   PAD
    0x080031fc   0x080031fc   0x00000144   Code   RO         5196    i.MidScan           gpio.o
    0x08003340   0x08003340   0x00000026   Code   RO         4376    i.MonAirLLDPara1    monitor_can.o
    0x08003366   0x08003366   0x00000016   Code   RO         4377    i.MonAirLLDPara1Reply  monitor_can.o
    0x0800337c   0x0800337c   0x00000024   Code   RO         4378    i.MonAirLLDPara2    monitor_can.o
    0x080033a0   0x080033a0   0x00000014   Code   RO         4379    i.MonAirLLDPara2Reply  monitor_can.o
    0x080033b4   0x080033b4   0x00000024   Code   RO         4380    i.MonAirLLDPara3    monitor_can.o
    0x080033d8   0x080033d8   0x00000014   Code   RO         4381    i.MonAirLLDPara3Reply  monitor_can.o
    0x080033ec   0x080033ec   0x00000024   Code   RO         4382    i.MonAirLLDPara4    monitor_can.o
    0x08003410   0x08003410   0x00000014   Code   RO         4383    i.MonAirLLDPara4Reply  monitor_can.o
    0x08003424   0x08003424   0x00000024   Code   RO         4384    i.MonAirLLDPara5    monitor_can.o
    0x08003448   0x08003448   0x00000014   Code   RO         4385    i.MonAirLLDPara5Reply  monitor_can.o
    0x0800345c   0x0800345c   0x000001bc   Code   RO         4386    i.MonAnalyseCanMess  monitor_can.o
    0x08003618   0x08003618   0x00000024   Code   RO         4387    i.MonCapLLDPara1    monitor_can.o
    0x0800363c   0x0800363c   0x00000014   Code   RO         4388    i.MonCapLLDPara1Reply  monitor_can.o
    0x08003650   0x08003650   0x00000024   Code   RO         4389    i.MonCapLLDPara3    monitor_can.o
    0x08003674   0x08003674   0x00000014   Code   RO         4390    i.MonCapLLDPara3Reply  monitor_can.o
    0x08003688   0x08003688   0x0000000e   Code   RO         4391    i.MonConfigAirSen   monitor_can.o
    0x08003696   0x08003696   0x00000014   Code   RO         4392    i.MonConfigAirSenReply  monitor_can.o
    0x080036aa   0x080036aa   0x00000002   PAD
    0x080036ac   0x080036ac   0x00000058   Code   RO         4393    i.MonFillSendBuff   monitor_can.o
    0x08003704   0x08003704   0x0000000e   Code   RO         4394    i.MonOperateIO      monitor_can.o
    0x08003712   0x08003712   0x00000014   Code   RO         4395    i.MonOperateIOReply  monitor_can.o
    0x08003726   0x08003726   0x00000002   PAD
    0x08003728   0x08003728   0x00000034   Code   RO         4396    i.MonRWpara         monitor_can.o
    0x0800375c   0x0800375c   0x00000014   Code   RO         4397    i.MonRWparaReply    monitor_can.o
    0x08003770   0x08003770   0x0000000e   Code   RO         4398    i.MonRead204        monitor_can.o
    0x0800377e   0x0800377e   0x00000006   Code   RO         4399    i.MonRead204Reply   monitor_can.o
    0x08003784   0x08003784   0x0000000e   Code   RO         4400    i.MonRead205        monitor_can.o
    0x08003792   0x08003792   0x00000006   Code   RO         4401    i.MonRead205Reply   monitor_can.o
    0x08003798   0x08003798   0x0000000e   Code   RO         4402    i.MonRead206        monitor_can.o
    0x080037a6   0x080037a6   0x00000006   Code   RO         4403    i.MonRead206Reply   monitor_can.o
    0x080037ac   0x080037ac   0x0000000e   Code   RO         4404    i.MonRead208        monitor_can.o
    0x080037ba   0x080037ba   0x00000006   Code   RO         4405    i.MonRead208Reply   monitor_can.o
    0x080037c0   0x080037c0   0x00000024   Code   RO         4406    i.MonReadAirVal     monitor_can.o
    0x080037e4   0x080037e4   0x00000014   Code   RO         4407    i.MonReadAirValReply  monitor_can.o
    0x080037f8   0x080037f8   0x00000024   Code   RO         4408    i.MonReadCapVal     monitor_can.o
    0x0800381c   0x0800381c   0x00000014   Code   RO         4409    i.MonReadCapValReply  monitor_can.o
    0x08003830   0x08003830   0x0000000e   Code   RO         4410    i.MonReadLLD        monitor_can.o
    0x0800383e   0x0800383e   0x00000002   PAD
    0x08003840   0x08003840   0x00000034   Code   RO         4411    i.MonReadLLDReply   monitor_can.o
    0x08003874   0x08003874   0x00000022   Code   RO         4412    i.MonReadSoftWareName  monitor_can.o
    0x08003896   0x08003896   0x00000014   Code   RO         4413    i.MonReadSoftWareNameReply  monitor_can.o
    0x080038aa   0x080038aa   0x0000000e   Code   RO         4414    i.MonReadSoftWareVer  monitor_can.o
    0x080038b8   0x080038b8   0x00000014   Code   RO         4415    i.MonReadSoftWareVerReply  monitor_can.o
    0x080038cc   0x080038cc   0x00000024   Code   RO         4416    i.MonSelectSen      monitor_can.o
    0x080038f0   0x080038f0   0x00000014   Code   RO         4417    i.MonSelectSenReply  monitor_can.o
    0x08003904   0x08003904   0x000001c8   Code   RO         4418    i.MonSendCanMess    monitor_can.o
    0x08003acc   0x08003acc   0x0000000e   Code   RO         4419    i.MonTemp           monitor_can.o
    0x08003ada   0x08003ada   0x00000016   Code   RO         4420    i.MonTempReply      monitor_can.o
    0x08003af0   0x08003af0   0x000000d8   Code   RO         4334    i.MotorMoveUpAndDown  app_misc.o
    0x08003bc8   0x08003bc8   0x00000010   Code   RO         3738    i.MotorTimerInit    bsp_timer.o
    0x08003bd8   0x08003bd8   0x0000002a   Code   RO         3739    i.MotorTimerNVIC_Config  bsp_timer.o
    0x08003c02   0x08003c02   0x00000002   PAD
    0x08003c04   0x08003c04   0x00000018   Code   RO         3741    i.MotorTimerPWMStop  bsp_timer.o
    0x08003c1c   0x08003c1c   0x00000002   Code   RO         4208    i.NMI_Handler       stm32f10x_it.o
    0x08003c1e   0x08003c1e   0x00000002   PAD
    0x08003c20   0x08003c20   0x00000070   Code   RO          137    i.NVIC_Init         misc.o
    0x08003c90   0x08003c90   0x00000014   Code   RO          138    i.NVIC_PriorityGroupConfig  misc.o
    0x08003ca4   0x08003ca4   0x00000002   Code   RO         4776    i.ParaCallBackFun   storage.o
    0x08003ca6   0x08003ca6   0x00000008   Code   RO         4777    i.ParaConfig        storage.o
    0x08003cae   0x08003cae   0x00000002   PAD
    0x08003cb0   0x08003cb0   0x000001f4   Code   RO         4778    i.ParaInit          storage.o
    0x08003ea4   0x08003ea4   0x0000005a   Code   RO         4421    i.QueueLoopCanInsert  monitor_can.o
    0x08003efe   0x08003efe   0x00000050   Code   RO         4422    i.QueueLoopCanPop   monitor_can.o
    0x08003f4e   0x08003f4e   0x0000000e   Code   RO         3120    i.QueueLoopClear    bsp_lib.o
    0x08003f5c   0x08003f5c   0x00000018   Code   RO         3122    i.QueueLoopInit     bsp_lib.o
    0x08003f74   0x08003f74   0x00000026   Code   RO         3124    i.QueueLoopIsFull   bsp_lib.o
    0x08003f9a   0x08003f9a   0x00000002   PAD
    0x08003f9c   0x08003f9c   0x00000018   Code   RO         1706    i.RCC_ADCCLKConfig  stm32f10x_rcc.o
    0x08003fb4   0x08003fb4   0x00000020   Code   RO         1708    i.RCC_APB1PeriphClockCmd  stm32f10x_rcc.o
    0x08003fd4   0x08003fd4   0x00000020   Code   RO         1709    i.RCC_APB1PeriphResetCmd  stm32f10x_rcc.o
    0x08003ff4   0x08003ff4   0x00000020   Code   RO         1710    i.RCC_APB2PeriphClockCmd  stm32f10x_rcc.o
    0x08004014   0x08004014   0x00000020   Code   RO         1711    i.RCC_APB2PeriphResetCmd  stm32f10x_rcc.o
    0x08004034   0x08004034   0x000000dc   Code   RO         1718    i.RCC_GetClocksFreq  stm32f10x_rcc.o
    0x08004110   0x08004110   0x00000090   Code   RO         4877    i.ReadAirLLDPara1   liquid_level.o
    0x080041a0   0x080041a0   0x0000004c   Code   RO         4878    i.ReadAirLLDPara2   liquid_level.o
    0x080041ec   0x080041ec   0x00000030   Code   RO         4879    i.ReadAirLLDPara3   liquid_level.o
    0x0800421c   0x0800421c   0x00000030   Code   RO         4880    i.ReadAirLLDPara4   liquid_level.o
    0x0800424c   0x0800424c   0x00000030   Code   RO         4881    i.ReadAirLLDPara5   liquid_level.o
    0x0800427c   0x0800427c   0x0000003c   Code   RO         4882    i.ReadAirMapVal     liquid_level.o
    0x080042b8   0x080042b8   0x00000006   Code   RO         4883    i.ReadAirSenReg     liquid_level.o
    0x080042be   0x080042be   0x00000002   PAD
    0x080042c0   0x080042c0   0x00000014   Code   RO         4884    i.ReadCLLDPara1     liquid_level.o
    0x080042d4   0x080042d4   0x00000034   Code   RO         4885    i.ReadCLLDPara3     liquid_level.o
    0x08004308   0x08004308   0x00000038   Code   RO         4886    i.ReadCapMapVal     liquid_level.o
    0x08004340   0x08004340   0x00000010   Code   RO         4888    i.ReadLLDResult     liquid_level.o
    0x08004350   0x08004350   0x00000176   Code   RO         4071    i.ReadMemPage       m_storage.o
    0x080044c6   0x080044c6   0x00000002   PAD
    0x080044c8   0x080044c8   0x00000034   Code   RO         4889    i.ReadSelectSen     liquid_level.o
    0x080044fc   0x080044fc   0x0000008c   Code   RO         4335    i.ReadSoftWareName  app_misc.o
    0x08004588   0x08004588   0x00000018   Code   RO         4336    i.ReadSoftWareNameIns  app_misc.o
    0x080045a0   0x080045a0   0x00000024   Code   RO         4337    i.ReadSoftWareVer   app_misc.o
    0x080045c4   0x080045c4   0x00000050   Code   RO         5197    i.ReadTemp          gpio.o
    0x08004614   0x08004614   0x00000020   Code   RO         4890    i.ReadUsePara       liquid_level.o
    0x08004634   0x08004634   0x00000066   Code   RO         3551    i.ReleaseIIC        bsp_i2c_gpio.o
    0x0800469a   0x0800469a   0x00000026   Code   RO         3898    i.STMFLASH_Read     bsp_flash.o
    0x080046c0   0x080046c0   0x00000006   Code   RO         3899    i.STMFLASH_ReadHalfWord  bsp_flash.o
    0x080046c6   0x080046c6   0x0000005e   Code   RO         3900    i.STMFLASH_SeqRead  bsp_flash.o
    0x08004724   0x08004724   0x00000094   Code   RO         3901    i.STMFLASH_SeqWrite  bsp_flash.o
    0x080047b8   0x080047b8   0x0000002e   Code   RO         3903    i.STMFLASH_Write_NoCheck  bsp_flash.o
    0x080047e6   0x080047e6   0x00000002   Code   RO         4209    i.SVC_Handler       stm32f10x_it.o
    0x080047e8   0x080047e8   0x00000028   Code   RO         4292    i.SWSysTimer        app.o
    0x08004810   0x08004810   0x00000030   Code   RO         3742    i.SWSysTimerAdd     bsp_timer.o
    0x08004840   0x08004840   0x0000001e   Code   RO         4293    i.SWTimer10ms       app.o
    0x0800485e   0x0800485e   0x00000044   Code   RO         4072    i.SetMemPageErr     m_storage.o
    0x080048a2   0x080048a2   0x00000018   Code   RO         4779    i.SetPara16         storage.o
    0x080048ba   0x080048ba   0x00000008   Code   RO           24    i.SetSysClock       system_stm32f10x.o
    0x080048c2   0x080048c2   0x00000002   PAD
    0x080048c4   0x080048c4   0x000000e0   Code   RO           25    i.SetSysClockTo72   system_stm32f10x.o
    0x080049a4   0x080049a4   0x00000026   Code   RO         3126    i.SmoothPipeline32  bsp_lib.o
    0x080049ca   0x080049ca   0x00000002   PAD
    0x080049cc   0x080049cc   0x00000014   Code   RO         5279    i.SysEventAlloc     event.o
    0x080049e0   0x080049e0   0x00000054   Code   RO         5283    i.SysEventPut       event.o
    0x08004a34   0x08004a34   0x00000010   Code   RO         4210    i.SysTick_Handler   stm32f10x_it.o
    0x08004a44   0x08004a44   0x00000060   Code   RO           27    i.SystemInit        system_stm32f10x.o
    0x08004aa4   0x08004aa4   0x0000002c   Code   RO         4211    i.TIM2_IRQHandler   stm32f10x_it.o
    0x08004ad0   0x08004ad0   0x00000078   Code   RO         3746    i.TIM3_Configuration  bsp_timer.o
    0x08004b48   0x08004b48   0x00000040   Code   RO         3747    i.TIM3_GPIO_Config  bsp_timer.o
    0x08004b88   0x08004b88   0x00000064   Code   RO         4212    i.TIM3_IRQHandler   stm32f10x_it.o
    0x08004bec   0x08004bec   0x00000006   Code   RO         2336    i.TIM_ClearFlag     stm32f10x_tim.o
    0x08004bf2   0x08004bf2   0x00000006   Code   RO         2337    i.TIM_ClearITPendingBit  stm32f10x_tim.o
    0x08004bf8   0x08004bf8   0x00000018   Code   RO         2342    i.TIM_Cmd           stm32f10x_tim.o
    0x08004c10   0x08004c10   0x00000022   Code   RO         2363    i.TIM_GetITStatus   stm32f10x_tim.o
    0x08004c32   0x08004c32   0x00000012   Code   RO         2367    i.TIM_ITConfig      stm32f10x_tim.o
    0x08004c44   0x08004c44   0x000000a4   Code   RO         2376    i.TIM_OC2Init       stm32f10x_tim.o
    0x08004ce8   0x08004ce8   0x0000001a   Code   RO         2379    i.TIM_OC2PreloadConfig  stm32f10x_tim.o
    0x08004d02   0x08004d02   0x00000002   PAD
    0x08004d04   0x08004d04   0x000000a4   Code   RO         2413    i.TIM_TimeBaseInit  stm32f10x_tim.o
    0x08004da8   0x08004da8   0x00000058   Code   RO         5505    i.TMC2209_Init      tmc2209.o
    0x08004e00   0x08004e00   0x00000014   Code   RO         5508    i.TMC2209_ReadWriteArray  tmc2209.o
    0x08004e14   0x08004e14   0x0000005c   Code   RO         5509    i.TMC2209_WriteInt  tmc2209.o
    0x08004e70   0x08004e70   0x0000004c   Code   RO         5198    i.TempNTC           gpio.o
    0x08004ebc   0x08004ebc   0x0000000e   Code   RO         5368    i.TimeDiff          tmc_uart.o
    0x08004eca   0x08004eca   0x00000012   Code   RO         5369    i.TimeSince         tmc_uart.o
    0x08004edc   0x08004edc   0x00000052   Code   RO         5371    i.UART_ReadWrite    tmc_uart.o
    0x08004f2e   0x08004f2e   0x00000002   PAD
    0x08004f30   0x08004f30   0x000000d4   Code   RO         5373    i.USART1_IRQHandler  tmc_uart.o
    0x08005004   0x08005004   0x00000030   Code   RO         4213    i.USART2_IRQHandler  stm32f10x_it.o
    0x08005034   0x08005034   0x00000012   Code   RO         2874    i.USART_ClearFlag   stm32f10x_usart.o
    0x08005046   0x08005046   0x0000001e   Code   RO         2875    i.USART_ClearITPendingBit  stm32f10x_usart.o
    0x08005064   0x08005064   0x00000018   Code   RO         2878    i.USART_Cmd         stm32f10x_usart.o
    0x0800507c   0x0800507c   0x0000009c   Code   RO         2880    i.USART_DeInit      stm32f10x_usart.o
    0x08005118   0x08005118   0x00000054   Code   RO         2882    i.USART_GetITStatus  stm32f10x_usart.o
    0x0800516c   0x0800516c   0x0000004a   Code   RO         2884    i.USART_ITConfig    stm32f10x_usart.o
    0x080051b6   0x080051b6   0x00000002   PAD
    0x080051b8   0x080051b8   0x000000d8   Code   RO         2885    i.USART_Init        stm32f10x_usart.o
    0x08005290   0x08005290   0x0000000a   Code   RO         2892    i.USART_ReceiveData  stm32f10x_usart.o
    0x0800529a   0x0800529a   0x00000010   Code   RO         4214    i.USB_LP_CAN1_RX0_IRQHandler  stm32f10x_it.o
    0x080052aa   0x080052aa   0x00000002   PAD
    0x080052ac   0x080052ac   0x000000f0   Code   RO         5374    i.Uart_Init         tmc_uart.o
    0x0800539c   0x0800539c   0x00000004   Code   RO         4215    i.UsageFault_Handler  stm32f10x_it.o
    0x080053a0   0x080053a0   0x00000022   Code   RO         3956    i.UsartIRQReceiveHandler  m_usart.o
    0x080053c2   0x080053c2   0x00000018   Code   RO         5375    i.Wait              tmc_uart.o
    0x080053da   0x080053da   0x00000002   PAD
    0x080053dc   0x080053dc   0x00000090   Code   RO         4891    i.WriteAirLLDPara1  liquid_level.o
    0x0800546c   0x0800546c   0x00000080   Code   RO         4892    i.WriteAirLLDPara2  liquid_level.o
    0x080054ec   0x080054ec   0x00000080   Code   RO         4893    i.WriteAirLLDPara3  liquid_level.o
    0x0800556c   0x0800556c   0x00000080   Code   RO         4894    i.WriteAirLLDPara4  liquid_level.o
    0x080055ec   0x080055ec   0x00000080   Code   RO         4895    i.WriteAirLLDPara5  liquid_level.o
    0x0800566c   0x0800566c   0x00000006   Code   RO         4896    i.WriteAirMapVal    liquid_level.o
    0x08005672   0x08005672   0x00000002   PAD
    0x08005674   0x08005674   0x00000028   Code   RO         4898    i.WriteCLLDPara1    liquid_level.o
    0x0800569c   0x0800569c   0x000000c4   Code   RO         4899    i.WriteCLLDPara3    liquid_level.o
    0x08005760   0x08005760   0x00000006   Code   RO         4900    i.WriteCapMapVal    liquid_level.o
    0x08005766   0x08005766   0x00000002   PAD
    0x08005768   0x08005768   0x00000028   Code   RO         4902    i.WriteSeleSen      liquid_level.o
    0x08005790   0x08005790   0x00000040   Code   RO         4903    i.WriteUsePara      liquid_level.o
    0x080057d0   0x080057d0   0x0000004c   Code   RO         5874    i.__rt_ffs          kservice.o
    0x0800581c   0x0800581c   0x0000000e   Code   RO         6875    i.__scatterload_copy  mc_w.l(handlers.o)
    0x0800582a   0x0800582a   0x00000002   Code   RO         6876    i.__scatterload_null  mc_w.l(handlers.o)
    0x0800582c   0x0800582c   0x0000000e   Code   RO         6877    i.__scatterload_zeroinit  mc_w.l(handlers.o)
    0x0800583a   0x0800583a   0x00000002   PAD
    0x0800583c   0x0800583c   0x00000084   Code   RO         6254    i._rt_thread_init   thread.o
    0x080058c0   0x080058c0   0x00000042   Code   RO         6386    i._rt_timer_init    timer.o
    0x08005902   0x08005902   0x0000001c   Code   RO         6387    i._rt_timer_remove  timer.o
    0x0800591e   0x0800591e   0x0000001c   Code   RO         6255    i._thread_cleanup_execute  thread.o
    0x0800593a   0x0800593a   0x00000002   PAD
    0x0800593c   0x0800593c   0x0000000c   Code   RO         5376    i.bytesAvailable    tmc_uart.o
    0x08005948   0x08005948   0x00000032   Code   RO         5462    i.flipBitsInBytes   crc.o
    0x0800597a   0x0800597a   0x00000028   Code   RO         5463    i.flipByte          crc.o
    0x080059a2   0x080059a2   0x00000002   PAD
    0x080059a4   0x080059a4   0x0000002c   Code   RO         3553    i.i2c2_CfgGpio      bsp_i2c_gpio.o
    0x080059d0   0x080059d0   0x0000000e   Code   RO         3557    i.i2c_Delay         bsp_i2c_gpio.o
    0x080059de   0x080059de   0x0000001c   Code   RO         3564    i.i2c_Stop          bsp_i2c_gpio.o
    0x080059fa   0x080059fa   0x00000002   PAD
    0x080059fc   0x080059fc   0x000000e0   Code   RO         4142    i.main              main.o
    0x08005adc   0x08005adc   0x0000000e   Code   RO         5599    i.main_thread_entry  components.o
    0x08005aea   0x08005aea   0x00000002   PAD
    0x08005aec   0x08005aec   0x00000078   Code   RO         6032    i.plug_holes        mem.o
    0x08005b64   0x08005b64   0x0000002c   Code   RO         5600    i.rt_application_init  components.o
    0x08005b90   0x08005b90   0x0000001c   Code   RO         5601    i.rt_components_board_init  components.o
    0x08005bac   0x08005bac   0x0000001c   Code   RO         5602    i.rt_components_init  components.o
    0x08005bc8   0x08005bc8   0x00000020   Code   RO         6182    i.rt_enter_critical  scheduler.o
    0x08005be8   0x08005be8   0x00000044   Code   RO         6183    i.rt_exit_critical  scheduler.o
    0x08005c2c   0x08005c2c   0x00000078   Code   RO         6034    i.rt_free           mem.o
    0x08005ca4   0x08005ca4   0x00000008   Code   RO         4157    i.rt_heap_begin_get  board.o
    0x08005cac   0x08005cac   0x00000008   Code   RO         4158    i.rt_heap_end_get   board.o
    0x08005cb4   0x08005cb4   0x000000bc   Code   RO         4159    i.rt_hw_board_init  board.o
    0x08005d70   0x08005d70   0x00000024   Code   RO         6505    i.rt_hw_hard_fault_exception  cpuport.o
    0x08005d94   0x08005d94   0x0000004c   Code   RO         6506    i.rt_hw_stack_init  cpuport.o
    0x08005de0   0x08005de0   0x00000020   Code   RO         5847    i.rt_interrupt_enter  irq.o
    0x08005e00   0x08005e00   0x00000020   Code   RO         5849    i.rt_interrupt_leave  irq.o
    0x08005e20   0x08005e20   0x00000014   Code   RO         5707    i.rt_ipc_list_resume  ipc.o
    0x08005e34   0x08005e34   0x0000006e   Code   RO         5709    i.rt_ipc_list_suspend  ipc.o
    0x08005ea2   0x08005ea2   0x00000010   Code   RO         5710    i.rt_ipc_object_init  ipc.o
    0x08005eb2   0x08005eb2   0x00000006   Code   RO         5711    i.rt_list_init      ipc.o
    0x08005eb8   0x08005eb8   0x00000006   Code   RO         6184    i.rt_list_init      scheduler.o
    0x08005ebe   0x08005ebe   0x00000006   Code   RO         6388    i.rt_list_init      timer.o
    0x08005ec4   0x08005ec4   0x0000000e   Code   RO         6094    i.rt_list_insert_after  object.o
    0x08005ed2   0x08005ed2   0x0000000e   Code   RO         6256    i.rt_list_insert_after  thread.o
    0x08005ee0   0x08005ee0   0x0000000e   Code   RO         6389    i.rt_list_insert_after  timer.o
    0x08005eee   0x08005eee   0x0000000e   Code   RO         5712    i.rt_list_insert_before  ipc.o
    0x08005efc   0x08005efc   0x00000010   Code   RO         5713    i.rt_list_isempty   ipc.o
    0x08005f0c   0x08005f0c   0x00000010   Code   RO         6390    i.rt_list_isempty   timer.o
    0x08005f1c   0x08005f1c   0x00000012   Code   RO         6095    i.rt_list_remove    object.o
    0x08005f2e   0x08005f2e   0x00000012   Code   RO         6257    i.rt_list_remove    thread.o
    0x08005f40   0x08005f40   0x00000012   Code   RO         6391    i.rt_list_remove    timer.o
    0x08005f52   0x08005f52   0x00000002   PAD
    0x08005f54   0x08005f54   0x0000016c   Code   RO         6035    i.rt_malloc         mem.o
    0x080060c0   0x080060c0   0x00000048   Code   RO         5883    i.rt_memset         kservice.o
    0x08006108   0x08006108   0x00000054   Code   RO         6096    i.rt_object_allocate  object.o
    0x0800615c   0x0800615c   0x00000024   Code   RO         6097    i.rt_object_delete  object.o
    0x08006180   0x08006180   0x0000001e   Code   RO         6098    i.rt_object_detach  object.o
    0x0800619e   0x0800619e   0x00000002   PAD
    0x080061a0   0x080061a0   0x00000028   Code   RO         6100    i.rt_object_get_information  object.o
    0x080061c8   0x080061c8   0x00000056   Code   RO         6104    i.rt_object_init    object.o
    0x0800621e   0x0800621e   0x00000012   Code   RO         6105    i.rt_object_is_systemobject  object.o
    0x08006230   0x08006230   0x00000084   Code   RO         6185    i.rt_schedule       scheduler.o
    0x080062b4   0x080062b4   0x00000050   Code   RO         6186    i.rt_schedule_insert_thread  scheduler.o
    0x08006304   0x08006304   0x00000054   Code   RO         6187    i.rt_schedule_remove_thread  scheduler.o
    0x08006358   0x08006358   0x00000026   Code   RO         5726    i.rt_sem_init       ipc.o
    0x0800637e   0x0800637e   0x00000052   Code   RO         5727    i.rt_sem_release    ipc.o
    0x080063d0   0x080063d0   0x00000074   Code   RO         5728    i.rt_sem_take       ipc.o
    0x08006444   0x08006444   0x00000002   Code   RO         5885    i.rt_show_version   kservice.o
    0x08006446   0x08006446   0x00000034   Code   RO         5893    i.rt_strncpy        kservice.o
    0x0800647a   0x0800647a   0x00000002   PAD
    0x0800647c   0x0800647c   0x000000b0   Code   RO         6038    i.rt_system_heap_init  mem.o
    0x0800652c   0x0800652c   0x0000004c   Code   RO         6188    i.rt_system_scheduler_init  scheduler.o
    0x08006578   0x08006578   0x00000030   Code   RO         6189    i.rt_system_scheduler_start  scheduler.o
    0x080065a8   0x080065a8   0x0000001c   Code   RO         6392    i.rt_system_timer_init  timer.o
    0x080065c4   0x080065c4   0x00000002   Code   RO         6393    i.rt_system_timer_thread_init  timer.o
    0x080065c6   0x080065c6   0x00000050   Code   RO         6259    i.rt_thread_create  thread.o
    0x08006616   0x08006616   0x0000000c   Code   RO         6260    i.rt_thread_delay   thread.o
    0x08006622   0x08006622   0x00000002   PAD
    0x08006624   0x08006624   0x00000058   Code   RO         6264    i.rt_thread_exit    thread.o
    0x0800667c   0x0800667c   0x00000008   Code   RO         5672    i.rt_thread_idle_entry  idle.o
    0x08006684   0x08006684   0x00000060   Code   RO         5673    i.rt_thread_idle_excute  idle.o
    0x080066e4   0x080066e4   0x0000003c   Code   RO         5675    i.rt_thread_idle_init  idle.o
    0x08006720   0x08006720   0x00000034   Code   RO         6266    i.rt_thread_init    thread.o
    0x08006754   0x08006754   0x0000003c   Code   RO         6268    i.rt_thread_resume  thread.o
    0x08006790   0x08006790   0x0000000c   Code   RO         6269    i.rt_thread_self    thread.o
    0x0800679c   0x0800679c   0x00000044   Code   RO         6270    i.rt_thread_sleep   thread.o
    0x080067e0   0x080067e0   0x0000002c   Code   RO         6271    i.rt_thread_startup  thread.o
    0x0800680c   0x0800680c   0x00000044   Code   RO         6272    i.rt_thread_suspend  thread.o
    0x08006850   0x08006850   0x00000020   Code   RO         6273    i.rt_thread_timeout  thread.o
    0x08006870   0x08006870   0x00000064   Code   RO         6274    i.rt_thread_yield   thread.o
    0x080068d4   0x080068d4   0x0000000c   Code   RO         5562    i.rt_tick_get       clock.o
    0x080068e0   0x080068e0   0x00000030   Code   RO         5563    i.rt_tick_increase  clock.o
    0x08006910   0x08006910   0x000000a4   Code   RO         6394    i.rt_timer_check    timer.o
    0x080069b4   0x080069b4   0x00000062   Code   RO         6395    i.rt_timer_control  timer.o
    0x08006a16   0x08006a16   0x00000028   Code   RO         6398    i.rt_timer_detach   timer.o
    0x08006a3e   0x08006a3e   0x0000002e   Code   RO         6399    i.rt_timer_init     timer.o
    0x08006a6c   0x08006a6c   0x000000ec   Code   RO         6402    i.rt_timer_start    timer.o
    0x08006b58   0x08006b58   0x00000030   Code   RO         6403    i.rt_timer_stop     timer.o
    0x08006b88   0x08006b88   0x00000004   Code   RO         5603    i.rti_board_end     components.o
    0x08006b8c   0x08006b8c   0x00000004   Code   RO         5604    i.rti_board_start   components.o
    0x08006b90   0x08006b90   0x00000004   Code   RO         5605    i.rti_end           components.o
    0x08006b94   0x08006b94   0x00000004   Code   RO         5606    i.rti_start         components.o
    0x08006b98   0x08006b98   0x0000002a   Code   RO         5607    i.rtthread_startup  components.o
    0x08006bc2   0x08006bc2   0x00000002   PAD
    0x08006bc4   0x08006bc4   0x0000004c   Code   RO         5377    i.rx                tmc_uart.o
    0x08006c10   0x08006c10   0x00000026   Code   RO         5378    i.rxN               tmc_uart.o
    0x08006c36   0x08006c36   0x00000002   PAD
    0x08006c38   0x08006c38   0x00000054   Code   RO         5464    i.tmc_CRC8          crc.o
    0x08006c8c   0x08006c8c   0x000000dc   Code   RO         5465    i.tmc_fillCRC8Table  crc.o
    0x08006d68   0x08006d68   0x0000003c   Code   RO         5379    i.tx                tmc_uart.o
    0x08006da4   0x08006da4   0x00000018   Code   RO         5380    i.txN               tmc_uart.o
    0x08006dbc   0x08006dbc   0x00000020   Data   RO         3357    .constdata          bsp_misc.o
    0x08006ddc   0x08006ddc   0x0000006c   Data   RO         4783    .constdata          storage.o
    0x08006e48   0x08006e48   0x000000b6   Data   RO         5201    .constdata          gpio.o
    0x08006efe   0x08006efe   0x00000002   PAD
    0x08006f00   0x08006f00   0x00000280   Data   RO         5512    .constdata          tmc2209.o
    0x08007180   0x08007180   0x00000122   Data   RO         5899    .constdata          kservice.o
    0x080072a2   0x080072a2   0x00000002   PAD
    0x080072a4   0x080072a4   0x00000004   Data   RO         5608    .rti_fn.0           components.o
    0x080072a8   0x080072a8   0x00000004   Data   RO         5609    .rti_fn.0.end       components.o
    0x080072ac   0x080072ac   0x00000004   Data   RO         5610    .rti_fn.1.end       components.o
    0x080072b0   0x080072b0   0x00000004   Data   RO         5611    .rti_fn.6.end       components.o
    0x080072b4   0x080072b4   0x00000020   Data   RO         6873    Region$$Table       anon$$obj.o


    Execution Region RW_IRAM1 (Exec base: 0x20000000, Load base: 0x080072d4, Size: 0x00002fa0, Max: 0x00005000, ABSOLUTE)

    Exec Addr    Load Addr    Size         Type   Attr      Idx    E Section Name        Object

    0x20000000   0x080072d4   0x00000014   Data   RW           28    .data               system_stm32f10x.o
    0x20000014   0x080072e8   0x00000014   Data   RW         1738    .data               stm32f10x_rcc.o
    0x20000028   0x080072fc   0x00000004   Data   RW         3480    .data               bsp_iic.o
    0x2000002c   0x08007300   0x00000004   Data   RW         4339    .data               app_misc.o
    0x20000030   0x08007304   0x0000000a   Data   RW         4905    .data               liquid_level.o
    0x2000003a   0x0800730e   0x00000003   Data   RW         5202    .data               gpio.o
    0x2000003d   0x08007311   0x00000003   PAD
    0x20000040   0x08007314   0x00000015   Data   RW         5285    .data               event.o
    0x20000055   0x08007329   0x00000003   PAD
    0x20000058   0x0800732c   0x00000018   Data   RW         5383    .data               tmc_uart.o
    0x20000070   0x08007344   0x00000004   Data   RW         5565    .data               clock.o
    0x20000074   0x08007348   0x00000001   Data   RW         5850    .data               irq.o
    0x20000075   0x08007349   0x00000003   PAD
    0x20000078   0x0800734c   0x00000018   Data   RW         6040    .data               mem.o
    0x20000090   0x08007364   0x00000040   Data   RW         6107    .data               object.o
    0x200000d0   0x080073a4   0x00000018   Data   RW         6191    .data               scheduler.o
    0x200000e8   0x080073bc   0x0000000c   Data   RW         6404    .data               timer.o
    0x200000f4   0x080073c8   0x00000010   Data   RW         6507    .data               cpuport.o
    0x20000104        -       0x00000030   Zero   RW         3569    .bss                bsp_i2c_gpio.o
    0x20000134        -       0x0000000c   Zero   RW         3748    .bss                bsp_timer.o
    0x20000140        -       0x00000400   Zero   RW         3904    .bss                bsp_flash.o
    0x20000540        -       0x00000078   Zero   RW         4075    .bss                m_storage.o
    0x200005b8        -       0x000006e0   Zero   RW         4143    .bss                main.o
    0x20000c98        -       0x00001000   Zero   RW         4160    .bss                board.o
    0x20001c98        -       0x00000010   Zero   RW         4338    .bss                app_misc.o
    0x20001ca8        -       0x00000098   Zero   RW         4423    .bss                monitor_can.o
    0x20001d40        -       0x00000158   Zero   RW         4708    .bss                monitor_usart.o
    0x20001e98        -       0x00000108   Zero   RW         4782    .bss                storage.o
    0x20001fa0        -       0x00000518   Zero   RW         4904    .bss                liquid_level.o
    0x200024b8        -       0x0000005c   Zero   RW         5200    .bss                gpio.o
    0x20002514        -       0x00000020   Zero   RW         5381    .bss                tmc_uart.o
    0x20002534        -       0x00000204   Zero   RW         5468    .bss                crc.o
    0x20002738        -       0x0000028d   Zero   RW         5511    .bss                tmc2209.o
    0x200029c5   0x080073d8   0x00000003   PAD
    0x200029c8        -       0x00000178   Zero   RW         5676    .bss                idle.o
    0x20002b40        -       0x00000020   Zero   RW         6039    .bss                mem.o
    0x20002b60        -       0x00000040   Zero   RW         6190    .bss                scheduler.o
    0x20002ba0        -       0x00000400   Zero   RW            1    STACK               startup_stm32f10x_md.o


==============================================================================

Image component sizes


      Code (inc. data)   RO Data    RW Data    ZI Data      Debug   Object Name

       148         22          0          0          0       5101   app.o
       416         32          0          4         16       3919   app_misc.o
       204         24          0          0       4096      19988   board.o
       234          8          0          0          0       1936   bsp_adc.o
       422          4          0          0          0       3732   bsp_can.o
       332          6          0          0       1024       4843   bsp_flash.o
       470         18          0          0          0       1214   bsp_gpio.o
       344         38          0          0         48       5806   bsp_i2c_gpio.o
       906         48          0          4          0       4788   bsp_iic.o
        36          0          0          0          0        562   bsp_iwdg.o
       444          0          0          0          0      17623   bsp_lib.o
         0          0         32          0          0        623   bsp_misc.o
       314         22          0          0         12       3989   bsp_timer.o
        60         12          0          4          0       1253   clock.o
       182         28         16          0          0       6084   components.o
       244         28          0          0          0        816   context_rvds.o
         0          0          0          0          0       4548   core_cm3.o
       112         10          0         16          0       3318   cpuport.o
       394         18          0          0        516       3535   crc.o
       104         20          0         21          0       1777   event.o
      1074         78        182          3         92       9305   gpio.o
       164         26          0          0        376       5242   idle.o
       418          0          0          0          0       8557   ipc.o
        64         12          0          1          0       1678   irq.o
       202          6        290          0          0       5496   kservice.o
      5206        344          0         10       1304      35470   liquid_level.o
       790          0          0          0        120       5236   m_storage.o
       136          0          0          0          0       1135   m_usart.o
       224         80          0          0       1760       1479   main.o
       780         92          0         24         32       4008   mem.o
       132         22          0          0          0       1579   misc.o
      2898         92          0          0        152      35542   monitor_can.o
         0          0          0          0        344       1120   monitor_usart.o
       326          4          0         64          0       8468   object.o
       526         90          0         24         64       8694   scheduler.o
        36          8        236          0       1024        876   startup_stm32f10x_md.o
       446         10          0          0          0       9494   stm32f10x_adc.o
      1180         12          0          0          0       5558   stm32f10x_can.o
       200         18          0          0          0       2168   stm32f10x_exti.o
       286         36          0          0          0       4032   stm32f10x_flash.o
       512         10          0          0          0       5208   stm32f10x_gpio.o
       518         20          0          0          0       8401   stm32f10x_i2c.o
       342         34          0          0          0       6173   stm32f10x_it.o
        68         30          0          0          0       2542   stm32f10x_iwdg.o
       372         58          0         20          0       6215   stm32f10x_rcc.o
       442         52          0          0          0       5523   stm32f10x_tim.o
       612         28          0          0          0       6933   stm32f10x_usart.o
       806         44        108          0        264       6628   storage.o
       328         28          0         20          0     283397   system_stm32f10x.o
       808         38          0          0          0      12675   thread.o
       810         24          0         12          0      11932   timer.o
       200         22        640          0        653       5096   tmc2209.o
       836         64          0         24         32       8106   tmc_uart.o

    ----------------------------------------------------------------------
     27196       1720       1540        260      11932     619421   Object Totals
         0          0         32          0          0          0   (incl. Generated)
        88          0          4          9          3          0   (incl. Padding)

    ----------------------------------------------------------------------

      Code (inc. data)   RO Data    RW Data    ZI Data      Debug   Library Member Name

         0          0          0          0          0          0   entry.o
         0          0          0          0          0          0   entry10a.o
         0          0          0          0          0          0   entry11a.o
         4          0          0          0          0          0   entry12b.o
         8          4          0          0          0          0   entry2.o
         4          0          0          0          0          0   entry5.o
         0          0          0          0          0          0   entry7b.o
         0          0          0          0          0          0   entry8b.o
         8          4          0          0          0          0   entry9a.o
        30          0          0          0          0          0   handlers.o
        36          8          0          0          0         68   init.o
         0          0          0          0          0          0   iusefp.o
        64          0          0          0          0         76   memmovea.o
       176          0          0          0          0        140   fadd.o
       110          0          0          0          0        168   fepilogue.o
        50          0          0          0          0         68   ffixi.o
        40          0          0          0          0         68   ffixui.o
        18          0          0          0          0         68   fflti.o
        10          0          0          0          0         68   ffltui.o
       100          0          0          0          0         76   fmul.o

    ----------------------------------------------------------------------
       660         16          0          0          0        800   Library Totals
         2          0          0          0          0          0   (incl. Padding)

    ----------------------------------------------------------------------

      Code (inc. data)   RO Data    RW Data    ZI Data      Debug   Library Name

       154         16          0          0          0        144   mc_w.l
       504          0          0          0          0        656   mf_w.l

    ----------------------------------------------------------------------
       660         16          0          0          0        800   Library Totals

    ----------------------------------------------------------------------

==============================================================================


      Code (inc. data)   RO Data    RW Data    ZI Data      Debug   

     27856       1736       1540        260      11932     600613   Grand Totals
     27856       1736       1540        260      11932     600613   ELF Image Totals
     27856       1736       1540        260          0          0   ROM Totals

==============================================================================

    Total RO  Size (Code + RO Data)                29396 (  28.71kB)
    Total RW  Size (RW Data + ZI Data)             12192 (  11.91kB)
    Total ROM Size (Code + RO Data + RW Data)      29656 (  28.96kB)

==============================================================================

