Component: ARM Compiler 5.06 update 7 (build 960) Tool: armlink [4d3601]

==============================================================================

Section Cross References

    startup_stm32f10x_md.o(RESET) refers to startup_stm32f10x_md.o(STACK) for __initial_sp
    startup_stm32f10x_md.o(RESET) refers to startup_stm32f10x_md.o(.text) for Reset_Handler
    startup_stm32f10x_md.o(RESET) refers to stm32f10x_it.o(i.NMI_Handler) for NMI_Handler
    startup_stm32f10x_md.o(RESET) refers to context_rvds.o(.text) for HardFault_Handler
    startup_stm32f10x_md.o(RESET) refers to stm32f10x_it.o(i.MemManage_Handler) for MemManage_Handler
    startup_stm32f10x_md.o(RESET) refers to stm32f10x_it.o(i.BusFault_Handler) for BusFault_Handler
    startup_stm32f10x_md.o(RESET) refers to stm32f10x_it.o(i.UsageFault_Handler) for UsageFault_Handler
    startup_stm32f10x_md.o(RESET) refers to stm32f10x_it.o(i.SVC_Handler) for SVC_Handler
    startup_stm32f10x_md.o(RESET) refers to stm32f10x_it.o(i.DebugMon_Handler) for DebugMon_Handler
    startup_stm32f10x_md.o(RESET) refers to stm32f10x_it.o(i.SysTick_Handler) for SysTick_Handler
    startup_stm32f10x_md.o(RESET) refers to stm32f10x_it.o(i.EXTI4_IRQHandler) for EXTI4_IRQHandler
    startup_stm32f10x_md.o(RESET) refers to stm32f10x_it.o(i.ADC1_2_IRQHandler) for ADC1_2_IRQHandler
    startup_stm32f10x_md.o(RESET) refers to stm32f10x_it.o(i.USB_LP_CAN1_RX0_IRQHandler) for USB_LP_CAN1_RX0_IRQHandler
    startup_stm32f10x_md.o(RESET) refers to stm32f10x_it.o(i.TIM2_IRQHandler) for TIM2_IRQHandler
    startup_stm32f10x_md.o(RESET) refers to stm32f10x_it.o(i.TIM3_IRQHandler) for TIM3_IRQHandler
    startup_stm32f10x_md.o(RESET) refers to stm32f10x_it.o(i.USART2_IRQHandler) for USART2_IRQHandler
    startup_stm32f10x_md.o(.text) refers to system_stm32f10x.o(i.SystemInit) for SystemInit
    startup_stm32f10x_md.o(.text) refers to entry.o(.ARM.Collect$$$$00000000) for __main
    system_stm32f10x.o(i.SetSysClock) refers to system_stm32f10x.o(i.SetSysClockTo72) for SetSysClockTo72
    system_stm32f10x.o(i.SystemCoreClockUpdate) refers to system_stm32f10x.o(.data) for SystemCoreClock
    system_stm32f10x.o(i.SystemInit) refers to system_stm32f10x.o(i.SetSysClock) for SetSysClock
    stm32f10x_adc.o(i.ADC_DeInit) refers to stm32f10x_rcc.o(i.RCC_APB2PeriphResetCmd) for RCC_APB2PeriphResetCmd
    stm32f10x_bkp.o(i.BKP_DeInit) refers to stm32f10x_rcc.o(i.RCC_BackupResetCmd) for RCC_BackupResetCmd
    stm32f10x_can.o(i.CAN_DeInit) refers to stm32f10x_rcc.o(i.RCC_APB1PeriphResetCmd) for RCC_APB1PeriphResetCmd
    stm32f10x_can.o(i.CAN_GetITStatus) refers to stm32f10x_can.o(i.CheckITStatus) for CheckITStatus
    stm32f10x_cec.o(i.CEC_DeInit) refers to stm32f10x_rcc.o(i.RCC_APB1PeriphResetCmd) for RCC_APB1PeriphResetCmd
    stm32f10x_dac.o(i.DAC_DeInit) refers to stm32f10x_rcc.o(i.RCC_APB1PeriphResetCmd) for RCC_APB1PeriphResetCmd
    stm32f10x_flash.o(i.FLASH_EnableWriteProtection) refers to stm32f10x_flash.o(i.FLASH_WaitForLastOperation) for FLASH_WaitForLastOperation
    stm32f10x_flash.o(i.FLASH_EraseAllBank1Pages) refers to stm32f10x_flash.o(i.FLASH_WaitForLastBank1Operation) for FLASH_WaitForLastBank1Operation
    stm32f10x_flash.o(i.FLASH_EraseAllPages) refers to stm32f10x_flash.o(i.FLASH_WaitForLastOperation) for FLASH_WaitForLastOperation
    stm32f10x_flash.o(i.FLASH_EraseOptionBytes) refers to stm32f10x_flash.o(i.FLASH_GetReadOutProtectionStatus) for FLASH_GetReadOutProtectionStatus
    stm32f10x_flash.o(i.FLASH_EraseOptionBytes) refers to stm32f10x_flash.o(i.FLASH_WaitForLastOperation) for FLASH_WaitForLastOperation
    stm32f10x_flash.o(i.FLASH_ErasePage) refers to stm32f10x_flash.o(i.FLASH_WaitForLastOperation) for FLASH_WaitForLastOperation
    stm32f10x_flash.o(i.FLASH_ProgramHalfWord) refers to stm32f10x_flash.o(i.FLASH_WaitForLastOperation) for FLASH_WaitForLastOperation
    stm32f10x_flash.o(i.FLASH_ProgramOptionByteData) refers to stm32f10x_flash.o(i.FLASH_WaitForLastOperation) for FLASH_WaitForLastOperation
    stm32f10x_flash.o(i.FLASH_ProgramWord) refers to stm32f10x_flash.o(i.FLASH_WaitForLastOperation) for FLASH_WaitForLastOperation
    stm32f10x_flash.o(i.FLASH_ReadOutProtection) refers to stm32f10x_flash.o(i.FLASH_WaitForLastOperation) for FLASH_WaitForLastOperation
    stm32f10x_flash.o(i.FLASH_UserOptionByteConfig) refers to stm32f10x_flash.o(i.FLASH_WaitForLastOperation) for FLASH_WaitForLastOperation
    stm32f10x_flash.o(i.FLASH_WaitForLastBank1Operation) refers to stm32f10x_flash.o(i.FLASH_GetBank1Status) for FLASH_GetBank1Status
    stm32f10x_flash.o(i.FLASH_WaitForLastOperation) refers to stm32f10x_flash.o(i.FLASH_GetBank1Status) for FLASH_GetBank1Status
    stm32f10x_gpio.o(i.GPIO_AFIODeInit) refers to stm32f10x_rcc.o(i.RCC_APB2PeriphResetCmd) for RCC_APB2PeriphResetCmd
    stm32f10x_gpio.o(i.GPIO_DeInit) refers to stm32f10x_rcc.o(i.RCC_APB2PeriphResetCmd) for RCC_APB2PeriphResetCmd
[...]
    rt_scheduler_lock_nest                   0x200000b4   Data           2  scheduler.o(.data)
    .data                                    0x200000c8   Section       12  timer.o(.data)
    rt_timer_list                            0x200000c8   Data           8  timer.o(.data)
    random_nr                                0x200000d0   Data           4  timer.o(.data)
    .data                                    0x200000d4   Section       16  cpuport.o(.data)
    rt_exception_hook                        0x200000e0   Data           4  cpuport.o(.data)
    .bss                                     0x200000e4   Section       48  bsp_i2c_gpio.o(.bss)
    .bss                                     0x20000114   Section       12  bsp_timer.o(.bss)
    .bss                                     0x20000120   Section     1760  main.o(.bss)
    .bss                                     0x20000800   Section     4096  board.o(.bss)
    rt_heap                                  0x20000800   Data        4096  board.o(.bss)
    .bss                                     0x20001800   Section      152  monitor_can.o(.bss)
    .bss                                     0x20001898   Section      344  monitor_usart.o(.bss)
    .bss                                     0x200019f0   Section      264  storage.o(.bss)
    .bss                                     0x20001af8   Section      704  liquid_level.o(.bss)
    .bss                                     0x20001db8   Section       92  gpio.o(.bss)
    .bss                                     0x20001e14   Section      376  idle.o(.bss)
    idle                                     0x20001e14   Data         120  idle.o(.bss)
    rt_thread_stack                          0x20001e8c   Data         256  idle.o(.bss)
    .bss                                     0x20001f8c   Section       32  mem.o(.bss)
    heap_sem                                 0x20001f8c   Data          32  mem.o(.bss)
    .bss                                     0x20001fac   Section       64  scheduler.o(.bss)
    STACK                                    0x20001ff0   Section     1024  startup_stm32f10x_md.o(STACK)

    Global Symbols

    Symbol Name                              Value     Ov Type        Size  Object(Section)

    BuildAttributes$$THM_ISAv4$P$D$K$B$S$PE$A:L22UL41UL21$X:L11$S22US41US21$IEEE1$IW$USESV6$~STKCKD$USESV7$~SHL$OTIME$ROPI$EBA8$MICROLIB$REQ8$PRES8$EABIv2 0x00000000   Number         0  anon$$obj.o ABSOLUTE
    __ARM_use_no_argv                        0x00000000   Number         0  main.o ABSOLUTE
    _printf_a                                0x00000000   Number         0  stubs.o ABSOLUTE
    _printf_c                                0x00000000   Number         0  stubs.o ABSOLUTE
    _printf_charcount                        0x00000000   Number         0  stubs.o ABSOLUTE
    _printf_d                                0x00000000   Number         0  stubs.o ABSOLUTE
    _printf_e                                0x00000000   Number         0  stubs.o ABSOLUTE
    _printf_f                                0x00000000   Number         0  stubs.o ABSOLUTE
    _printf_flags                            0x00000000   Number         0  stubs.o ABSOLUTE
    _printf_fp_dec                           0x00000000   Number         0  stubs.o ABSOLUTE
    _printf_fp_hex                           0x00000000   Number         0  stubs.o ABSOLUTE
    _printf_g                                0x00000000   Number         0  stubs.o ABSOLUTE
    _printf_i                                0x00000000   Number         0  stubs.o ABSOLUTE
    _printf_int_dec                          0x00000000   Number         0  stubs.o ABSOLUTE
    _printf_l                                0x00000000   Number         0  stubs.o ABSOLUTE
    _printf_lc                               0x00000000   Number         0  stubs.o ABSOLUTE
    _printf_ll                               0x00000000   Number         0  stubs.o ABSOLUTE
    _printf_lld                              0x00000000   Number         0  stubs.o ABSOLUTE
    _printf_lli                              0x00000000   Number         0  stubs.o ABSOLUTE
    _printf_llo                              0x00000000   Number         0  stubs.o ABSOLUTE
    _printf_llu                              0x00000000   Number         0  stubs.o ABSOLUTE
    _printf_llx                              0x00000000   Number         0  stubs.o ABSOLUTE
    _printf_longlong_dec                     0x00000000   Number         0  stubs.o ABSOLUTE
    _printf_longlong_hex                     0x00000000   Number         0  stubs.o ABSOLUTE
    _printf_longlong_oct                     0x00000000   Number         0  stubs.o ABSOLUTE
    _printf_ls                               0x00000000   Number         0  stubs.o ABSOLUTE
    _printf_mbtowc                           0x00000000   Number         0  stubs.o ABSOLUTE
    _printf_n                                0x00000000   Number         0  stubs.o ABSOLUTE
    _printf_o                                0x00000000   Number         0  stubs.o ABSOLUTE
    _printf_p                                0x00000000   Number         0  stubs.o ABSOLUTE
    _printf_percent                          0x00000000   Number         0  stubs.o ABSOLUTE
    _printf_pre_padding                      0x00000000   Number         0  stubs.o ABSOLUTE
    _printf_return_value                     0x00000000   Number         0  stubs.o ABSOLUTE
    _printf_s                                0x00000000   Number         0  stubs.o ABSOLUTE
    _printf_sizespec                         0x00000000   Number         0  stubs.o ABSOLUTE
    _printf_str                              0x00000000   Number         0  stubs.o ABSOLUTE
    _printf_truncate_signed                  0x00000000   Number         0  stubs.o ABSOLUTE
    _printf_truncate_unsigned                0x00000000   Number         0  stubs.o ABSOLUTE
    _printf_u                                0x00000000   Number         0  stubs.o ABSOLUTE
    _printf_wc                               0x00000000   Number         0  stubs.o ABSOLUTE
    _printf_wctomb                           0x00000000   Number         0  stubs.o ABSOLUTE
    _printf_widthprec                        0x00000000   Number         0  stubs.o ABSOLUTE
    _printf_x                                0x00000000   Number         0  stubs.o ABSOLUTE
    __arm_fini_                               - Undefined Weak Reference
    __cpp_initialize__aeabi_                  - Undefined Weak Reference
    __cxa_finalize                            - Undefined Weak Reference
    __decompress                              - Undefined Weak Reference
    _clock_init                               - Undefined Weak Reference
    _microlib_exit                            - Undefined Weak Reference
    __Vectors_Size                           0x000000ec   Number         0  startup_stm32f10x_md.o ABSOLUTE
    __Vectors                                0x08000000   Data           4  startup_stm32f10x_md.o(RESET)
    __Vectors_End                            0x080000ec   Data           0  startup_stm32f10x_md.o(RESET)
    __main                                   0x080000ed   Thumb Code     0  entry.o(.ARM.Collect$$$$00000000)
    _main_stk                                0x080000ed   Thumb Code     0  entry2.o(.ARM.Collect$$$$00000001)
    _main_scatterload                        0x080000f1   Thumb Code     0  entry5.o(.ARM.Collect$$$$00000004)
    __main_after_scatterload                 0x080000f5   Thumb Code     0  entry5.o(.ARM.Collect$$$$00000004)
    _main_clock                              0x080000f5   Thumb Code     0  entry7b.o(.ARM.Collect$$$$00000008)
    _main_cpp_init                           0x080000f5   Thumb Code     0  entry8b.o(.ARM.Collect$$$$0000000A)
    _main_init                               0x080000f5   Thumb Code     0  entry9a.o(.ARM.Collect$$$$0000000B)
    __rt_lib_shutdown_fini                   0x080000fd   Thumb Code     0  entry12b.o(.ARM.Collect$$$$0000000E)
    __rt_final_cpp                           0x08000101   Thumb Code     0  entry10a.o(.ARM.Collect$$$$0000000F)
    __rt_final_exit                          0x08000101   Thumb Code     0  entry11a.o(.ARM.Collect$$$$00000011)
    Reset_Handler                            0x08000105   Thumb Code     8  startup_stm32f10x_md.o(.text)
    CAN1_RX1_IRQHandler                      0x0800011f   Thumb Code     0  startup_stm32f10x_md.o(.text)
    CAN1_SCE_IRQHandler                      0x0800011f   Thumb Code     0  startup_stm32f10x_md.o(.text)
    DMA1_Channel1_IRQHandler                 0x0800011f   Thumb Code     0  startup_stm32f10x_md.o(.text)
    DMA1_Channel2_IRQHandler                 0x0800011f   Thumb Code     0  startup_stm32f10x_md.o(.text)
    DMA1_Channel3_IRQHandler                 0x0800011f   Thumb Code     0  startup_stm32f10x_md.o(.text)
    DMA1_Channel4_IRQHandler                 0x0800011f   Thumb Code     0  startup_stm32f10x_md.o(.text)
    DMA1_Channel5_IRQHandler                 0x0800011f   Thumb Code     0  startup_stm32f10x_md.o(.text)
    DMA1_Channel6_IRQHandler                 0x0800011f   Thumb Code     0  startup_stm32f10x_md.o(.text)
    DMA1_Channel7_IRQHandler                 0x0800011f   Thumb Code     0  startup_stm32f10x_md.o(.text)
    EXTI0_IRQHandler                         0x0800011f   Thumb Code     0  startup_stm32f10x_md.o(.text)
    EXTI15_10_IRQHandler                     0x0800011f   Thumb Code     0  startup_stm32f10x_md.o(.text)
    EXTI1_IRQHandler                         0x0800011f   Thumb Code     0  startup_stm32f10x_md.o(.text)
    EXTI2_IRQHandler                         0x0800011f   Thumb Code     0  startup_stm32f10x_md.o(.text)
    EXTI3_IRQHandler                         0x0800011f   Thumb Code     0  startup_stm32f10x_md.o(.text)
    EXTI9_5_IRQHandler                       0x0800011f   Thumb Code     0  startup_stm32f10x_md.o(.text)
    FLASH_IRQHandler                         0x0800011f   Thumb Code     0  startup_stm32f10x_md.o(.text)
    I2C1_ER_IRQHandler                       0x0800011f   Thumb Code     0  startup_stm32f10x_md.o(.text)
    I2C1_EV_IRQHandler                       0x0800011f   Thumb Code     0  startup_stm32f10x_md.o(.text)
    I2C2_ER_IRQHandler                       0x0800011f   Thumb Code     0  startup_stm32f10x_md.o(.text)
    I2C2_EV_IRQHandler                       0x0800011f   Thumb Code     0  startup_stm32f10x_md.o(.text)
    PVD_IRQHandler                           0x0800011f   Thumb Code     0  startup_stm32f10x_md.o(.text)
    RCC_IRQHandler                           0x0800011f   Thumb Code     0  startup_stm32f10x_md.o(.text)
    RTCAlarm_IRQHandler                      0x0800011f   Thumb Code     0  startup_stm32f10x_md.o(.text)
    RTC_IRQHandler                           0x0800011f   Thumb Code     0  startup_stm32f10x_md.o(.text)
    SPI1_IRQHandler                          0x0800011f   Thumb Code     0  startup_stm32f10x_md.o(.text)
    SPI2_IRQHandler                          0x0800011f   Thumb Code     0  startup_stm32f10x_md.o(.text)
    TAMPER_IRQHandler                        0x0800011f   Thumb Code     0  startup_stm32f10x_md.o(.text)
    TIM1_BRK_IRQHandler                      0x0800011f   Thumb Code     0  startup_stm32f10x_md.o(.text)
    TIM1_CC_IRQHandler                       0x0800011f   Thumb Code     0  startup_stm32f10x_md.o(.text)
    TIM1_TRG_COM_IRQHandler                  0x0800011f   Thumb Code     0  startup_stm32f10x_md.o(.text)
    TIM1_UP_IRQHandler                       0x0800011f   Thumb Code     0  startup_stm32f10x_md.o(.text)
    TIM4_IRQHandler                          0x0800011f   Thumb Code     0  startup_stm32f10x_md.o(.text)
    USART1_IRQHandler                        0x0800011f   Thumb Code     0  startup_stm32f10x_md.o(.text)
    USART3_IRQHandler                        0x0800011f   Thumb Code     0  startup_stm32f10x_md.o(.text)
    USBWakeUp_IRQHandler                     0x0800011f   Thumb Code     0  startup_stm32f10x_md.o(.text)
    USB_HP_CAN1_TX_IRQHandler                0x0800011f   Thumb Code     0  startup_stm32f10x_md.o(.text)
    WWDG_IRQHandler                          0x0800011f   Thumb Code     0  startup_stm32f10x_md.o(.text)
    rt_hw_interrupt_disable                  0x08000129   Thumb Code     8  context_rvds.o(.text)
    rt_hw_interrupt_enable                   0x08000131   Thumb Code     6  context_rvds.o(.text)
    rt_hw_context_switch                     0x08000137   Thumb Code    32  context_rvds.o(.text)
    rt_hw_context_switch_interrupt           0x08000137   Thumb Code     0  context_rvds.o(.text)
    PendSV_Handler                           0x08000157   Thumb Code    60  context_rvds.o(.text)
    rt_hw_context_switch_to                  0x08000193   Thumb Code    56  context_rvds.o(.text)
    rt_hw_interrupt_thread_switch            0x080001cb   Thumb Code     2  context_rvds.o(.text)
    HardFault_Handler                        0x080001cd   Thumb Code    52  context_rvds.o(.text)
    ___aeabi_memcpy$move                     0x0800021d   Thumb Code    64  memmovea.o(.text)
    ___aeabi_memcpy4$move                    0x0800021d   Thumb Code     0  memmovea.o(.text)
    ___aeabi_memcpy8$move                    0x0800021d   Thumb Code     0  memmovea.o(.text)
    __aeabi_memmove                          0x0800021d   Thumb Code     0  memmovea.o(.text)
    __aeabi_memmove4                         0x0800021d   Thumb Code     0  memmovea.o(.text)
    __aeabi_memmove8                         0x0800021d   Thumb Code     0  memmovea.o(.text)
    __aeabi_fadd                             0x0800025d   Thumb Code   164  fadd.o(.text)
    __aeabi_fsub                             0x08000301   Thumb Code     6  fadd.o(.text)
    __aeabi_frsub                            0x08000307   Thumb Code     6  fadd.o(.text)
    __aeabi_fmul                             0x0800030d   Thumb Code   100  fmul.o(.text)
    __aeabi_i2f                              0x08000371   Thumb Code    18  fflti.o(.text)
    __aeabi_ui2f                             0x08000383   Thumb Code    10  ffltui.o(.text)
    __aeabi_f2iz                             0x0800038d   Thumb Code    50  ffixi.o(.text)
    __aeabi_f2uiz                            0x080003bf   Thumb Code    40  ffixui.o(.text)
    __I$use$fp                               0x080003e7   Thumb Code     0  iusefp.o(.text)
    _float_round                             0x080003e7   Thumb Code    18  fepilogue.o(.text)
    _float_epilogue                          0x080003f9   Thumb Code    92  fepilogue.o(.text)
    __scatterload                            0x08000455   Thumb Code    28  init.o(.text)
    __scatterload_rt2                        0x08000455   Thumb Code     0  init.o(.text)
    main                                     0x08000479   Thumb Code    10  components.o(i.$Sub$$main)
    ADC1_2_IRQHandler                        0x08000485   Thumb Code    52  stm32f10x_it.o(i.ADC1_2_IRQHandler)
    ADC_ClearITPendingBit                    0x080004c1   Thumb Code    10  stm32f10x_adc.o(i.ADC_ClearITPendingBit)
    ADC_GetConversionValue                   0x080004cb   Thumb Code     8  stm32f10x_adc.o(i.ADC_GetConversionValue)
    ADC_GetITStatus                          0x080004d3   Thumb Code    36  stm32f10x_adc.o(i.ADC_GetITStatus)
    ADC_SoftwareStartConvCmd                 0x080004f7   Thumb Code    22  stm32f10x_adc.o(i.ADC_SoftwareStartConvCmd)
    Accumulation16                           0x0800050d   Thumb Code    18  bsp_lib.o(i.Accumulation16)
    Accumulation32                           0x0800051f   Thumb Code    14  bsp_lib.o(i.Accumulation32)
    Accumulation8                            0x0800052d   Thumb Code    14  bsp_lib.o(i.Accumulation8)
    AirSenCheckAll                           0x0800053b   Thumb Code   482  liquid_level.o(i.AirSenCheckAll)
    AirSenConfig                             0x0800071d   Thumb Code    20  liquid_level.o(i.AirSenConfig)
    AirSenConvertAD                          0x08000735   Thumb Code    74  liquid_level.o(i.AirSenConvertAD)
    AirSenDeteLiqLevel                       0x08000785   Thumb Code  1482  liquid_level.o(i.AirSenDeteLiqLevel)
    AirSenPressState1                        0x08000d59   Thumb Code    60  liquid_level.o(i.AirSenPressState1)
    AirSenPressState2                        0x08000d95   Thumb Code    34  liquid_level.o(i.AirSenPressState2)
    AirSenReadPressADC                       0x08000db9   Thumb Code    26  liquid_level.o(i.AirSenReadPressADC)
    AirSensor                                0x08000ddd   Thumb Code   150  liquid_level.o(i.AirSensor)
    Array32Clear                             0x08000e7d   Thumb Code    30  bsp_lib.o(i.Array32Clear)
    BSP_UartCommTimeHandler                  0x08000e9b   Thumb Code   102  m_usart.o(i.BSP_UartCommTimeHandler)
    BusFault_Handler                         0x08000f01   Thumb Code     4  stm32f10x_it.o(i.BusFault_Handler)
    CAN_Config                               0x08000f05   Thumb Code    24  bsp_can.o(i.CAN_Config)
    CAN_DeInit                               0x08000f1d   Thumb Code    50  stm32f10x_can.o(i.CAN_DeInit)
    CAN_FilterInit                           0x08000f55   Thumb Code   258  stm32f10x_can.o(i.CAN_FilterInit)
    CAN_Filter_Config                        0x0800105d   Thumb Code    94  bsp_can.o(i.CAN_Filter_Config)
    CAN_GPIO_Config                          0x080010bd   Thumb Code    76  bsp_can.o(i.CAN_GPIO_Config)
    CAN_ITConfig                             0x0800110d   Thumb Code    18  stm32f10x_can.o(i.CAN_ITConfig)
    CAN_Init                                 0x0800111f   Thumb Code   276  stm32f10x_can.o(i.CAN_Init)
    CAN_Mode_Config                          0x08001233   Thumb Code   146  bsp_can.o(i.CAN_Mode_Config)
    CAN_MonInit                              0x080012c5   Thumb Code   162  monitor_can.o(i.CAN_MonInit)
    CAN_NVIC_Config                          0x08001375   Thumb Code    42  bsp_can.o(i.CAN_NVIC_Config)
    CAN_ParaInit                             0x080013a1   Thumb Code    16  monitor_can.o(i.CAN_ParaInit)
    CAN_Receive                              0x080013b5   Thumb Code   240  stm32f10x_can.o(i.CAN_Receive)
    CAN_StructInit                           0x080014a5   Thumb Code    32  stm32f10x_can.o(i.CAN_StructInit)
    CAN_Transmit                             0x080014c5   Thumb Code   294  stm32f10x_can.o(i.CAN_Transmit)
    CanIRQRecv                               0x080015ed   Thumb Code   194  monitor_can.o(i.CanIRQRecv)
    CanMonComStage                           0x080016b9   Thumb Code   146  monitor_can.o(i.CanMonComStage)
    CapSenChData                             0x08001755   Thumb Code   360  liquid_level.o(i.CapSenChData)
    CapSenCheckDriveCurrent                  0x080018c9   Thumb Code    38  liquid_level.o(i.CapSenCheckDriveCurrent)
    CapSenCheckRCOUNT                        0x080018f9   Thumb Code    34  liquid_level.o(i.CapSenCheckRCOUNT)
    CapSenChlEn                              0x08001925   Thumb Code    42  liquid_level.o(i.CapSenChlEn)
    CapSenChlSelect                          0x08001959   Thumb Code    36  liquid_level.o(i.CapSenChlSelect)
    CapSenConfig                             0x08001981   Thumb Code   420  liquid_level.o(i.CapSenConfig)
    CapSenDeteLiqLevel                       0x08001b2d   Thumb Code   430  liquid_level.o(i.CapSenDeteLiqLevel)
    CapSenReadChl                            0x08001ce5   Thumb Code    98  liquid_level.o(i.CapSenReadChl)
    CapSenReadStatus                         0x08001d51   Thumb Code    26  liquid_level.o(i.CapSenReadStatus)
    CapSenReset                              0x08001d75   Thumb Code    42  liquid_level.o(i.CapSenReset)
    CapSenResetDriveCurrent                  0x08001da5   Thumb Code     4  liquid_level.o(i.CapSenResetDriveCurrent)
    CapSenResetRCOUNT                        0x08001da9   Thumb Code    58  liquid_level.o(i.CapSenResetRCOUNT)
    CapSenSleepEn                            0x08001df1   Thumb Code    70  liquid_level.o(i.CapSenSleepEn)
    CapSenSlideWind                          0x08001e41   Thumb Code   242  liquid_level.o(i.CapSenSlideWind)
    CapSensor                                0x08001f39   Thumb Code   612  liquid_level.o(i.CapSensor)
    CheckFrame                               0x080021ad   Thumb Code   202  monitor_can.o(i.CheckFrame)
    CheckPhotosensor                         0x08002279   Thumb Code    16  gpio.o(i.CheckPhotosensor)
    CommMonitor                              0x08002291   Thumb Code    14  app.o(i.CommMonitor)
    DebugMon_Handler                         0x0800229f   Thumb Code     2  stm32f10x_it.o(i.DebugMon_Handler)
    DipCheck                                 0x080022a1   Thumb Code    58  gpio.o(i.DipCheck)
    DipSWCheck                               0x080022dd   Thumb Code   224  gpio.o(i.DipSWCheck)
    EXTI4_IRQHandler                         0x080023c9   Thumb Code    34  stm32f10x_it.o(i.EXTI4_IRQHandler)
    EXTI_ClearITPendingBit                   0x080023f1   Thumb Code     6  stm32f10x_exti.o(i.EXTI_ClearITPendingBit)
    EXTI_GetITStatus                         0x080023fd   Thumb Code    34  stm32f10x_exti.o(i.EXTI_GetITStatus)
    EXTI_Init                                0x08002425   Thumb Code   142  stm32f10x_exti.o(i.EXTI_Init)
    GPIO_Config                              0x080024e5   Thumb Code   436  bsp_gpio.o(i.GPIO_Config)
    GPIO_EXTILineConfig                      0x080026a5   Thumb Code    60  stm32f10x_gpio.o(i.GPIO_EXTILineConfig)
    GPIO_Init                                0x080026e5   Thumb Code   278  stm32f10x_gpio.o(i.GPIO_Init)
    GPIO_ReadInputDataBit                    0x080027fb   Thumb Code    18  stm32f10x_gpio.o(i.GPIO_ReadInputDataBit)
    GPIO_ResetBits                           0x0800280d   Thumb Code     4  stm32f10x_gpio.o(i.GPIO_ResetBits)
    GPIO_SetBits                             0x08002811   Thumb Code     4  stm32f10x_gpio.o(i.GPIO_SetBits)
    GenDelay_nop                             0x08002815   Thumb Code    16  bsp_lib.o(i.GenDelay_nop)
    GetTemperature                           0x08002825   Thumb Code    58  gpio.o(i.GetTemperature)
    I2C_AcknowledgeConfig                    0x08002869   Thumb Code    24  stm32f10x_i2c.o(i.I2C_AcknowledgeConfig)
    I2C_CheckDevice                          0x08002881   Thumb Code   184  bsp_iic.o(i.I2C_CheckDevice)
    I2C_CheckEvent                           0x08002941   Thumb Code    42  stm32f10x_i2c.o(i.I2C_CheckEvent)
    I2C_Cmd                                  0x0800296b   Thumb Code    24  stm32f10x_i2c.o(i.I2C_Cmd)
    I2C_DeInit                               0x08002985   Thumb Code    50  stm32f10x_i2c.o(i.I2C_DeInit)
    I2C_GenerateSTART                        0x080029bd   Thumb Code    24  stm32f10x_i2c.o(i.I2C_GenerateSTART)
    I2C_GenerateSTOP                         0x080029d5   Thumb Code    24  stm32f10x_i2c.o(i.I2C_GenerateSTOP)
    I2C_GetFlagStatus                        0x080029ed   Thumb Code    58  stm32f10x_i2c.o(i.I2C_GetFlagStatus)
    I2C_Init                                 0x08002a29   Thumb Code   222  stm32f10x_i2c.o(i.I2C_Init)
    I2C_Mem_Read                             0x08002b15   Thumb Code   422  bsp_iic.o(i.I2C_Mem_Read)
    I2C_Mem_Read2                            0x08002cc9   Thumb Code   260  bsp_iic.o(i.I2C_Mem_Read2)
    I2C_Mem_Write                            0x08002dd5   Thumb Code   298  bsp_iic.o(i.I2C_Mem_Write)
    I2C_ReceiveData                          0x08002f0d   Thumb Code     8  stm32f10x_i2c.o(i.I2C_ReceiveData)
    I2C_Send7bitAddress                      0x08002f15   Thumb Code    18  stm32f10x_i2c.o(i.I2C_Send7bitAddress)
    I2C_SendData                             0x08002f27   Thumb Code     4  stm32f10x_i2c.o(i.I2C_SendData)
    IIC2_Reset                               0x08002fa5   Thumb Code    18  bsp_iic.o(i.IIC2_Reset)
    IWDG_Feed                                0x08002fbd   Thumb Code    14  app.o(i.IWDG_Feed)
    IWDG_ReloadCounter                       0x08002fcd   Thumb Code    10  stm32f10x_iwdg.o(i.IWDG_ReloadCounter)
    Init_RxMes                               0x08002fdd   Thumb Code    36  bsp_can.o(i.Init_RxMes)
    LLDMonReadIO                             0x08003001   Thumb Code    24  gpio.o(i.LLDMonReadIO)
    LLDReslut                                0x0800301d   Thumb Code   232  liquid_level.o(i.LLDReslut)
    LLD_OutPutPulse                          0x08003115   Thumb Code    32  gpio.o(i.LLD_OutPutPulse)
    LPF1                                     0x08003139   Thumb Code    76  bsp_lib.o(i.LPF1)
    LPF2                                     0x08003185   Thumb Code    76  bsp_lib.o(i.LPF2)
    MemManage_Handler                        0x080031d1   Thumb Code     4  stm32f10x_it.o(i.MemManage_Handler)
    MidScan                                  0x080031d5   Thumb Code   320  gpio.o(i.MidScan)
    MonAirLLDPara1                           0x08003319   Thumb Code    38  monitor_can.o(i.MonAirLLDPara1)
    MonAirLLDPara1Reply                      0x0800333f   Thumb Code    22  monitor_can.o(i.MonAirLLDPara1Reply)
    MonAirLLDPara2                           0x08003355   Thumb Code    36  monitor_can.o(i.MonAirLLDPara2)
    MonAirLLDPara2Reply                      0x08003379   Thumb Code    20  monitor_can.o(i.MonAirLLDPara2Reply)
    MonAirLLDPara3                           0x0800338d   Thumb Code    36  monitor_can.o(i.MonAirLLDPara3)
    MonAirLLDPara3Reply                      0x080033b1   Thumb Code    20  monitor_can.o(i.MonAirLLDPara3Reply)
    MonAirLLDPara4                           0x080033c5   Thumb Code    36  monitor_can.o(i.MonAirLLDPara4)
    MonAirLLDPara4Reply                      0x080033e9   Thumb Code    20  monitor_can.o(i.MonAirLLDPara4Reply)
    MonAirLLDPara5                           0x080033fd   Thumb Code    36  monitor_can.o(i.MonAirLLDPara5)
    MonAirLLDPara5Reply                      0x08003421   Thumb Code    20  monitor_can.o(i.MonAirLLDPara5Reply)
    MonAnalyseCanMess                        0x08003435   Thumb Code   438  monitor_can.o(i.MonAnalyseCanMess)
    MonCapLLDPara1                           0x080035f1   Thumb Code    36  monitor_can.o(i.MonCapLLDPara1)
    MonCapLLDPara1Reply                      0x08003615   Thumb Code    20  monitor_can.o(i.MonCapLLDPara1Reply)
    MonCapLLDPara3                           0x08003629   Thumb Code    36  monitor_can.o(i.MonCapLLDPara3)
    MonCapLLDPara3Reply                      0x0800364d   Thumb Code    20  monitor_can.o(i.MonCapLLDPara3Reply)
    MonConfigAirSen                          0x08003661   Thumb Code    14  monitor_can.o(i.MonConfigAirSen)
    MonConfigAirSenReply                     0x0800366f   Thumb Code    20  monitor_can.o(i.MonConfigAirSenReply)
    MonFillSendBuff                          0x08003685   Thumb Code    82  monitor_can.o(i.MonFillSendBuff)
    MonOperateIO                             0x080036dd   Thumb Code    14  monitor_can.o(i.MonOperateIO)
    MonOperateIOReply                        0x080036eb   Thumb Code    20  monitor_can.o(i.MonOperateIOReply)
    MonRWpara                                0x08003701   Thumb Code    46  monitor_can.o(i.MonRWpara)
    MonRWparaReply                           0x08003735   Thumb Code    20  monitor_can.o(i.MonRWparaReply)
    MonRead204                               0x08003749   Thumb Code    14  monitor_can.o(i.MonRead204)
    MonRead204Reply                          0x08003757   Thumb Code     6  monitor_can.o(i.MonRead204Reply)
    MonRead205                               0x0800375d   Thumb Code    14  monitor_can.o(i.MonRead205)
    MonRead205Reply                          0x0800376b   Thumb Code     6  monitor_can.o(i.MonRead205Reply)
    MonRead206                               0x08003771   Thumb Code    14  monitor_can.o(i.MonRead206)
    MonRead206Reply                          0x0800377f   Thumb Code     6  monitor_can.o(i.MonRead206Reply)
    MonRead208                               0x08003785   Thumb Code    14  monitor_can.o(i.MonRead208)
    MonRead208Reply                          0x08003793   Thumb Code     6  monitor_can.o(i.MonRead208Reply)
    MonReadAirVal                            0x08003799   Thumb Code    36  monitor_can.o(i.MonReadAirVal)
    MonReadAirValReply                       0x080037bd   Thumb Code    20  monitor_can.o(i.MonReadAirValReply)
    MonReadCapVal                            0x080037d1   Thumb Code    36  monitor_can.o(i.MonReadCapVal)
    MonReadCapValReply                       0x080037f5   Thumb Code    20  monitor_can.o(i.MonReadCapValReply)
    MonReadLLD                               0x08003809   Thumb Code    14  monitor_can.o(i.MonReadLLD)
    MonReadLLDReply                          0x08003819   Thumb Code    44  monitor_can.o(i.MonReadLLDReply)
    MonReadSoftWareName                      0x0800384d   Thumb Code    34  monitor_can.o(i.MonReadSoftWareName)
    MonReadSoftWareNameReply                 0x0800386f   Thumb Code    20  monitor_can.o(i.MonReadSoftWareNameReply)
    MonReadSoftWareVer                       0x08003883   Thumb Code    14  monitor_can.o(i.MonReadSoftWareVer)
    MonReadSoftWareVerReply                  0x08003891   Thumb Code    20  monitor_can.o(i.MonReadSoftWareVerReply)
    MonSelectSen                             0x080038a5   Thumb Code    36  monitor_can.o(i.MonSelectSen)
    MonSelectSenReply                        0x080038c9   Thumb Code    20  monitor_can.o(i.MonSelectSenReply)
    MonSendCanMess                           0x080038dd   Thumb Code   452  monitor_can.o(i.MonSendCanMess)
    MonTemp                                  0x08003aa5   Thumb Code    14  monitor_can.o(i.MonTemp)
    MonTempReply                             0x08003ab3   Thumb Code    22  monitor_can.o(i.MonTempReply)
    NMI_Handler                              0x08003ac9   Thumb Code     2  stm32f10x_it.o(i.NMI_Handler)
    NVIC_Init                                0x08003acd   Thumb Code   100  misc.o(i.NVIC_Init)
    NVIC_PriorityGroupConfig                 0x08003b3d   Thumb Code    10  misc.o(i.NVIC_PriorityGroupConfig)
    QueueLoopCanInsert                       0x08003b51   Thumb Code    90  monitor_can.o(i.QueueLoopCanInsert)
    QueueLoopCanPop                          0x08003bab   Thumb Code    80  monitor_can.o(i.QueueLoopCanPop)
    QueueLoopClear                           0x08003bfb   Thumb Code    14  bsp_lib.o(i.QueueLoopClear)
    QueueLoopInit                            0x08003c09   Thumb Code    24  bsp_lib.o(i.QueueLoopInit)
    QueueLoopIsFull                          0x08003c21   Thumb Code    38  bsp_lib.o(i.QueueLoopIsFull)
    RCC_APB1PeriphClockCmd                   0x08003c49   Thumb Code    26  stm32f10x_rcc.o(i.RCC_APB1PeriphClockCmd)
    RCC_APB1PeriphResetCmd                   0x08003c69   Thumb Code    26  stm32f10x_rcc.o(i.RCC_APB1PeriphResetCmd)
    RCC_APB2PeriphClockCmd                   0x08003c89   Thumb Code    26  stm32f10x_rcc.o(i.RCC_APB2PeriphClockCmd)
    RCC_GetClocksFreq                        0x08003ca9   Thumb Code   192  stm32f10x_rcc.o(i.RCC_GetClocksFreq)
    ReadAirLLDPara1                          0x08003d7d   Thumb Code   140  liquid_level.o(i.ReadAirLLDPara1)
    ReadAirLLDPara2                          0x08003e0d   Thumb Code    70  liquid_level.o(i.ReadAirLLDPara2)
    ReadAirLLDPara3                          0x08003e59   Thumb Code    42  liquid_level.o(i.ReadAirLLDPara3)
    ReadAirLLDPara4                          0x08003e89   Thumb Code    42  liquid_level.o(i.ReadAirLLDPara4)
    ReadAirLLDPara5                          0x08003eb9   Thumb Code    42  liquid_level.o(i.ReadAirLLDPara5)
    ReadAirMapVal                            0x08003ee9   Thumb Code    50  liquid_level.o(i.ReadAirMapVal)
    ReadAirSenReg                            0x08003f25   Thumb Code     6  liquid_level.o(i.ReadAirSenReg)
    ReadCLLDPara1                            0x08003f2d   Thumb Code    14  liquid_level.o(i.ReadCLLDPara1)
    ReadCLLDPara3                            0x08003f41   Thumb Code    48  liquid_level.o(i.ReadCLLDPara3)
    ReadCapMapVal                            0x08003f75   Thumb Code    46  liquid_level.o(i.ReadCapMapVal)
    ReadLLDResult                            0x08003fad   Thumb Code    12  liquid_level.o(i.ReadLLDResult)
    ReadSelectSen                            0x08003fbd   Thumb Code    44  liquid_level.o(i.ReadSelectSen)
    ReadSoftWareName                         0x08003ff1   Thumb Code   132  app_misc.o(i.ReadSoftWareName)
    ReadSoftWareNameIns                      0x0800407d   Thumb Code    18  app_misc.o(i.ReadSoftWareNameIns)
    ReadSoftWareVer                          0x08004095   Thumb Code    32  app_misc.o(i.ReadSoftWareVer)
    ReadTemp                                 0x080040b9   Thumb Code    76  gpio.o(i.ReadTemp)
    ReadUsePara                              0x08004109   Thumb Code    26  liquid_level.o(i.ReadUsePara)
    ReleaseIIC                               0x08004129   Thumb Code   102  bsp_i2c_gpio.o(i.ReleaseIIC)
    SVC_Handler                              0x0800418f   Thumb Code     2  stm32f10x_it.o(i.SVC_Handler)
    SWSysTimer                               0x08004191   Thumb Code    28  app.o(i.SWSysTimer)
    SWSysTimerAdd                            0x080041b5   Thumb Code    44  bsp_timer.o(i.SWSysTimerAdd)
    SWTimer10ms                              0x080041e5   Thumb Code    34  app.o(i.SWTimer10ms)
    SetPara16                                0x08004207   Thumb Code    24  storage.o(i.SetPara16)
    SmoothPipeline32                         0x08004309   Thumb Code    38  bsp_lib.o(i.SmoothPipeline32)
    SysEventAlloc                            0x08004331   Thumb Code    16  event.o(i.SysEventAlloc)
    SysEventPut                              0x08004345   Thumb Code    68  event.o(i.SysEventPut)
    SysTick_Handler                          0x08004399   Thumb Code    16  stm32f10x_it.o(i.SysTick_Handler)
    SystemInit                               0x080043a9   Thumb Code    78  system_stm32f10x.o(i.SystemInit)
    TIM2_IRQHandler                          0x08004409   Thumb Code    40  stm32f10x_it.o(i.TIM2_IRQHandler)
    TIM3_IRQHandler                          0x08004435   Thumb Code    30  stm32f10x_it.o(i.TIM3_IRQHandler)
    TIM_ClearITPendingBit                    0x08004459   Thumb Code     6  stm32f10x_tim.o(i.TIM_ClearITPendingBit)
    TIM_GetITStatus                          0x0800445f   Thumb Code    34  stm32f10x_tim.o(i.TIM_GetITStatus)
    TempNTC                                  0x08004481   Thumb Code    64  gpio.o(i.TempNTC)
    USART1_Config                            0x080044cd   Thumb Code   136  bsp_usart.o(i.USART1_Config)
    USART2_IRQHandler                        0x08004581   Thumb Code    40  stm32f10x_it.o(i.USART2_IRQHandler)
    USART_Cmd                                0x080045b1   Thumb Code    24  stm32f10x_usart.o(i.USART_Cmd)
    USART_GetITStatus                        0x080045c9   Thumb Code    84  stm32f10x_usart.o(i.USART_GetITStatus)
    USART_ITConfig                           0x0800461d   Thumb Code    74  stm32f10x_usart.o(i.USART_ITConfig)
    USART_Init                               0x08004669   Thumb Code   210  stm32f10x_usart.o(i.USART_Init)
    USART_ReceiveData                        0x08004741   Thumb Code    10  stm32f10x_usart.o(i.USART_ReceiveData)
    USB_LP_CAN1_RX0_IRQHandler               0x0800474b   Thumb Code    16  stm32f10x_it.o(i.USB_LP_CAN1_RX0_IRQHandler)
    UsageFault_Handler                       0x0800475b   Thumb Code     4  stm32f10x_it.o(i.UsageFault_Handler)
    UsartIRQReceiveHandler                   0x0800475f   Thumb Code    34  m_usart.o(i.UsartIRQReceiveHandler)
    WriteAirLLDPara1                         0x08004781   Thumb Code   140  liquid_level.o(i.WriteAirLLDPara1)
    WriteAirLLDPara2                         0x08004811   Thumb Code   118  liquid_level.o(i.WriteAirLLDPara2)
    WriteAirLLDPara3                         0x08004891   Thumb Code   118  liquid_level.o(i.WriteAirLLDPara3)
    WriteAirLLDPara4                         0x08004911   Thumb Code   118  liquid_level.o(i.WriteAirLLDPara4)
    WriteAirLLDPara5                         0x08004991   Thumb Code   118  liquid_level.o(i.WriteAirLLDPara5)
    WriteAirMapVal                           0x08004a11   Thumb Code     6  liquid_level.o(i.WriteAirMapVal)
    WriteCLLDPara1                           0x08004a19   Thumb Code    36  liquid_level.o(i.WriteCLLDPara1)
    WriteCLLDPara3                           0x08004a41   Thumb Code   188  liquid_level.o(i.WriteCLLDPara3)
    WriteCapMapVal                           0x08004b05   Thumb Code     6  liquid_level.o(i.WriteCapMapVal)
    WriteSeleSen                             0x08004b0d   Thumb Code    36  liquid_level.o(i.WriteSeleSen)
    WriteUsePara                             0x08004b35   Thumb Code    60  liquid_level.o(i.WriteUsePara)
    __rt_ffs                                 0x08004b75   Thumb Code    70  kservice.o(i.__rt_ffs)
    __scatterload_copy                       0x08004bc1   Thumb Code    14  handlers.o(i.__scatterload_copy)
    __scatterload_null                       0x08004bcf   Thumb Code     2  handlers.o(i.__scatterload_null)
    __scatterload_zeroinit                   0x08004bd1   Thumb Code    14  handlers.o(i.__scatterload_zeroinit)
    i2c_Delay                                0x08004cdf   Thumb Code    14  bsp_i2c_gpio.o(i.i2c_Delay)
    i2c_Stop                                 0x08004ced   Thumb Code    28  bsp_i2c_gpio.o(i.i2c_Stop)
    $Super$$main                             0x08004d09   Thumb Code   144  main.o(i.main)
    main_thread_entry                        0x08004de9   Thumb Code    14  components.o(i.main_thread_entry)
    rt_application_init                      0x08004e71   Thumb Code    32  components.o(i.rt_application_init)
    rt_components_board_init                 0x08004e9d   Thumb Code    20  components.o(i.rt_components_board_init)
    rt_components_init                       0x08004eb9   Thumb Code    20  components.o(i.rt_components_init)
    rt_enter_critical                        0x08004ed5   Thumb Code    28  scheduler.o(i.rt_enter_critical)
    rt_exit_critical                         0x08004ef5   Thumb Code    60  scheduler.o(i.rt_exit_critical)
    rt_free                                  0x08004f39   Thumb Code    98  mem.o(i.rt_free)
    rt_heap_begin_get                        0x08004fb1   Thumb Code     4  board.o(i.rt_heap_begin_get)
    rt_heap_end_get                          0x08004fb9   Thumb Code     4  board.o(i.rt_heap_end_get)
    rt_hw_board_init                         0x08004fc1   Thumb Code   120  board.o(i.rt_hw_board_init)
    rt_hw_hard_fault_exception               0x08005049   Thumb Code    32  cpuport.o(i.rt_hw_hard_fault_exception)
    rt_hw_stack_init                         0x0800506d   Thumb Code    70  cpuport.o(i.rt_hw_stack_init)
    rt_interrupt_enter                       0x080050b9   Thumb Code    26  irq.o(i.rt_interrupt_enter)
    rt_interrupt_leave                       0x080050d9   Thumb Code    26  irq.o(i.rt_interrupt_leave)
    rt_malloc                                0x0800522d   Thumb Code   336  mem.o(i.rt_malloc)
    rt_memset                                0x08005399   Thumb Code    72  kservice.o(i.rt_memset)
    rt_object_allocate                       0x080053e1   Thumb Code    84  object.o(i.rt_object_allocate)
    rt_object_delete                         0x08005435   Thumb Code    36  object.o(i.rt_object_delete)
    rt_object_detach                         0x08005459   Thumb Code    30  object.o(i.rt_object_detach)
    rt_object_get_information                0x08005479   Thumb Code    36  object.o(i.rt_object_get_information)
    rt_object_init                           0x080054a1   Thumb Code    86  object.o(i.rt_object_init)
    rt_object_is_systemobject                0x080054f7   Thumb Code    18  object.o(i.rt_object_is_systemobject)
    rt_schedule                              0x08005509   Thumb Code   106  scheduler.o(i.rt_schedule)
    rt_schedule_insert_thread                0x0800558d   Thumb Code    72  scheduler.o(i.rt_schedule_insert_thread)
    rt_schedule_remove_thread                0x080055dd   Thumb Code    76  scheduler.o(i.rt_schedule_remove_thread)
    rt_sem_init                              0x08005631   Thumb Code    38  ipc.o(i.rt_sem_init)
    rt_sem_release                           0x08005657   Thumb Code    82  ipc.o(i.rt_sem_release)
    rt_sem_take                              0x080056a9   Thumb Code   116  ipc.o(i.rt_sem_take)
    rt_show_version                          0x0800571d   Thumb Code     2  kservice.o(i.rt_show_version)
    rt_strncpy                               0x0800571f   Thumb Code    52  kservice.o(i.rt_strncpy)
    rt_system_heap_init                      0x08005755   Thumb Code   146  mem.o(i.rt_system_heap_init)
    rt_system_scheduler_init                 0x08005805   Thumb Code    52  scheduler.o(i.rt_system_scheduler_init)
    rt_system_scheduler_start                0x08005851   Thumb Code    36  scheduler.o(i.rt_system_scheduler_start)
    rt_system_timer_init                     0x08005881   Thumb Code    24  timer.o(i.rt_system_timer_init)
    rt_system_timer_thread_init              0x0800589d   Thumb Code     2  timer.o(i.rt_system_timer_thread_init)
    rt_thread_create                         0x0800589f   Thumb Code    80  thread.o(i.rt_thread_create)
    rt_thread_delay                          0x080058ef   Thumb Code    12  thread.o(i.rt_thread_delay)
    rt_thread_exit                           0x080058fd   Thumb Code    78  thread.o(i.rt_thread_exit)
    rt_thread_idle_excute                    0x0800595d   Thumb Code    92  idle.o(i.rt_thread_idle_excute)
    rt_thread_idle_init                      0x080059bd   Thumb Code    38  idle.o(i.rt_thread_idle_init)
    rt_thread_init                           0x080059f9   Thumb Code    52  thread.o(i.rt_thread_init)
    rt_thread_resume                         0x08005a2d   Thumb Code    60  thread.o(i.rt_thread_resume)
    rt_thread_self                           0x08005a69   Thumb Code     6  thread.o(i.rt_thread_self)
    rt_thread_sleep                          0x08005a75   Thumb Code    62  thread.o(i.rt_thread_sleep)
    rt_thread_startup                        0x08005ab9   Thumb Code    44  thread.o(i.rt_thread_startup)
    rt_thread_suspend                        0x08005ae5   Thumb Code    68  thread.o(i.rt_thread_suspend)
    rt_thread_timeout                        0x08005b29   Thumb Code    32  thread.o(i.rt_thread_timeout)
    rt_thread_yield                          0x08005b49   Thumb Code    92  thread.o(i.rt_thread_yield)
    rt_tick_get                              0x08005bad   Thumb Code     6  clock.o(i.rt_tick_get)
    rt_tick_increase                         0x08005bb9   Thumb Code    42  clock.o(i.rt_tick_increase)
    rt_timer_check                           0x08005be9   Thumb Code   160  timer.o(i.rt_timer_check)
    rt_timer_control                         0x08005c8d   Thumb Code    98  timer.o(i.rt_timer_control)
    rt_timer_detach                          0x08005cef   Thumb Code    40  timer.o(i.rt_timer_detach)
    rt_timer_init                            0x08005d17   Thumb Code    46  timer.o(i.rt_timer_init)
    rt_timer_start                           0x08005d45   Thumb Code   226  timer.o(i.rt_timer_start)
    rt_timer_stop                            0x08005e31   Thumb Code    48  timer.o(i.rt_timer_stop)
    rtthread_startup                         0x08005e71   Thumb Code    42  components.o(i.rtthread_startup)
    SoftWareName                             0x08005e9a   Data          24  bsp_misc.o(.constdata)
    SoftWareVer                              0x08005eb2   Data           8  bsp_misc.o(.constdata)
    __lowest_bit_bitmap                      0x08005f70   Data         256  kservice.o(.constdata)
    __rt_init_rti_start                      0x08006094   Data           4  components.o(.rti_fn.0)
    __rt_init_rti_board_start                0x08006098   Data           4  components.o(.rti_fn.0.end)
    __rt_init_rti_board_end                  0x0800609c   Data           4  components.o(.rti_fn.1.end)
    __rt_init_rti_end                        0x080060a0   Data           4  components.o(.rti_fn.6.end)
    Region$$Table$$Base                      0x080060a4   Number         0  anon$$obj.o(Region$$Table)
    Region$$Table$$Limit                     0x080060c4   Number         0  anon$$obj.o(Region$$Table)
    SystemCoreClock                          0x20000000   Data           4  system_stm32f10x.o(.data)
    AHBPrescTable                            0x20000004   Data          16  system_stm32f10x.o(.data)
    SoftSys                                  0x2000002c   Data           4  app_misc.o(.data)
    LLDMan                                   0x20000030   Data           2  liquid_level.o(.data)
    DIMan                                    0x20000032   Data           3  gpio.o(.data)
    SysEventHead                             0x20000038   Data           8  event.o(.data)
    SysEventTail                             0x20000040   Data           8  event.o(.data)
    SysEventFreeList                         0x20000048   Data           4  event.o(.data)
    SysEventCount                            0x2000004c   Data           1  event.o(.data)
    rt_interrupt_nest                        0x20000054   Data           1  irq.o(.data)
    rt_thread_ready_priority_group           0x200000b0   Data           4  scheduler.o(.data)
    rt_current_thread                        0x200000b8   Data           4  scheduler.o(.data)
    rt_current_priority                      0x200000bc   Data           1  scheduler.o(.data)
    rt_thread_defunct                        0x200000c0   Data           8  scheduler.o(.data)
    rt_interrupt_from_thread                 0x200000d4   Data           4  cpuport.o(.data)
    rt_interrupt_to_thread                   0x200000d8   Data           4  cpuport.o(.data)
    rt_thread_switch_interrupt_flag          0x200000dc   Data           4  cpuport.o(.data)
    GPIOIIC                                  0x200000e4   Data          48  bsp_i2c_gpio.o(.bss)
    SWSysTimeTick                            0x20000114   Data          12  bsp_timer.o(.bss)
    wdog_tcb                                 0x20000120   Data         120  main.o(.bss)
    SWSysTimer_tcb                           0x20000198   Data         120  main.o(.bss)
    SWTimer10ms_tcb                          0x20000210   Data         120  main.o(.bss)
    comm_monitor_tcb                         0x20000288   Data         120  main.o(.bss)
    rt_wdog_stk                              0x20000300   Data         128  main.o(.bss)
    rt_SWSysTimer_stk                        0x20000380   Data         128  main.o(.bss)
    rt_SWTimer10ms_stk                       0x20000400   Data         512  main.o(.bss)
    rt_comm_monitor_stk                      0x20000600   Data         512  main.o(.bss)
    MonCan                                   0x20001800   Data         152  monitor_can.o(.bss)
    ModbusMon                                0x20001898   Data         344  monitor_usart.o(.bss)
    UserPara                                 0x200019f0   Data         248  storage.o(.bss)
    Storage                                  0x20001ae8   Data          16  storage.o(.bss)
    CapSenPara                               0x20001af8   Data         296  liquid_level.o(.bss)
    AirSenPara                               0x20001c20   Data         408  liquid_level.o(.bss)
    TempSensor                               0x20001db8   Data          80  gpio.o(.bss)
    DipSW                                    0x20001e08   Data          12  gpio.o(.bss)
    rt_thread_priority_table                 0x20001fac   Data          64  scheduler.o(.bss)
    __initial_sp                             0x200023f0   Data           0  startup_stm32f10x_md.o(STACK)



==============================================================================

Memory Map of the image

  Image Entry point : 0x080000ed

  Load Region LR_IROM1 (Base: 0x08000000, Size: 0x000061a8, Max: 0x00010000, ABSOLUTE)

    Execution Region ER_IROM1 (Exec base: 0x08000000, Load base: 0x08000000, Size: 0x000060c4, Max: 0x00010000, ABSOLUTE)

    Exec Addr    Load Addr    Size         Type   Attr      Idx    E Section Name        Object

    0x08000000   0x08000000   0x000000ec   Data   RO            3    RESET               startup_stm32f10x_md.o
    0x080000ec   0x080000ec   0x00000000   Code   RO         6264  * .ARM.Collect$$$$00000000  mc_w.l(entry.o)
    0x080000ec   0x080000ec   0x00000004   Code   RO         6550    .ARM.Collect$$$$00000001  mc_w.l(entry2.o)
    0x080000f0   0x080000f0   0x00000004   Code   RO         6553    .ARM.Collect$$$$00000004  mc_w.l(entry5.o)
    0x080000f4   0x080000f4   0x00000000   Code   RO         6555    .ARM.Collect$$$$00000008  mc_w.l(entry7b.o)
    0x080000f4   0x080000f4   0x00000000   Code   RO         6557    .ARM.Collect$$$$0000000A  mc_w.l(entry8b.o)
    0x080000f4   0x080000f4   0x00000008   Code   RO         6558    .ARM.Collect$$$$0000000B  mc_w.l(entry9a.o)
    0x080000fc   0x080000fc   0x00000004   Code   RO         6565    .ARM.Collect$$$$0000000E  mc_w.l(entry12b.o)
    0x08000100   0x08000100   0x00000000   Code   RO         6560    .ARM.Collect$$$$0000000F  mc_w.l(entry10a.o)
    0x08000100   0x08000100   0x00000000   Code   RO         6562    .ARM.Collect$$$$00000011  mc_w.l(entry11a.o)
    0x08000100   0x08000100   0x00000004   Code   RO         6551    .ARM.Collect$$$$00002712  mc_w.l(entry2.o)
    0x08000104   0x08000104   0x00000024   Code   RO            4    .text               startup_stm32f10x_md.o
    0x08000128   0x08000128   0x000000f4   Code   RO         6221    .text               context_rvds.o
    0x0800021c   0x0800021c   0x00000040   Code   RO         6269    .text               mc_w.l(memmovea.o)
    0x0800025c   0x0800025c   0x000000b0   Code   RO         6538    .text               mf_w.l(fadd.o)
    0x0800030c   0x0800030c   0x00000064   Code   RO         6540    .text               mf_w.l(fmul.o)
    0x08000370   0x08000370   0x00000012   Code   RO         6542    .text               mf_w.l(fflti.o)
    0x08000382   0x08000382   0x0000000a   Code   RO         6544    .text               mf_w.l(ffltui.o)
    0x0800038c   0x0800038c   0x00000032   Code   RO         6546    .text               mf_w.l(ffixi.o)
    0x080003be   0x080003be   0x00000028   Code   RO         6548    .text               mf_w.l(ffixui.o)
    0x080003e6   0x080003e6   0x00000000   Code   RO         6575    .text               mc_w.l(iusefp.o)
    0x080003e6   0x080003e6   0x0000006e   Code   RO         6576    .text               mf_w.l(fepilogue.o)
    0x08000454   0x08000454   0x00000024   Code   RO         6588    .text               mc_w.l(init.o)
    0x08000478   0x08000478   0x0000000a   Code   RO         5321    i.$Sub$$main        components.o
    0x08000482   0x08000482   0x00000002   PAD
    0x08000484   0x08000484   0x0000003c   Code   RO         4158    i.ADC1_2_IRQHandler  stm32f10x_it.o
    0x080004c0   0x080004c0   0x0000000a   Code   RO          182    i.ADC_ClearITPendingBit  stm32f10x_adc.o
    0x080004ca   0x080004ca   0x00000008   Code   RO          192    i.ADC_GetConversionValue  stm32f10x_adc.o
    0x080004d2   0x080004d2   0x00000024   Code   RO          195    i.ADC_GetITStatus   stm32f10x_adc.o
    0x080004f6   0x080004f6   0x00000016   Code   RO          208    i.ADC_SoftwareStartConvCmd  stm32f10x_adc.o
    0x0800050c   0x0800050c   0x00000012   Code   RO         3108    i.Accumulation16    bsp_lib.o
    0x0800051e   0x0800051e   0x0000000e   Code   RO         3109    i.Accumulation32    bsp_lib.o
    0x0800052c   0x0800052c   0x0000000e   Code   RO         3110    i.Accumulation8     bsp_lib.o
    0x0800053a   0x0800053a   0x000001e2   Code   RO         4784    i.AirSenCheckAll    liquid_level.o
    0x0800071c   0x0800071c   0x00000018   Code   RO         4785    i.AirSenConfig      liquid_level.o
    0x08000734   0x08000734   0x00000050   Code   RO         4786    i.AirSenConvertAD   liquid_level.o
    0x08000784   0x08000784   0x000005d4   Code   RO         4787    i.AirSenDeteLiqLevel  liquid_level.o
    0x08000d58   0x08000d58   0x0000003c   Code   RO         4789    i.AirSenPressState1  liquid_level.o
    0x08000d94   0x08000d94   0x00000022   Code   RO         4790    i.AirSenPressState2  liquid_level.o
    0x08000db6   0x08000db6   0x00000002   PAD
    0x08000db8   0x08000db8   0x00000024   Code   RO         4791    i.AirSenReadPressADC  liquid_level.o
    0x08000ddc   0x08000ddc   0x000000a0   Code   RO         4792    i.AirSensor         liquid_level.o
    0x08000e7c   0x08000e7c   0x0000001e   Code   RO         3111    i.Array32Clear      bsp_lib.o
    0x08000e9a   0x08000e9a   0x00000066   Code   RO         3917    i.BSP_UartCommTimeHandler  m_usart.o
    0x08000f00   0x08000f00   0x00000004   Code   RO         4159    i.BusFault_Handler  stm32f10x_it.o
    0x08000f04   0x08000f04   0x00000018   Code   RO         3426    i.CAN_Config        bsp_can.o
    0x08000f1c   0x08000f1c   0x00000038   Code   RO          481    i.CAN_DeInit        stm32f10x_can.o
    0x08000f54   0x08000f54   0x00000108   Code   RO          483    i.CAN_FilterInit    stm32f10x_can.o
    0x0800105c   0x0800105c   0x0000005e   Code   RO         3427    i.CAN_Filter_Config  bsp_can.o
    0x080010ba   0x080010ba   0x00000002   PAD
    0x080010bc   0x080010bc   0x00000050   Code   RO         3428    i.CAN_GPIO_Config   bsp_can.o
    0x0800110c   0x0800110c   0x00000012   Code   RO          489    i.CAN_ITConfig      stm32f10x_can.o
    0x0800111e   0x0800111e   0x00000114   Code   RO          490    i.CAN_Init          stm32f10x_can.o
    0x08001232   0x08001232   0x00000092   Code   RO         3429    i.CAN_Mode_Config   bsp_can.o
    0x080012c4   0x080012c4   0x000000b0   Code   RO         4305    i.CAN_MonInit       monitor_can.o
    0x08001374   0x08001374   0x0000002a   Code   RO         3430    i.CAN_NVIC_Config   bsp_can.o
    0x0800139e   0x0800139e   0x00000002   PAD
    0x080013a0   0x080013a0   0x00000014   Code   RO         4306    i.CAN_ParaInit      monitor_can.o
    0x080013b4   0x080013b4   0x000000f0   Code   RO          493    i.CAN_Receive       stm32f10x_can.o
    0x080014a4   0x080014a4   0x00000020   Code   RO          496    i.CAN_StructInit    stm32f10x_can.o
    0x080014c4   0x080014c4   0x00000126   Code   RO          498    i.CAN_Transmit      stm32f10x_can.o
    0x080015ea   0x080015ea   0x00000002   PAD
    0x080015ec   0x080015ec   0x000000cc   Code   RO         4307    i.CanIRQRecv        monitor_can.o
    0x080016b8   0x080016b8   0x0000009c   Code   RO         4308    i.CanMonComStage    monitor_can.o
    0x08001754   0x08001754   0x00000174   Code   RO         4793    i.CapSenChData      liquid_level.o
    0x080018c8   0x080018c8   0x00000030   Code   RO         4794    i.CapSenCheckDriveCurrent  liquid_level.o
    0x080018f8   0x080018f8   0x0000002c   Code   RO         4795    i.CapSenCheckRCOUNT  liquid_level.o
    0x08001924   0x08001924   0x00000034   Code   RO         4796    i.CapSenChlEn       liquid_level.o
    0x08001958   0x08001958   0x00000028   Code   RO         4797    i.CapSenChlSelect   liquid_level.o
    0x08001980   0x08001980   0x000001ac   Code   RO         4798    i.CapSenConfig      liquid_level.o
    0x08001b2c   0x08001b2c   0x000001b8   Code   RO         4799    i.CapSenDeteLiqLevel  liquid_level.o
    0x08001ce4   0x08001ce4   0x0000006c   Code   RO         4801    i.CapSenReadChl     liquid_level.o
    0x08001d50   0x08001d50   0x00000024   Code   RO         4802    i.CapSenReadStatus  liquid_level.o
    0x08001d74   0x08001d74   0x00000030   Code   RO         4803    i.CapSenReset       liquid_level.o
    0x08001da4   0x08001da4   0x00000004   Code   RO         4804    i.CapSenResetDriveCurrent  liquid_level.o
    0x08001da8   0x08001da8   0x00000048   Code   RO         4805    i.CapSenResetRCOUNT  liquid_level.o
    0x08001df0   0x08001df0   0x00000050   Code   RO         4806    i.CapSenSleepEn     liquid_level.o
    0x08001e40   0x08001e40   0x000000f8   Code   RO         4807    i.CapSenSlideWind   liquid_level.o
    0x08001f38   0x08001f38   0x00000274   Code   RO         4808    i.CapSensor         liquid_level.o
    0x080021ac   0x080021ac   0x000000ca   Code   RO         4309    i.CheckFrame        monitor_can.o
    0x08002276   0x08002276   0x00000002   PAD
    0x08002278   0x08002278   0x00000018   Code   RO         5121    i.CheckPhotosensor  gpio.o
    0x08002290   0x08002290   0x0000000e   Code   RO         4245    i.CommMonitor       app.o
    0x0800229e   0x0800229e   0x00000002   Code   RO         4160    i.DebugMon_Handler  stm32f10x_it.o
    0x080022a0   0x080022a0   0x0000003a   Code   RO         5122    i.DipCheck          gpio.o
    0x080022da   0x080022da   0x00000002   PAD
    0x080022dc   0x080022dc   0x000000ec   Code   RO         5123    i.DipSWCheck        gpio.o
    0x080023c8   0x080023c8   0x00000028   Code   RO         4161    i.EXTI4_IRQHandler  stm32f10x_it.o
    0x080023f0   0x080023f0   0x0000000c   Code   RO          939    i.EXTI_ClearITPendingBit  stm32f10x_exti.o
    0x080023fc   0x080023fc   0x00000028   Code   RO          943    i.EXTI_GetITStatus  stm32f10x_exti.o
    0x08002424   0x08002424   0x00000094   Code   RO          944    i.EXTI_Init         stm32f10x_exti.o
    0x080024b8   0x080024b8   0x0000002a   Code   RO         3843    i.EXTI_NVIC_Config  bsp_gpio.o
    0x080024e2   0x080024e2   0x00000002   PAD
    0x080024e4   0x080024e4   0x000001c0   Code   RO         3844    i.GPIO_Config       bsp_gpio.o
    0x080026a4   0x080026a4   0x00000040   Code   RO         1289    i.GPIO_EXTILineConfig  stm32f10x_gpio.o
    0x080026e4   0x080026e4   0x00000116   Code   RO         1292    i.GPIO_Init         stm32f10x_gpio.o
    0x080027fa   0x080027fa   0x00000012   Code   RO         1296    i.GPIO_ReadInputDataBit  stm32f10x_gpio.o
    0x0800280c   0x0800280c   0x00000004   Code   RO         1299    i.GPIO_ResetBits    stm32f10x_gpio.o
    0x08002810   0x08002810   0x00000004   Code   RO         1300    i.GPIO_SetBits      stm32f10x_gpio.o
    0x08002814   0x08002814   0x00000010   Code   RO         3117    i.GenDelay_nop      bsp_lib.o
    0x08002824   0x08002824   0x00000044   Code   RO         5127    i.GetTemperature    gpio.o
    0x08002868   0x08002868   0x00000018   Code   RO         1401    i.I2C_AcknowledgeConfig  stm32f10x_i2c.o
    0x08002880   0x08002880   0x000000c0   Code   RO         3468    i.I2C_CheckDevice   bsp_iic.o
    0x08002940   0x08002940   0x0000002a   Code   RO         1403    i.I2C_CheckEvent    stm32f10x_i2c.o
    0x0800296a   0x0800296a   0x00000018   Code   RO         1406    i.I2C_Cmd           stm32f10x_i2c.o
    0x08002982   0x08002982   0x00000002   PAD
    0x08002984   0x08002984   0x00000038   Code   RO         1409    i.I2C_DeInit        stm32f10x_i2c.o
    0x080029bc   0x080029bc   0x00000018   Code   RO         1413    i.I2C_GenerateSTART  stm32f10x_i2c.o
    0x080029d4   0x080029d4   0x00000018   Code   RO         1414    i.I2C_GenerateSTOP  stm32f10x_i2c.o
    0x080029ec   0x080029ec   0x0000003a   Code   RO         1415    i.I2C_GetFlagStatus  stm32f10x_i2c.o
    0x08002a26   0x08002a26   0x00000002   PAD
    0x08002a28   0x08002a28   0x000000ec   Code   RO         1420    i.I2C_Init          stm32f10x_i2c.o
    0x08002b14   0x08002b14   0x000001b4   Code   RO         3469    i.I2C_Mem_Read      bsp_iic.o
    0x08002cc8   0x08002cc8   0x0000010c   Code   RO         3470    i.I2C_Mem_Read2     bsp_iic.o
    0x08002dd4   0x08002dd4   0x00000138   Code   RO         3471    i.I2C_Mem_Write     bsp_iic.o
    0x08002f0c   0x08002f0c   0x00000008   Code   RO         1425    i.I2C_ReceiveData   stm32f10x_i2c.o
    0x08002f14   0x08002f14   0x00000012   Code   RO         1427    i.I2C_Send7bitAddress  stm32f10x_i2c.o
    0x08002f26   0x08002f26   0x00000004   Code   RO         1428    i.I2C_SendData      stm32f10x_i2c.o
    0x08002f2a   0x08002f2a   0x00000002   Code   RO         3472    i.I2C_TIMEOUT_UserCallback  bsp_iic.o
    0x08002f2c   0x08002f2c   0x00000034   Code   RO         3476    i.IIC2_GPIO_Config  bsp_iic.o
    0x08002f60   0x08002f60   0x00000044   Code   RO         3478    i.IIC2_Mode_Configu  bsp_iic.o
    0x08002fa4   0x08002fa4   0x00000018   Code   RO         3479    i.IIC2_Reset        bsp_iic.o
    0x08002fbc   0x08002fbc   0x0000000e   Code   RO         4246    i.IWDG_Feed         app.o
    0x08002fca   0x08002fca   0x00000002   PAD
    0x08002fcc   0x08002fcc   0x00000010   Code   RO         1606    i.IWDG_ReloadCounter  stm32f10x_iwdg.o
    0x08002fdc   0x08002fdc   0x00000024   Code   RO         3431    i.Init_RxMes        bsp_can.o
    0x08003000   0x08003000   0x0000001c   Code   RO         5128    i.LLDMonReadIO      gpio.o
    0x0800301c   0x0800301c   0x000000f8   Code   RO         4810    i.LLDReslut         liquid_level.o
    0x08003114   0x08003114   0x00000024   Code   RO         5129    i.LLD_OutPutPulse   gpio.o
    0x08003138   0x08003138   0x0000004c   Code   RO         3118    i.LPF1              bsp_lib.o
    0x08003184   0x08003184   0x0000004c   Code   RO         3119    i.LPF2              bsp_lib.o
    0x080031d0   0x080031d0   0x00000004   Code   RO         4162    i.MemManage_Handler  stm32f10x_it.o
    0x080031d4   0x080031d4   0x00000144   Code   RO         5130    i.MidScan           gpio.o
    0x08003318   0x08003318   0x00000026   Code   RO         4310    i.MonAirLLDPara1    monitor_can.o
    0x0800333e   0x0800333e   0x00000016   Code   RO         4311    i.MonAirLLDPara1Reply  monitor_can.o
    0x08003354   0x08003354   0x00000024   Code   RO         4312    i.MonAirLLDPara2    monitor_can.o
    0x08003378   0x08003378   0x00000014   Code   RO         4313    i.MonAirLLDPara2Reply  monitor_can.o
    0x0800338c   0x0800338c   0x00000024   Code   RO         4314    i.MonAirLLDPara3    monitor_can.o
    0x080033b0   0x080033b0   0x00000014   Code   RO         4315    i.MonAirLLDPara3Reply  monitor_can.o
    0x080033c4   0x080033c4   0x00000024   Code   RO         4316    i.MonAirLLDPara4    monitor_can.o
    0x080033e8   0x080033e8   0x00000014   Code   RO         4317    i.MonAirLLDPara4Reply  monitor_can.o
    0x080033fc   0x080033fc   0x00000024   Code   RO         4318    i.MonAirLLDPara5    monitor_can.o
    0x08003420   0x08003420   0x00000014   Code   RO         4319    i.MonAirLLDPara5Reply  monitor_can.o
    0x08003434   0x08003434   0x000001bc   Code   RO         4320    i.MonAnalyseCanMess  monitor_can.o
    0x080035f0   0x080035f0   0x00000024   Code   RO         4321    i.MonCapLLDPara1    monitor_can.o
    0x08003614   0x08003614   0x00000014   Code   RO         4322    i.MonCapLLDPara1Reply  monitor_can.o
    0x08003628   0x08003628   0x00000024   Code   RO         4323    i.MonCapLLDPara3    monitor_can.o
    0x0800364c   0x0800364c   0x00000014   Code   RO         4324    i.MonCapLLDPara3Reply  monitor_can.o
    0x08003660   0x08003660   0x0000000e   Code   RO         4325    i.MonConfigAirSen   monitor_can.o
    0x0800366e   0x0800366e   0x00000014   Code   RO         4326    i.MonConfigAirSenReply  monitor_can.o
    0x08003682   0x08003682   0x00000002   PAD
    0x08003684   0x08003684   0x00000058   Code   RO         4327    i.MonFillSendBuff   monitor_can.o
    0x080036dc   0x080036dc   0x0000000e   Code   RO         4328    i.MonOperateIO      monitor_can.o
    0x080036ea   0x080036ea   0x00000014   Code   RO         4329    i.MonOperateIOReply  monitor_can.o
    0x080036fe   0x080036fe   0x00000002   PAD
    0x08003700   0x08003700   0x00000034   Code   RO         4330    i.MonRWpara         monitor_can.o
    0x08003734   0x08003734   0x00000014   Code   RO         4331    i.MonRWparaReply    monitor_can.o
    0x08003748   0x08003748   0x0000000e   Code   RO         4332    i.MonRead204        monitor_can.o
    0x08003756   0x08003756   0x00000006   Code   RO         4333    i.MonRead204Reply   monitor_can.o
    0x0800375c   0x0800375c   0x0000000e   Code   RO         4334    i.MonRead205        monitor_can.o
    0x0800376a   0x0800376a   0x00000006   Code   RO         4335    i.MonRead205Reply   monitor_can.o
    0x08003770   0x08003770   0x0000000e   Code   RO         4336    i.MonRead206        monitor_can.o
    0x0800377e   0x0800377e   0x00000006   Code   RO         4337    i.MonRead206Reply   monitor_can.o
    0x08003784   0x08003784   0x0000000e   Code   RO         4338    i.MonRead208        monitor_can.o
    0x08003792   0x08003792   0x00000006   Code   RO         4339    i.MonRead208Reply   monitor_can.o
    0x08003798   0x08003798   0x00000024   Code   RO         4340    i.MonReadAirVal     monitor_can.o
    0x080037bc   0x080037bc   0x00000014   Code   RO         4341    i.MonReadAirValReply  monitor_can.o
    0x080037d0   0x080037d0   0x00000024   Code   RO         4342    i.MonReadCapVal     monitor_can.o
    0x080037f4   0x080037f4   0x00000014   Code   RO         4343    i.MonReadCapValReply  monitor_can.o
    0x08003808   0x08003808   0x0000000e   Code   RO         4344    i.MonReadLLD        monitor_can.o
    0x08003816   0x08003816   0x00000002   PAD
    0x08003818   0x08003818   0x00000034   Code   RO         4345    i.MonReadLLDReply   monitor_can.o
    0x0800384c   0x0800384c   0x00000022   Code   RO         4346    i.MonReadSoftWareName  monitor_can.o
    0x0800386e   0x0800386e   0x00000014   Code   RO         4347    i.MonReadSoftWareNameReply  monitor_can.o
    0x08003882   0x08003882   0x0000000e   Code   RO         4348    i.MonReadSoftWareVer  monitor_can.o
    0x08003890   0x08003890   0x00000014   Code   RO         4349    i.MonReadSoftWareVerReply  monitor_can.o
    0x080038a4   0x080038a4   0x00000024   Code   RO         4350    i.MonSelectSen      monitor_can.o
    0x080038c8   0x080038c8   0x00000014   Code   RO         4351    i.MonSelectSenReply  monitor_can.o
    0x080038dc   0x080038dc   0x000001c8   Code   RO         4352    i.MonSendCanMess    monitor_can.o
    0x08003aa4   0x08003aa4   0x0000000e   Code   RO         4353    i.MonTemp           monitor_can.o
    0x08003ab2   0x08003ab2   0x00000016   Code   RO         4354    i.MonTempReply      monitor_can.o
    0x08003ac8   0x08003ac8   0x00000002   Code   RO         4163    i.NMI_Handler       stm32f10x_it.o
    0x08003aca   0x08003aca   0x00000002   PAD
    0x08003acc   0x08003acc   0x00000070   Code   RO          137    i.NVIC_Init         misc.o
    0x08003b3c   0x08003b3c   0x00000014   Code   RO          138    i.NVIC_PriorityGroupConfig  misc.o
    0x08003b50   0x08003b50   0x0000005a   Code   RO         4355    i.QueueLoopCanInsert  monitor_can.o
    0x08003baa   0x08003baa   0x00000050   Code   RO         4356    i.QueueLoopCanPop   monitor_can.o
    0x08003bfa   0x08003bfa   0x0000000e   Code   RO         3120    i.QueueLoopClear    bsp_lib.o
    0x08003c08   0x08003c08   0x00000018   Code   RO         3122    i.QueueLoopInit     bsp_lib.o
    0x08003c20   0x08003c20   0x00000026   Code   RO         3124    i.QueueLoopIsFull   bsp_lib.o
    0x08003c46   0x08003c46   0x00000002   PAD
    0x08003c48   0x08003c48   0x00000020   Code   RO         1708    i.RCC_APB1PeriphClockCmd  stm32f10x_rcc.o
    0x08003c68   0x08003c68   0x00000020   Code   RO         1709    i.RCC_APB1PeriphResetCmd  stm32f10x_rcc.o
    0x08003c88   0x08003c88   0x00000020   Code   RO         1710    i.RCC_APB2PeriphClockCmd  stm32f10x_rcc.o
    0x08003ca8   0x08003ca8   0x000000d4   Code   RO         1718    i.RCC_GetClocksFreq  stm32f10x_rcc.o
    0x08003d7c   0x08003d7c   0x00000090   Code   RO         4811    i.ReadAirLLDPara1   liquid_level.o
    0x08003e0c   0x08003e0c   0x0000004c   Code   RO         4812    i.ReadAirLLDPara2   liquid_level.o
    0x08003e58   0x08003e58   0x00000030   Code   RO         4813    i.ReadAirLLDPara3   liquid_level.o
    0x08003e88   0x08003e88   0x00000030   Code   RO         4814    i.ReadAirLLDPara4   liquid_level.o
    0x08003eb8   0x08003eb8   0x00000030   Code   RO         4815    i.ReadAirLLDPara5   liquid_level.o
    0x08003ee8   0x08003ee8   0x0000003c   Code   RO         4816    i.ReadAirMapVal     liquid_level.o
    0x08003f24   0x08003f24   0x00000006   Code   RO         4817    i.ReadAirSenReg     liquid_level.o
    0x08003f2a   0x08003f2a   0x00000002   PAD
    0x08003f2c   0x08003f2c   0x00000014   Code   RO         4818    i.ReadCLLDPara1     liquid_level.o
    0x08003f40   0x08003f40   0x00000034   Code   RO         4819    i.ReadCLLDPara3     liquid_level.o
    0x08003f74   0x08003f74   0x00000038   Code   RO         4820    i.ReadCapMapVal     liquid_level.o
    0x08003fac   0x08003fac   0x00000010   Code   RO         4822    i.ReadLLDResult     liquid_level.o
    0x08003fbc   0x08003fbc   0x00000034   Code   RO         4823    i.ReadSelectSen     liquid_level.o
    0x08003ff0   0x08003ff0   0x0000008c   Code   RO         4275    i.ReadSoftWareName  app_misc.o
    0x0800407c   0x0800407c   0x00000018   Code   RO         4276    i.ReadSoftWareNameIns  app_misc.o
    0x08004094   0x08004094   0x00000024   Code   RO         4277    i.ReadSoftWareVer   app_misc.o
    0x080040b8   0x080040b8   0x00000050   Code   RO         5131    i.ReadTemp          gpio.o
    0x08004108   0x08004108   0x00000020   Code   RO         4824    i.ReadUsePara       liquid_level.o
    0x08004128   0x08004128   0x00000066   Code   RO         3551    i.ReleaseIIC        bsp_i2c_gpio.o
    0x0800418e   0x0800418e   0x00000002   Code   RO         4164    i.SVC_Handler       stm32f10x_it.o
    0x08004190   0x08004190   0x00000024   Code   RO         4247    i.SWSysTimer        app.o
    0x080041b4   0x080041b4   0x00000030   Code   RO         3738    i.SWSysTimerAdd     bsp_timer.o
    0x080041e4   0x080041e4   0x00000022   Code   RO         4248    i.SWTimer10ms       app.o
    0x08004206   0x08004206   0x00000018   Code   RO         4713    i.SetPara16         storage.o
    0x0800421e   0x0800421e   0x00000008   Code   RO           24    i.SetSysClock       system_stm32f10x.o
    0x08004226   0x08004226   0x00000002   PAD
    0x08004228   0x08004228   0x000000e0   Code   RO           25    i.SetSysClockTo72   system_stm32f10x.o
    0x08004308   0x08004308   0x00000026   Code   RO         3126    i.SmoothPipeline32  bsp_lib.o
    0x0800432e   0x0800432e   0x00000002   PAD
    0x08004330   0x08004330   0x00000014   Code   RO         5213    i.SysEventAlloc     event.o
    0x08004344   0x08004344   0x00000054   Code   RO         5217    i.SysEventPut       event.o
    0x08004398   0x08004398   0x00000010   Code   RO         4165    i.SysTick_Handler   stm32f10x_it.o
    0x080043a8   0x080043a8   0x00000060   Code   RO           27    i.SystemInit        system_stm32f10x.o
    0x08004408   0x08004408   0x0000002c   Code   RO         4166    i.TIM2_IRQHandler   stm32f10x_it.o
    0x08004434   0x08004434   0x00000024   Code   RO         4167    i.TIM3_IRQHandler   stm32f10x_it.o
    0x08004458   0x08004458   0x00000006   Code   RO         2337    i.TIM_ClearITPendingBit  stm32f10x_tim.o
    0x0800445e   0x0800445e   0x00000022   Code   RO         2363    i.TIM_GetITStatus   stm32f10x_tim.o
    0x08004480   0x08004480   0x0000004c   Code   RO         5132    i.TempNTC           gpio.o
    0x080044cc   0x080044cc   0x00000090   Code   RO         3772    i.USART1_Config     bsp_usart.o
    0x0800455c   0x0800455c   0x00000022   Code   RO         3773    i.USART1_NVIC_Configuration  bsp_usart.o
    0x0800457e   0x0800457e   0x00000002   PAD
    0x08004580   0x08004580   0x00000030   Code   RO         4168    i.USART2_IRQHandler  stm32f10x_it.o
    0x080045b0   0x080045b0   0x00000018   Code   RO         2878    i.USART_Cmd         stm32f10x_usart.o
    0x080045c8   0x080045c8   0x00000054   Code   RO         2882    i.USART_GetITStatus  stm32f10x_usart.o
    0x0800461c   0x0800461c   0x0000004a   Code   RO         2884    i.USART_ITConfig    stm32f10x_usart.o
    0x08004666   0x08004666   0x00000002   PAD
    0x08004668   0x08004668   0x000000d8   Code   RO         2885    i.USART_Init        stm32f10x_usart.o
    0x08004740   0x08004740   0x0000000a   Code   RO         2892    i.USART_ReceiveData  stm32f10x_usart.o
    0x0800474a   0x0800474a   0x00000010   Code   RO         4169    i.USB_LP_CAN1_RX0_IRQHandler  stm32f10x_it.o
    0x0800475a   0x0800475a   0x00000004   Code   RO         4170    i.UsageFault_Handler  stm32f10x_it.o
    0x0800475e   0x0800475e   0x00000022   Code   RO         3918    i.UsartIRQReceiveHandler  m_usart.o
    0x08004780   0x08004780   0x00000090   Code   RO         4825    i.WriteAirLLDPara1  liquid_level.o
    0x08004810   0x08004810   0x00000080   Code   RO         4826    i.WriteAirLLDPara2  liquid_level.o
    0x08004890   0x08004890   0x00000080   Code   RO         4827    i.WriteAirLLDPara3  liquid_level.o
    0x08004910   0x08004910   0x00000080   Code   RO         4828    i.WriteAirLLDPara4  liquid_level.o
    0x08004990   0x08004990   0x00000080   Code   RO         4829    i.WriteAirLLDPara5  liquid_level.o
    0x08004a10   0x08004a10   0x00000006   Code   RO         4830    i.WriteAirMapVal    liquid_level.o
    0x08004a16   0x08004a16   0x00000002   PAD
    0x08004a18   0x08004a18   0x00000028   Code   RO         4832    i.WriteCLLDPara1    liquid_level.o
    0x08004a40   0x08004a40   0x000000c4   Code   RO         4833    i.WriteCLLDPara3    liquid_level.o
    0x08004b04   0x08004b04   0x00000006   Code   RO         4834    i.WriteCapMapVal    liquid_level.o
    0x08004b0a   0x08004b0a   0x00000002   PAD
    0x08004b0c   0x08004b0c   0x00000028   Code   RO         4836    i.WriteSeleSen      liquid_level.o
    0x08004b34   0x08004b34   0x00000040   Code   RO         4837    i.WriteUsePara      liquid_level.o
    0x08004b74   0x08004b74   0x0000004c   Code   RO         5597    i.__rt_ffs          kservice.o
    0x08004bc0   0x08004bc0   0x0000000e   Code   RO         6598    i.__scatterload_copy  mc_w.l(handlers.o)
    0x08004bce   0x08004bce   0x00000002   Code   RO         6599    i.__scatterload_null  mc_w.l(handlers.o)
    0x08004bd0   0x08004bd0   0x0000000e   Code   RO         6600    i.__scatterload_zeroinit  mc_w.l(handlers.o)
    0x08004bde   0x08004bde   0x00000002   PAD
    0x08004be0   0x08004be0   0x00000084   Code   RO         5977    i._rt_thread_init   thread.o
    0x08004c64   0x08004c64   0x00000042   Code   RO         6109    i._rt_timer_init    timer.o
    0x08004ca6   0x08004ca6   0x0000001c   Code   RO         6110    i._rt_timer_remove  timer.o
    0x08004cc2   0x08004cc2   0x0000001c   Code   RO         5978    i._thread_cleanup_execute  thread.o
    0x08004cde   0x08004cde   0x0000000e   Code   RO         3557    i.i2c_Delay         bsp_i2c_gpio.o
    0x08004cec   0x08004cec   0x0000001c   Code   RO         3564    i.i2c_Stop          bsp_i2c_gpio.o
    0x08004d08   0x08004d08   0x000000e0   Code   RO         4104    i.main              main.o
    0x08004de8   0x08004de8   0x0000000e   Code   RO         5322    i.main_thread_entry  components.o
    0x08004df6   0x08004df6   0x00000002   PAD
    0x08004df8   0x08004df8   0x00000078   Code   RO         5755    i.plug_holes        mem.o
    0x08004e70   0x08004e70   0x0000002c   Code   RO         5323    i.rt_application_init  components.o
    0x08004e9c   0x08004e9c   0x0000001c   Code   RO         5324    i.rt_components_board_init  components.o
    0x08004eb8   0x08004eb8   0x0000001c   Code   RO         5325    i.rt_components_init  components.o
    0x08004ed4   0x08004ed4   0x00000020   Code   RO         5905    i.rt_enter_critical  scheduler.o
    0x08004ef4   0x08004ef4   0x00000044   Code   RO         5906    i.rt_exit_critical  scheduler.o
    0x08004f38   0x08004f38   0x00000078   Code   RO         5757    i.rt_free           mem.o
    0x08004fb0   0x08004fb0   0x00000008   Code   RO         4119    i.rt_heap_begin_get  board.o
    0x08004fb8   0x08004fb8   0x00000008   Code   RO         4120    i.rt_heap_end_get   board.o
    0x08004fc0   0x08004fc0   0x00000088   Code   RO         4121    i.rt_hw_board_init  board.o
    0x08005048   0x08005048   0x00000024   Code   RO         6228    i.rt_hw_hard_fault_exception  cpuport.o
    0x0800506c   0x0800506c   0x0000004c   Code   RO         6229    i.rt_hw_stack_init  cpuport.o
    0x080050b8   0x080050b8   0x00000020   Code   RO         5570    i.rt_interrupt_enter  irq.o
    0x080050d8   0x080050d8   0x00000020   Code   RO         5572    i.rt_interrupt_leave  irq.o
    0x080050f8   0x080050f8   0x00000014   Code   RO         5430    i.rt_ipc_list_resume  ipc.o
    0x0800510c   0x0800510c   0x0000006e   Code   RO         5432    i.rt_ipc_list_suspend  ipc.o
    0x0800517a   0x0800517a   0x00000010   Code   RO         5433    i.rt_ipc_object_init  ipc.o
    0x0800518a   0x0800518a   0x00000006   Code   RO         5434    i.rt_list_init      ipc.o
    0x08005190   0x08005190   0x00000006   Code   RO         5907    i.rt_list_init      scheduler.o
    0x08005196   0x08005196   0x00000006   Code   RO         6111    i.rt_list_init      timer.o
    0x0800519c   0x0800519c   0x0000000e   Code   RO         5817    i.rt_list_insert_after  object.o
    0x080051aa   0x080051aa   0x0000000e   Code   RO         5979    i.rt_list_insert_after  thread.o
    0x080051b8   0x080051b8   0x0000000e   Code   RO         6112    i.rt_list_insert_after  timer.o
    0x080051c6   0x080051c6   0x0000000e   Code   RO         5435    i.rt_list_insert_before  ipc.o
    0x080051d4   0x080051d4   0x00000010   Code   RO         5436    i.rt_list_isempty   ipc.o
    0x080051e4   0x080051e4   0x00000010   Code   RO         6113    i.rt_list_isempty   timer.o
    0x080051f4   0x080051f4   0x00000012   Code   RO         5818    i.rt_list_remove    object.o
    0x08005206   0x08005206   0x00000012   Code   RO         5980    i.rt_list_remove    thread.o
    0x08005218   0x08005218   0x00000012   Code   RO         6114    i.rt_list_remove    timer.o
    0x0800522a   0x0800522a   0x00000002   PAD
    0x0800522c   0x0800522c   0x0000016c   Code   RO         5758    i.rt_malloc         mem.o
    0x08005398   0x08005398   0x00000048   Code   RO         5606    i.rt_memset         kservice.o
    0x080053e0   0x080053e0   0x00000054   Code   RO         5819    i.rt_object_allocate  object.o
    0x08005434   0x08005434   0x00000024   Code   RO         5820    i.rt_object_delete  object.o
    0x08005458   0x08005458   0x0000001e   Code   RO         5821    i.rt_object_detach  object.o
    0x08005476   0x08005476   0x00000002   PAD
    0x08005478   0x08005478   0x00000028   Code   RO         5823    i.rt_object_get_information  object.o
    0x080054a0   0x080054a0   0x00000056   Code   RO         5827    i.rt_object_init    object.o
    0x080054f6   0x080054f6   0x00000012   Code   RO         5828    i.rt_object_is_systemobject  object.o
    0x08005508   0x08005508   0x00000084   Code   RO         5908    i.rt_schedule       scheduler.o
    0x0800558c   0x0800558c   0x00000050   Code   RO         5909    i.rt_schedule_insert_thread  scheduler.o
    0x080055dc   0x080055dc   0x00000054   Code   RO         5910    i.rt_schedule_remove_thread  scheduler.o
    0x08005630   0x08005630   0x00000026   Code   RO         5449    i.rt_sem_init       ipc.o
    0x08005656   0x08005656   0x00000052   Code   RO         5450    i.rt_sem_release    ipc.o
    0x080056a8   0x080056a8   0x00000074   Code   RO         5451    i.rt_sem_take       ipc.o
    0x0800571c   0x0800571c   0x00000002   Code   RO         5608    i.rt_show_version   kservice.o
    0x0800571e   0x0800571e   0x00000034   Code   RO         5616    i.rt_strncpy        kservice.o
    0x08005752   0x08005752   0x00000002   PAD
    0x08005754   0x08005754   0x000000b0   Code   RO         5761    i.rt_system_heap_init  mem.o
    0x08005804   0x08005804   0x0000004c   Code   RO         5911    i.rt_system_scheduler_init  scheduler.o
    0x08005850   0x08005850   0x00000030   Code   RO         5912    i.rt_system_scheduler_start  scheduler.o
    0x08005880   0x08005880   0x0000001c   Code   RO         6115    i.rt_system_timer_init  timer.o
    0x0800589c   0x0800589c   0x00000002   Code   RO         6116    i.rt_system_timer_thread_init  timer.o
    0x0800589e   0x0800589e   0x00000050   Code   RO         5982    i.rt_thread_create  thread.o
    0x080058ee   0x080058ee   0x0000000c   Code   RO         5983    i.rt_thread_delay   thread.o
    0x080058fa   0x080058fa   0x00000002   PAD
    0x080058fc   0x080058fc   0x00000058   Code   RO         5987    i.rt_thread_exit    thread.o
    0x08005954   0x08005954   0x00000008   Code   RO         5395    i.rt_thread_idle_entry  idle.o
    0x0800595c   0x0800595c   0x00000060   Code   RO         5396    i.rt_thread_idle_excute  idle.o
    0x080059bc   0x080059bc   0x0000003c   Code   RO         5398    i.rt_thread_idle_init  idle.o
    0x080059f8   0x080059f8   0x00000034   Code   RO         5989    i.rt_thread_init    thread.o
    0x08005a2c   0x08005a2c   0x0000003c   Code   RO         5991    i.rt_thread_resume  thread.o
    0x08005a68   0x08005a68   0x0000000c   Code   RO         5992    i.rt_thread_self    thread.o
    0x08005a74   0x08005a74   0x00000044   Code   RO         5993    i.rt_thread_sleep   thread.o
    0x08005ab8   0x08005ab8   0x0000002c   Code   RO         5994    i.rt_thread_startup  thread.o
    0x08005ae4   0x08005ae4   0x00000044   Code   RO         5995    i.rt_thread_suspend  thread.o
    0x08005b28   0x08005b28   0x00000020   Code   RO         5996    i.rt_thread_timeout  thread.o
    0x08005b48   0x08005b48   0x00000064   Code   RO         5997    i.rt_thread_yield   thread.o
    0x08005bac   0x08005bac   0x0000000c   Code   RO         5285    i.rt_tick_get       clock.o
    0x08005bb8   0x08005bb8   0x00000030   Code   RO         5286    i.rt_tick_increase  clock.o
    0x08005be8   0x08005be8   0x000000a4   Code   RO         6117    i.rt_timer_check    timer.o
    0x08005c8c   0x08005c8c   0x00000062   Code   RO         6118    i.rt_timer_control  timer.o
    0x08005cee   0x08005cee   0x00000028   Code   RO         6121    i.rt_timer_detach   timer.o
    0x08005d16   0x08005d16   0x0000002e   Code   RO         6122    i.rt_timer_init     timer.o
    0x08005d44   0x08005d44   0x000000ec   Code   RO         6125    i.rt_timer_start    timer.o
    0x08005e30   0x08005e30   0x00000030   Code   RO         6126    i.rt_timer_stop     timer.o
    0x08005e60   0x08005e60   0x00000004   Code   RO         5326    i.rti_board_end     components.o
    0x08005e64   0x08005e64   0x00000004   Code   RO         5327    i.rti_board_start   components.o
    0x08005e68   0x08005e68   0x00000004   Code   RO         5328    i.rti_end           components.o
    0x08005e6c   0x08005e6c   0x00000004   Code   RO         5329    i.rti_start         components.o
    0x08005e70   0x08005e70   0x0000002a   Code   RO         5330    i.rtthread_startup  components.o
    0x08005e9a   0x08005e9a   0x00000020   Data   RO         3357    .constdata          bsp_misc.o
    0x08005eba   0x08005eba   0x000000b6   Data   RO         5135    .constdata          gpio.o
    0x08005f70   0x08005f70   0x00000122   Data   RO         5622    .constdata          kservice.o
    0x08006092   0x08006092   0x00000002   PAD
    0x08006094   0x08006094   0x00000004   Data   RO         5331    .rti_fn.0           components.o
    0x08006098   0x08006098   0x00000004   Data   RO         5332    .rti_fn.0.end       components.o
    0x0800609c   0x0800609c   0x00000004   Data   RO         5333    .rti_fn.1.end       components.o
    0x080060a0   0x080060a0   0x00000004   Data   RO         5334    .rti_fn.6.end       components.o
    0x080060a4   0x080060a4   0x00000020   Data   RO         6596    Region$$Table       anon$$obj.o


    Execution Region RW_IRAM1 (Exec base: 0x20000000, Load base: 0x080060c4, Size: 0x000023f0, Max: 0x00005000, ABSOLUTE)

    Exec Addr    Load Addr    Size         Type   Attr      Idx    E Section Name        Object

    0x20000000   0x080060c4   0x00000014   Data   RW           28    .data               system_stm32f10x.o
    0x20000014   0x080060d8   0x00000014   Data   RW         1738    .data               stm32f10x_rcc.o
    0x20000028   0x080060ec   0x00000004   Data   RW         3480    .data               bsp_iic.o
    0x2000002c   0x080060f0   0x00000004   Data   RW         4278    .data               app_misc.o
    0x20000030   0x080060f4   0x00000002   Data   RW         4839    .data               liquid_level.o
    0x20000032   0x080060f6   0x00000003   Data   RW         5136    .data               gpio.o
    0x20000035   0x080060f9   0x00000003   PAD
    0x20000038   0x080060fc   0x00000015   Data   RW         5219    .data               event.o
    0x2000004d   0x08006111   0x00000003   PAD
    0x20000050   0x08006114   0x00000004   Data   RW         5288    .data               clock.o
    0x20000054   0x08006118   0x00000001   Data   RW         5573    .data               irq.o
    0x20000055   0x08006119   0x00000003   PAD
    0x20000058   0x0800611c   0x00000018   Data   RW         5763    .data               mem.o
    0x20000070   0x08006134   0x00000040   Data   RW         5830    .data               object.o
    0x200000b0   0x08006174   0x00000018   Data   RW         5914    .data               scheduler.o
    0x200000c8   0x0800618c   0x0000000c   Data   RW         6127    .data               timer.o
    0x200000d4   0x08006198   0x00000010   Data   RW         6230    .data               cpuport.o
    0x200000e4        -       0x00000030   Zero   RW         3569    .bss                bsp_i2c_gpio.o
    0x20000114        -       0x0000000c   Zero   RW         3742    .bss                bsp_timer.o
    0x20000120        -       0x000006e0   Zero   RW         4105    .bss                main.o
    0x20000800        -       0x00001000   Zero   RW         4122    .bss                board.o
    0x20001800        -       0x00000098   Zero   RW         4357    .bss                monitor_can.o
    0x20001898        -       0x00000158   Zero   RW         4642    .bss                monitor_usart.o
    0x200019f0        -       0x00000108   Zero   RW         4716    .bss                storage.o
    0x20001af8        -       0x000002c0   Zero   RW         4838    .bss                liquid_level.o
    0x20001db8        -       0x0000005c   Zero   RW         5134    .bss                gpio.o
    0x20001e14        -       0x00000178   Zero   RW         5399    .bss                idle.o
    0x20001f8c        -       0x00000020   Zero   RW         5762    .bss                mem.o
    0x20001fac        -       0x00000040   Zero   RW         5913    .bss                scheduler.o
    0x20001fec   0x080061a8   0x00000004   PAD
    0x20001ff0        -       0x00000400   Zero   RW            1    STACK               startup_stm32f10x_md.o


==============================================================================

Image component sizes


      Code (inc. data)   RO Data    RW Data    ZI Data      Debug   Object Name

        98          8          0          0          0       1929   app.o
       200         18          0          4          0       3029   app_misc.o
       152         24          0          0       4096      18424   board.o
       422          4          0          0          0       3724   bsp_can.o
       490         12          0          0          0       1226   bsp_gpio.o
       144          0          0          0         48       3238   bsp_i2c_gpio.o
      1354         64          0          4          0       5990   bsp_iic.o
       358          0          0          0          0      16209   bsp_lib.o
         0          0         32          0          0        619   bsp_misc.o
        48          4          0          0         12       1404   bsp_timer.o
       178          8          0          0          0       1092   bsp_usart.o
        60         12          0          4          0       1241   clock.o
       182         28         16          0          0       6056   components.o
       244         28          0          0          0        816   context_rvds.o
         0          0          0          0          0       4548   core_cm3.o
       112         10          0         16          0       3310   cpuport.o
       104         20          0         21          0       1773   event.o
       930         58        182          3         92       7661   gpio.o
       164         26          0          0        376       5218   idle.o
       418          0          0          0          0       8533   ipc.o
        64         12          0          1          0       1662   irq.o
       202          6        290          0          0       5484   kservice.o
      6930        384          0          2        704      39534   liquid_level.o
       136          0          0          0          0       1131   m_usart.o
       224         80          0          0       1760       1467   main.o
       780         92          0         24         32       3992   mem.o
       132         22          0          0          0       1571   misc.o
      2890         92          0          0        152      35326   monitor_can.o
         0          0          0          0        344       1116   monitor_usart.o
       326          4          0         64          0       8444   object.o
       526         90          0         24         64       8666   scheduler.o
        36          8        236          0       1024        880   startup_stm32f10x_md.o
        76          0          0          0          0       4490   stm32f10x_adc.o
      1180         12          0          0          0       5530   stm32f10x_can.o
       200         18          0          0          0       2164   stm32f10x_exti.o
       368          4          0          0          0       4342   stm32f10x_gpio.o
       518         20          0          0          0       8381   stm32f10x_i2c.o
       278         32          0          0          0       6097   stm32f10x_it.o
        16          6          0          0          0        485   stm32f10x_iwdg.o
       308         38          0         20          0       5071   stm32f10x_rcc.o
        40          0          0          0          0       1794   stm32f10x_tim.o
       408          6          0          0          0       5066   stm32f10x_usart.o
        24          0          0          0        264       2506   storage.o
       328         28          0         20          0     276993   system_stm32f10x.o
       808         38          0          0          0      12639   thread.o
       810         24          0         12          0      11904   timer.o

    ----------------------------------------------------------------------
     23322       1340        790        228       8972     552775   Object Totals
         0          0         32          0          0          0   (incl. Generated)
        56          0          2          9          4          0   (incl. Padding)

    ----------------------------------------------------------------------

      Code (inc. data)   RO Data    RW Data    ZI Data      Debug   Library Member Name

         0          0          0          0          0          0   entry.o
         0          0          0          0          0          0   entry10a.o
         0          0          0          0          0          0   entry11a.o
         4          0          0          0          0          0   entry12b.o
         8          4          0          0          0          0   entry2.o
         4          0          0          0          0          0   entry5.o
         0          0          0          0          0          0   entry7b.o
         0          0          0          0          0          0   entry8b.o
         8          4          0          0          0          0   entry9a.o
        30          0          0          0          0          0   handlers.o
        36          8          0          0          0         68   init.o
         0          0          0          0          0          0   iusefp.o
        64          0          0          0          0         76   memmovea.o
       176          0          0          0          0        140   fadd.o
       110          0          0          0          0        168   fepilogue.o
        50          0          0          0          0         68   ffixi.o
        40          0          0          0          0         68   ffixui.o
        18          0          0          0          0         68   fflti.o
        10          0          0          0          0         68   ffltui.o
       100          0          0          0          0         76   fmul.o

    ----------------------------------------------------------------------
       660         16          0          0          0        800   Library Totals
         2          0          0          0          0          0   (incl. Padding)

    ----------------------------------------------------------------------

      Code (inc. data)   RO Data    RW Data    ZI Data      Debug   Library Name

       154         16          0          0          0        144   mc_w.l
       504          0          0          0          0        656   mf_w.l

    ----------------------------------------------------------------------
       660         16          0          0          0        800   Library Totals

    ----------------------------------------------------------------------

==============================================================================


      Code (inc. data)   RO Data    RW Data    ZI Data      Debug   

     23982       1356        790        228       8972     538075   Grand Totals
     23982       1356        790        228       8972     538075   ELF Image Totals
     23982       1356        790        228          0          0   ROM Totals

==============================================================================

    Total RO  Size (Code + RO Data)                24772 (  24.19kB)
    Total RW  Size (RW Data + ZI Data)              9200 (   8.98kB)
    Total ROM Size (Code + RO Data + RW Data)      25000 (  24.41kB)

==============================================================================

