Component: ARM Compiler 5.06 update 7 (build 960) Tool: armlink [4d3601]

==============================================================================

Section Cross References

    startup_stm32f10x_md.o(RESET) refers to startup_stm32f10x_md.o(STACK) for __initial_sp
    startup_stm32f10x_md.o(RESET) refers to startup_stm32f10x_md.o(.text) for Reset_Handler
    startup_stm32f10x_md.o(RESET) refers to stm32f10x_it.o(i.NMI_Handler) for NMI_Handler
    startup_stm32f10x_md.o(RESET) refers to context_rvds.o(.text) for HardFault_Handler
    startup_stm32f10x_md.o(RESET) refers to stm32f10x_it.o(i.MemManage_Handler) for MemManage_Handler
    startup_stm32f10x_md.o(RESET) refers to stm32f10x_it.o(i.BusFault_Handler) for BusFault_Handler
    startup_stm32f10x_md.o(RESET) refers to stm32f10x_it.o(i.UsageFault_Handler) for UsageFault_Handler
    startup_stm32f10x_md.o(RESET) refers to stm32f10x_it.o(i.SVC_Handler) for SVC_Handler
    startup_stm32f10x_md.o(RESET) refers to stm32f10x_it.o(i.DebugMon_Handler) for DebugMon_Handler
    startup_stm32f10x_md.o(RESET) refers to stm32f10x_it.o(i.SysTick_Handler) for SysTick_Handler
    startup_stm32f10x_md.o(RESET) refers to stm32f10x_it.o(i.EXTI4_IRQHandler) for EXTI4_IRQHandler
    startup_stm32f10x_md.o(RESET) refers to stm32f10x_it.o(i.ADC1_2_IRQHandler) for ADC1_2_IRQHandler
    startup_stm32f10x_md.o(RESET) refers to stm32f10x_it.o(i.USB_LP_CAN1_RX0_IRQHandler) for USB_LP_CAN1_RX0_IRQHandler
    startup_stm32f10x_md.o(RESET) refers to stm32f10x_it.o(i.TIM2_IRQHandler) for TIM2_IRQHandler
    startup_stm32f10x_md.o(RESET) refers to stm32f10x_it.o(i.TIM3_IRQHandler) for TIM3_IRQHandler
    startup_stm32f10x_md.o(RESET) refers to tmc_uart.o(i.USART1_IRQHandler) for USART1_IRQHandler
    startup_stm32f10x_md.o(RESET) refers to stm32f10x_it.o(i.USART2_IRQHandler) for USART2_IRQHandler
    startup_stm32f10x_md.o(.text) refers to system_stm32f10x.o(i.SystemInit) for SystemInit
    startup_stm32f10x_md.o(.text) refers to entry.o(.ARM.Collect$$$$00000000) for __main
    system_stm32f10x.o(i.SetSysClock) refers to system_stm32f10x.o(i.SetSysClockTo72) for SetSysClockTo72
    system_stm32f10x.o(i.SystemCoreClockUpdate) refers to system_stm32f10x.o(.data) for SystemCoreClock
    system_stm32f10x.o(i.SystemInit) refers to system_stm32f10x.o(i.SetSysClock) for SetSysClock
    stm32f10x_adc.o(i.ADC_DeInit) refers to stm32f10x_rcc.o(i.RCC_APB2PeriphResetCmd) for RCC_APB2PeriphResetCmd
    stm32f10x_bkp.o(i.BKP_DeInit) refers to stm32f10x_rcc.o(i.RCC_BackupResetCmd) for RCC_BackupResetCmd
    stm32f10x_can.o(i.CAN_DeInit) refers to stm32f10x_rcc.o(i.RCC_APB1PeriphResetCmd) for RCC_APB1PeriphResetCmd
    stm32f10x_can.o(i.CAN_GetITStatus) refers to stm32f10x_can.o(i.CheckITStatus) for CheckITStatus
    stm32f10x_cec.o(i.CEC_DeInit) refers to stm32f10x_rcc.o(i.RCC_APB1PeriphResetCmd) for RCC_APB1PeriphResetCmd
    stm32f10x_dac.o(i.DAC_DeInit) refers to stm32f10x_rcc.o(i.RCC_APB1PeriphResetCmd) for RCC_APB1PeriphResetCmd
    stm32f10x_flash.o(i.FLASH_EnableWriteProtection) refers to stm32f10x_flash.o(i.FLASH_WaitForLastOperation) for FLASH_WaitForLastOperation
    stm32f10x_flash.o(i.FLASH_EraseAllBank1Pages) refers to stm32f10x_flash.o(i.FLASH_WaitForLastBank1Operation) for FLASH_WaitForLastBank1Operation
    stm32f10x_flash.o(i.FLASH_EraseAllPages) refers to stm32f10x_flash.o(i.FLASH_WaitForLastOperation) for FLASH_WaitForLastOperation
    stm32f10x_flash.o(i.FLASH_EraseOptionBytes) refers to stm32f10x_flash.o(i.FLASH_GetReadOutProtectionStatus) for FLASH_GetReadOutProtectionStatus
    stm32f10x_flash.o(i.FLASH_EraseOptionBytes) refers to stm32f10x_flash.o(i.FLASH_WaitForLastOperation) for FLASH_WaitForLastOperation
    stm32f10x_flash.o(i.FLASH_ErasePage) refers to stm32f10x_flash.o(i.FLASH_WaitForLastOperation) for FLASH_WaitForLastOperation
    stm32f10x_flash.o(i.FLASH_ProgramHalfWord) refers to stm32f10x_flash.o(i.FLASH_WaitForLastOperation) for FLASH_WaitForLastOperation
    stm32f10x_flash.o(i.FLASH_ProgramOptionByteData) refers to stm32f10x_flash.o(i.FLASH_WaitForLastOperation) for FLASH_WaitForLastOperation
    stm32f10x_flash.o(i.FLASH_ProgramWord) refers to stm32f10x_flash.o(i.FLASH_WaitForLastOperation) for FLASH_WaitForLastOperation
    stm32f10x_flash.o(i.FLASH_ReadOutProtection) refers to stm32f10x_flash.o(i.FLASH_WaitForLastOperation) for FLASH_WaitForLastOperation
    stm32f10x_flash.o(i.FLASH_UserOptionByteConfig) refers to stm32f10x_flash.o(i.FLASH_WaitForLastOperation) for FLASH_WaitForLastOperation
    stm32f10x_flash.o(i.FLASH_WaitForLastBank1Operation) refers to stm32f10x_flash.o(i.FLASH_GetBank1Status) for FLASH_GetBank1Status
    stm32f10x_flash.o(i.FLASH_WaitForLastOperation) refers to stm32f10x_flash.o(i.FLASH_GetBank1Status) for FLASH_GetBank1Status
    stm32f10x_gpio.o(i.GPIO_AFIODeInit) refers to stm32f10x_rcc.o(i.RCC_APB2PeriphResetCmd) for RCC_APB2PeriphResetCmd
[...]
    ..\Code\App\monitor_usart.c              0x00000000   Number         0  monitor_usart.o ABSOLUTE
    ..\Code\App\storage.c                    0x00000000   Number         0  storage.o ABSOLUTE
    ..\Code\BSP\bsp_adc.c                    0x00000000   Number         0  bsp_adc.o ABSOLUTE
    ..\Code\BSP\bsp_can.c                    0x00000000   Number         0  bsp_can.o ABSOLUTE
    ..\Code\BSP\bsp_flash.c                  0x00000000   Number         0  bsp_flash.o ABSOLUTE
    ..\Code\BSP\bsp_gpio.c                   0x00000000   Number         0  bsp_gpio.o ABSOLUTE
    ..\Code\BSP\bsp_i2c_gpio.c               0x00000000   Number         0  bsp_i2c_gpio.o ABSOLUTE
    ..\Code\BSP\bsp_iic.c                    0x00000000   Number         0  bsp_iic.o ABSOLUTE
    ..\Code\BSP\bsp_iwdg.c                   0x00000000   Number         0  bsp_iwdg.o ABSOLUTE
    ..\Code\BSP\bsp_lib.c                    0x00000000   Number         0  bsp_lib.o ABSOLUTE
    ..\Code\BSP\bsp_misc.c                   0x00000000   Number         0  bsp_misc.o ABSOLUTE
    ..\Code\BSP\bsp_spi.c                    0x00000000   Number         0  bsp_spi.o ABSOLUTE
    ..\Code\BSP\bsp_sysclk.c                 0x00000000   Number         0  bsp_sysclk.o ABSOLUTE
    ..\Code\BSP\bsp_timer.c                  0x00000000   Number         0  bsp_timer.o ABSOLUTE
    ..\Code\BSP\bsp_usart.c                  0x00000000   Number         0  bsp_usart.o ABSOLUTE
    ..\Code\BSP\m_modbus.c                   0x00000000   Number         0  m_modbus.o ABSOLUTE
    ..\Code\BSP\m_storage.c                  0x00000000   Number         0  m_storage.o ABSOLUTE
    ..\Code\BSP\m_usart.c                    0x00000000   Number         0  m_usart.o ABSOLUTE
    ..\Code\Libraries\CMSIS\core_cm3.c       0x00000000   Number         0  core_cm3.o ABSOLUTE
    ..\Code\Libraries\CMSIS\startup\startup_stm32f10x_md.s 0x00000000   Number         0  startup_stm32f10x_md.o ABSOLUTE
    ..\Code\Libraries\CMSIS\system_stm32f10x.c 0x00000000   Number         0  system_stm32f10x.o ABSOLUTE
    ..\Code\Libraries\FWlib\src\misc.c       0x00000000   Number         0  misc.o ABSOLUTE
    ..\Code\Libraries\FWlib\src\stm32f10x_adc.c 0x00000000   Number         0  stm32f10x_adc.o ABSOLUTE
    ..\Code\Libraries\FWlib\src\stm32f10x_bkp.c 0x00000000   Number         0  stm32f10x_bkp.o ABSOLUTE
    ..\Code\Libraries\FWlib\src\stm32f10x_can.c 0x00000000   Number         0  stm32f10x_can.o ABSOLUTE
    ..\Code\Libraries\FWlib\src\stm32f10x_cec.c 0x00000000   Number         0  stm32f10x_cec.o ABSOLUTE
    ..\Code\Libraries\FWlib\src\stm32f10x_crc.c 0x00000000   Number         0  stm32f10x_crc.o ABSOLUTE
    ..\Code\Libraries\FWlib\src\stm32f10x_dac.c 0x00000000   Number         0  stm32f10x_dac.o ABSOLUTE
    ..\Code\Libraries\FWlib\src\stm32f10x_dbgmcu.c 0x00000000   Number         0  stm32f10x_dbgmcu.o ABSOLUTE
    ..\Code\Libraries\FWlib\src\stm32f10x_dma.c 0x00000000   Number         0  stm32f10x_dma.o ABSOLUTE
    ..\Code\Libraries\FWlib\src\stm32f10x_exti.c 0x00000000   Number         0  stm32f10x_exti.o ABSOLUTE
    ..\Code\Libraries\FWlib\src\stm32f10x_flash.c 0x00000000   Number         0  stm32f10x_flash.o ABSOLUTE
    ..\Code\Libraries\FWlib\src\stm32f10x_fsmc.c 0x00000000   Number         0  stm32f10x_fsmc.o ABSOLUTE
    ..\Code\Libraries\FWlib\src\stm32f10x_gpio.c 0x00000000   Number         0  stm32f10x_gpio.o ABSOLUTE
    ..\Code\Libraries\FWlib\src\stm32f10x_i2c.c 0x00000000   Number         0  stm32f10x_i2c.o ABSOLUTE
    ..\Code\Libraries\FWlib\src\stm32f10x_iwdg.c 0x00000000   Number         0  stm32f10x_iwdg.o ABSOLUTE
    ..\Code\Libraries\FWlib\src\stm32f10x_pwr.c 0x00000000   Number         0  stm32f10x_pwr.o ABSOLUTE
    ..\Code\Libraries\FWlib\src\stm32f10x_rcc.c 0x00000000   Number         0  stm32f10x_rcc.o ABSOLUTE
    ..\Code\Libraries\FWlib\src\stm32f10x_rtc.c 0x00000000   Number         0  stm32f10x_rtc.o ABSOLUTE
    ..\Code\Libraries\FWlib\src\stm32f10x_sdio.c 0x00000000   Number         0  stm32f10x_sdio.o ABSOLUTE
    ..\Code\Libraries\FWlib\src\stm32f10x_spi.c 0x00000000   Number         0  stm32f10x_spi.o ABSOLUTE
    ..\Code\Libraries\FWlib\src\stm32f10x_tim.c 0x00000000   Number         0  stm32f10x_tim.o ABSOLUTE
    ..\Code\Libraries\FWlib\src\stm32f10x_usart.c 0x00000000   Number         0  stm32f10x_usart.o ABSOLUTE
    ..\Code\Libraries\FWlib\src\stm32f10x_wwdg.c 0x00000000   Number         0  stm32f10x_wwdg.o ABSOLUTE
    ..\Code\Motor\TMC2209\CRC.c              0x00000000   Number         0  crc.o ABSOLUTE
    ..\Code\Motor\TMC2209\TMC2209.c          0x00000000   Number         0  tmc2209.o ABSOLUTE
    ..\Code\Motor\event.c                    0x00000000   Number         0  event.o ABSOLUTE
    ..\Code\Motor\msg_handle.c               0x00000000   Number         0  msg_handle.o ABSOLUTE
    ..\Code\Motor\public.c                   0x00000000   Number         0  public.o ABSOLUTE
    ..\Code\Motor\tmc_api.c                  0x00000000   Number         0  tmc_api.o ABSOLUTE
    ..\Code\Motor\tmc_uart.c                 0x00000000   Number         0  tmc_uart.o ABSOLUTE
    ..\Code\RT-Thread Nano\3.1.5\libcpu\arm\cortex-m3\context_rvds.S 0x00000000   Number         0  context_rvds.o ABSOLUTE
    ..\Code\RT-Thread Nano\3.1.5\libcpu\arm\cortex-m3\cpuport.c 0x00000000   Number         0  cpuport.o ABSOLUTE
    ..\Code\RT-Thread Nano\3.1.5\src\clock.c 0x00000000   Number         0  clock.o ABSOLUTE
    ..\Code\RT-Thread Nano\3.1.5\src\components.c 0x00000000   Number         0  components.o ABSOLUTE
    ..\Code\RT-Thread Nano\3.1.5\src\cpu.c   0x00000000   Number         0  cpu.o ABSOLUTE
    ..\Code\RT-Thread Nano\3.1.5\src\idle.c  0x00000000   Number         0  idle.o ABSOLUTE
    ..\Code\RT-Thread Nano\3.1.5\src\ipc.c   0x00000000   Number         0  ipc.o ABSOLUTE
    ..\Code\RT-Thread Nano\3.1.5\src\irq.c   0x00000000   Number         0  irq.o ABSOLUTE
    ..\Code\RT-Thread Nano\3.1.5\src\kservice.c 0x00000000   Number         0  kservice.o ABSOLUTE
    ..\Code\RT-Thread Nano\3.1.5\src\mem.c   0x00000000   Number         0  mem.o ABSOLUTE
    ..\Code\RT-Thread Nano\3.1.5\src\memheap.c 0x00000000   Number         0  memheap.o ABSOLUTE
    ..\Code\RT-Thread Nano\3.1.5\src\mempool.c 0x00000000   Number         0  mempool.o ABSOLUTE
    ..\Code\RT-Thread Nano\3.1.5\src\object.c 0x00000000   Number         0  object.o ABSOLUTE
    ..\Code\RT-Thread Nano\3.1.5\src\scheduler.c 0x00000000   Number         0  scheduler.o ABSOLUTE
    ..\Code\RT-Thread Nano\3.1.5\src\slab.c  0x00000000   Number         0  slab.o ABSOLUTE
    ..\Code\RT-Thread Nano\3.1.5\src\thread.c 0x00000000   Number         0  thread.o ABSOLUTE
    ..\Code\RT-Thread Nano\3.1.5\src\timer.c 0x00000000   Number         0  timer.o ABSOLUTE
    ..\Code\User\board.c                     0x00000000   Number         0  board.o ABSOLUTE
    ..\Code\User\main.c                      0x00000000   Number         0  main.o ABSOLUTE
    ..\Code\User\stm32f10x_it.c              0x00000000   Number         0  stm32f10x_it.o ABSOLUTE
    ..\\Code\\Libraries\\CMSIS\\core_cm3.c   0x00000000   Number         0  core_cm3.o ABSOLUTE
    cdrcmple.s                               0x00000000   Number         0  cdrcmple.o ABSOLUTE
    dc.s                                     0x00000000   Number         0  dc.o ABSOLUTE
    handlers.s                               0x00000000   Number         0  handlers.o ABSOLUTE
    init.s                                   0x00000000   Number         0  init.o ABSOLUTE
    RESET                                    0x08000000   Section      236  startup_stm32f10x_md.o(RESET)
    .ARM.Collect$$$$00000000                 0x080000ec   Section        0  entry.o(.ARM.Collect$$$$00000000)
    .ARM.Collect$$$$00000001                 0x080000ec   Section        4  entry2.o(.ARM.Collect$$$$00000001)
    .ARM.Collect$$$$00000004                 0x080000f0   Section        4  entry5.o(.ARM.Collect$$$$00000004)
    .ARM.Collect$$$$00000008                 0x080000f4   Section        0  entry7b.o(.ARM.Collect$$$$00000008)
    .ARM.Collect$$$$0000000A                 0x080000f4   Section        0  entry8b.o(.ARM.Collect$$$$0000000A)
    .ARM.Collect$$$$0000000B                 0x080000f4   Section        8  entry9a.o(.ARM.Collect$$$$0000000B)
    .ARM.Collect$$$$0000000E                 0x080000fc   Section        4  entry12b.o(.ARM.Collect$$$$0000000E)
    .ARM.Collect$$$$0000000F                 0x08000100   Section        0  entry10a.o(.ARM.Collect$$$$0000000F)
    .ARM.Collect$$$$00000011                 0x08000100   Section        0  entry11a.o(.ARM.Collect$$$$00000011)
    .ARM.Collect$$$$00002712                 0x08000100   Section        4  entry2.o(.ARM.Collect$$$$00002712)
    __lit__00000000                          0x08000100   Data           4  entry2.o(.ARM.Collect$$$$00002712)
    .text                                    0x08000104   Section       36  startup_stm32f10x_md.o(.text)
    .text                                    0x08000128   Section      244  context_rvds.o(.text)
    .text                                    0x0800021c   Section        0  memmovea.o(.text)
    .text                                    0x0800025c   Section       36  init.o(.text)
    i.$Sub$$main                             0x08000280   Section        0  components.o(i.$Sub$$main)
    i.ADC1_2_IRQHandler                      0x0800028c   Section        0  stm32f10x_it.o(i.ADC1_2_IRQHandler)
    i.ADC_ClearITPendingBit                  0x080002c8   Section        0  stm32f10x_adc.o(i.ADC_ClearITPendingBit)
    i.ADC_GetConversionValue                 0x080002d2   Section        0  stm32f10x_adc.o(i.ADC_GetConversionValue)
    i.ADC_GetITStatus                        0x080002da   Section        0  stm32f10x_adc.o(i.ADC_GetITStatus)
    i.BSP_UartCommTimeHandler                0x080002fe   Section        0  m_usart.o(i.BSP_UartCommTimeHandler)
    i.BusFault_Handler                       0x08000364   Section        0  stm32f10x_it.o(i.BusFault_Handler)
    i.CAN_Receive                            0x08000368   Section        0  stm32f10x_can.o(i.CAN_Receive)
    i.CanIRQRecv                             0x08000458   Section        0  monitor_can.o(i.CanIRQRecv)
    i.Clear_TxRxBuffer                       0x0800052c   Section        0  tmc_uart.o(i.Clear_TxRxBuffer)
    i.CommMonitor                            0x08000550   Section        0  app.o(i.CommMonitor)
    i.DebugMon_Handler                       0x080005a8   Section        0  stm32f10x_it.o(i.DebugMon_Handler)
    i.Delay_US                               0x080005ac   Section        0  public.o(i.Delay_US)
    i.EXTI4_IRQHandler                       0x080005ec   Section        0  stm32f10x_it.o(i.EXTI4_IRQHandler)
    i.EXTI_ClearITPendingBit                 0x08000614   Section        0  stm32f10x_exti.o(i.EXTI_ClearITPendingBit)
    i.EXTI_GetITStatus                       0x08000620   Section        0  stm32f10x_exti.o(i.EXTI_GetITStatus)
    i.EXTI_Init                              0x08000648   Section        0  stm32f10x_exti.o(i.EXTI_Init)
    i.EXTI_NVIC_Config                       0x080006dc   Section        0  bsp_gpio.o(i.EXTI_NVIC_Config)
    EXTI_NVIC_Config                         0x080006dd   Thumb Code    42  bsp_gpio.o(i.EXTI_NVIC_Config)
    i.GPIO_Config                            0x08000708   Section        0  bsp_gpio.o(i.GPIO_Config)
    i.GPIO_EXTILineConfig                    0x080008c8   Section        0  stm32f10x_gpio.o(i.GPIO_EXTILineConfig)
    i.GPIO_Init                              0x08000908   Section        0  stm32f10x_gpio.o(i.GPIO_Init)
    i.GPIO_ResetBits                         0x08000a1e   Section        0  stm32f10x_gpio.o(i.GPIO_ResetBits)
    i.GPIO_SetBits                           0x08000a22   Section        0  stm32f10x_gpio.o(i.GPIO_SetBits)
    i.GenDelay_nop                           0x08000a26   Section        0  bsp_lib.o(i.GenDelay_nop)
    i.MemManage_Handler                      0x08000a36   Section        0  stm32f10x_it.o(i.MemManage_Handler)
    i.NMI_Handler                            0x08000a3a   Section        0  stm32f10x_it.o(i.NMI_Handler)
    i.NVIC_Init                              0x08000a3c   Section        0  misc.o(i.NVIC_Init)
    i.NVIC_PriorityGroupConfig               0x08000aac   Section        0  misc.o(i.NVIC_PriorityGroupConfig)
    i.QueueLoopCanInsert                     0x08000ac0   Section        0  monitor_can.o(i.QueueLoopCanInsert)
    i.QueueLoopIsFull                        0x08000b1a   Section        0  bsp_lib.o(i.QueueLoopIsFull)
    i.RCC_APB1PeriphResetCmd                 0x08000b40   Section        0  stm32f10x_rcc.o(i.RCC_APB1PeriphResetCmd)
    i.RCC_APB2PeriphClockCmd                 0x08000b60   Section        0  stm32f10x_rcc.o(i.RCC_APB2PeriphClockCmd)
    i.RCC_APB2PeriphResetCmd                 0x08000b80   Section        0  stm32f10x_rcc.o(i.RCC_APB2PeriphResetCmd)
    i.RCC_GetClocksFreq                      0x08000ba0   Section        0  stm32f10x_rcc.o(i.RCC_GetClocksFreq)
    i.SVC_Handler                            0x08000c7c   Section        0  stm32f10x_it.o(i.SVC_Handler)
    i.SWSysTimerAdd                          0x08000c80   Section        0  bsp_timer.o(i.SWSysTimerAdd)
    i.SWTimer10ms                            0x08000cb0   Section        0  app.o(i.SWTimer10ms)
    i.SetSysClock                            0x08000cd8   Section        0  system_stm32f10x.o(i.SetSysClock)
    SetSysClock                              0x08000cd9   Thumb Code     8  system_stm32f10x.o(i.SetSysClock)
    i.SetSysClockTo72                        0x08000ce0   Section        0  system_stm32f10x.o(i.SetSysClockTo72)
    SetSysClockTo72                          0x08000ce1   Thumb Code   214  system_stm32f10x.o(i.SetSysClockTo72)
    i.SysEventAlloc                          0x08000dc0   Section        0  event.o(i.SysEventAlloc)
    i.SysEventPut                            0x08000dd4   Section        0  event.o(i.SysEventPut)
    i.SysTick_Handler                        0x08000e28   Section        0  stm32f10x_it.o(i.SysTick_Handler)
    i.SystemInit                             0x08000e38   Section        0  system_stm32f10x.o(i.SystemInit)
    i.TIM2_IRQHandler                        0x08000e98   Section        0  stm32f10x_it.o(i.TIM2_IRQHandler)
    i.TIM3_IRQHandler                        0x08000ec4   Section        0  stm32f10x_it.o(i.TIM3_IRQHandler)
    i.TIM_ClearITPendingBit                  0x08000ee8   Section        0  stm32f10x_tim.o(i.TIM_ClearITPendingBit)
    i.TIM_GetITStatus                        0x08000eee   Section        0  stm32f10x_tim.o(i.TIM_GetITStatus)
    i.TMC2209_Init                           0x08000f10   Section        0  tmc2209.o(i.TMC2209_Init)
    i.TMC2209_ReadWriteArray                 0x08000f94   Section        0  tmc2209.o(i.TMC2209_ReadWriteArray)
    i.TMC2209_WriteInt                       0x08000fa8   Section        0  tmc2209.o(i.TMC2209_WriteInt)
    i.TimeDiff                               0x08001004   Section        0  tmc_uart.o(i.TimeDiff)
    i.TimeSince                              0x08001012   Section        0  tmc_uart.o(i.TimeSince)
    i.UART_ReadWrite                         0x08001024   Section        0  tmc_uart.o(i.UART_ReadWrite)
    i.USART1_IRQHandler                      0x08001078   Section        0  tmc_uart.o(i.USART1_IRQHandler)
    i.USART2_IRQHandler                      0x0800114c   Section        0  stm32f10x_it.o(i.USART2_IRQHandler)
    i.USART_ClearFlag                        0x0800117c   Section        0  stm32f10x_usart.o(i.USART_ClearFlag)
    i.USART_ClearITPendingBit                0x0800118e   Section        0  stm32f10x_usart.o(i.USART_ClearITPendingBit)
    i.USART_Cmd                              0x080011ac   Section        0  stm32f10x_usart.o(i.USART_Cmd)
    i.USART_DeInit                           0x080011c4   Section        0  stm32f10x_usart.o(i.USART_DeInit)
    i.USART_GetITStatus                      0x08001260   Section        0  stm32f10x_usart.o(i.USART_GetITStatus)
    i.USART_ITConfig                         0x080012b4   Section        0  stm32f10x_usart.o(i.USART_ITConfig)
    i.USART_Init                             0x08001300   Section        0  stm32f10x_usart.o(i.USART_Init)
    i.USART_ReceiveData                      0x080013d8   Section        0  stm32f10x_usart.o(i.USART_ReceiveData)
    i.USB_LP_CAN1_RX0_IRQHandler             0x080013e2   Section        0  stm32f10x_it.o(i.USB_LP_CAN1_RX0_IRQHandler)
    i.Uart_Init                              0x080013f4   Section        0  tmc_uart.o(i.Uart_Init)
    i.UsageFault_Handler                     0x080014e4   Section        0  stm32f10x_it.o(i.UsageFault_Handler)
    i.UsartIRQReceiveHandler                 0x080014e8   Section        0  m_usart.o(i.UsartIRQReceiveHandler)
    i.Wait                                   0x0800150a   Section        0  tmc_uart.o(i.Wait)
    i.__rt_ffs                               0x08001524   Section        0  kservice.o(i.__rt_ffs)
    i.__scatterload_copy                     0x08001570   Section       14  handlers.o(i.__scatterload_copy)
    i.__scatterload_null                     0x0800157e   Section        2  handlers.o(i.__scatterload_null)
    i.__scatterload_zeroinit                 0x08001580   Section       14  handlers.o(i.__scatterload_zeroinit)
    i._rt_thread_init                        0x08001590   Section        0  thread.o(i._rt_thread_init)
    _rt_thread_init                          0x08001591   Thumb Code   124  thread.o(i._rt_thread_init)
    i._rt_timer_init                         0x08001614   Section        0  timer.o(i._rt_timer_init)
    _rt_timer_init                           0x08001615   Thumb Code    66  timer.o(i._rt_timer_init)
    i._rt_timer_remove                       0x08001656   Section        0  timer.o(i._rt_timer_remove)
    _rt_timer_remove                         0x08001657   Thumb Code    28  timer.o(i._rt_timer_remove)
    i._thread_cleanup_execute                0x08001672   Section        0  thread.o(i._thread_cleanup_execute)
    _thread_cleanup_execute                  0x08001673   Thumb Code    28  thread.o(i._thread_cleanup_execute)
    i.bytesAvailable                         0x08001690   Section        0  tmc_uart.o(i.bytesAvailable)
    bytesAvailable                           0x08001691   Thumb Code     6  tmc_uart.o(i.bytesAvailable)
    i.flipBitsInBytes                        0x0800169c   Section        0  crc.o(i.flipBitsInBytes)
    flipBitsInBytes                          0x0800169d   Thumb Code    50  crc.o(i.flipBitsInBytes)
    i.flipByte                               0x080016ce   Section        0  crc.o(i.flipByte)
    flipByte                                 0x080016cf   Thumb Code    40  crc.o(i.flipByte)
    i.main                                   0x080016f8   Section        0  main.o(i.main)
    i.main_thread_entry                      0x0800176c   Section        0  components.o(i.main_thread_entry)
    i.plug_holes                             0x0800177c   Section        0  mem.o(i.plug_holes)
    plug_holes                               0x0800177d   Thumb Code   108  mem.o(i.plug_holes)
    i.rt_application_init                    0x080017f4   Section        0  components.o(i.rt_application_init)
    i.rt_components_board_init               0x08001820   Section        0  components.o(i.rt_components_board_init)
    i.rt_components_init                     0x0800183c   Section        0  components.o(i.rt_components_init)
    i.rt_enter_critical                      0x08001858   Section        0  scheduler.o(i.rt_enter_critical)
    i.rt_exit_critical                       0x08001878   Section        0  scheduler.o(i.rt_exit_critical)
    i.rt_free                                0x080018bc   Section        0  mem.o(i.rt_free)
    i.rt_heap_begin_get                      0x08001934   Section        0  board.o(i.rt_heap_begin_get)
    i.rt_heap_end_get                        0x0800193c   Section        0  board.o(i.rt_heap_end_get)
    i.rt_hw_board_init                       0x08001944   Section        0  board.o(i.rt_hw_board_init)
    i.rt_hw_hard_fault_exception             0x080019c8   Section        0  cpuport.o(i.rt_hw_hard_fault_exception)
    i.rt_hw_stack_init                       0x080019ec   Section        0  cpuport.o(i.rt_hw_stack_init)
    i.rt_interrupt_enter                     0x08001a38   Section        0  irq.o(i.rt_interrupt_enter)
    i.rt_interrupt_leave                     0x08001a58   Section        0  irq.o(i.rt_interrupt_leave)
    i.rt_ipc_list_resume                     0x08001a78   Section        0  ipc.o(i.rt_ipc_list_resume)
    rt_ipc_list_resume                       0x08001a79   Thumb Code    20  ipc.o(i.rt_ipc_list_resume)
    i.rt_ipc_list_suspend                    0x08001a8c   Section        0  ipc.o(i.rt_ipc_list_suspend)
    rt_ipc_list_suspend                      0x08001a8d   Thumb Code   110  ipc.o(i.rt_ipc_list_suspend)
    i.rt_ipc_object_init                     0x08001afa   Section        0  ipc.o(i.rt_ipc_object_init)
    rt_ipc_object_init                       0x08001afb   Thumb Code    16  ipc.o(i.rt_ipc_object_init)
    i.rt_list_init                           0x08001b0a   Section        0  ipc.o(i.rt_list_init)
    rt_list_init                             0x08001b0b   Thumb Code     6  ipc.o(i.rt_list_init)
    i.rt_list_init                           0x08001b10   Section        0  scheduler.o(i.rt_list_init)
    rt_list_init                             0x08001b11   Thumb Code     6  scheduler.o(i.rt_list_init)
    i.rt_list_init                           0x08001b16   Section        0  timer.o(i.rt_list_init)
    rt_list_init                             0x08001b17   Thumb Code     6  timer.o(i.rt_list_init)
    i.rt_list_insert_after                   0x08001b1c   Section        0  object.o(i.rt_list_insert_after)
    rt_list_insert_after                     0x08001b1d   Thumb Code    14  object.o(i.rt_list_insert_after)
    i.rt_list_insert_after                   0x08001b2a   Section        0  thread.o(i.rt_list_insert_after)
    rt_list_insert_after                     0x08001b2b   Thumb Code    14  thread.o(i.rt_list_insert_after)
    i.rt_list_insert_after                   0x08001b38   Section        0  timer.o(i.rt_list_insert_after)
    rt_list_insert_after                     0x08001b39   Thumb Code    14  timer.o(i.rt_list_insert_after)
    i.rt_list_insert_before                  0x08001b46   Section        0  ipc.o(i.rt_list_insert_before)
    rt_list_insert_before                    0x08001b47   Thumb Code    14  ipc.o(i.rt_list_insert_before)
    i.rt_list_isempty                        0x08001b54   Section        0  ipc.o(i.rt_list_isempty)
    rt_list_isempty                          0x08001b55   Thumb Code    16  ipc.o(i.rt_list_isempty)
    i.rt_list_isempty                        0x08001b64   Section        0  timer.o(i.rt_list_isempty)
    rt_list_isempty                          0x08001b65   Thumb Code    16  timer.o(i.rt_list_isempty)
    i.rt_list_remove                         0x08001b74   Section        0  object.o(i.rt_list_remove)
    rt_list_remove                           0x08001b75   Thumb Code    18  object.o(i.rt_list_remove)
    i.rt_list_remove                         0x08001b86   Section        0  thread.o(i.rt_list_remove)
    rt_list_remove                           0x08001b87   Thumb Code    18  thread.o(i.rt_list_remove)
    i.rt_list_remove                         0x08001b98   Section        0  timer.o(i.rt_list_remove)
    rt_list_remove                           0x08001b99   Thumb Code    18  timer.o(i.rt_list_remove)
    i.rt_malloc                              0x08001bac   Section        0  mem.o(i.rt_malloc)
    i.rt_memset                              0x08001d18   Section        0  kservice.o(i.rt_memset)
    i.rt_object_allocate                     0x08001d60   Section        0  object.o(i.rt_object_allocate)
    i.rt_object_delete                       0x08001db4   Section        0  object.o(i.rt_object_delete)
    i.rt_object_detach                       0x08001dd8   Section        0  object.o(i.rt_object_detach)
    i.rt_object_get_information              0x08001df8   Section        0  object.o(i.rt_object_get_information)
    i.rt_object_init                         0x08001e20   Section        0  object.o(i.rt_object_init)
    i.rt_object_is_systemobject              0x08001e76   Section        0  object.o(i.rt_object_is_systemobject)
    i.rt_schedule                            0x08001e88   Section        0  scheduler.o(i.rt_schedule)
    i.rt_schedule_insert_thread              0x08001f0c   Section        0  scheduler.o(i.rt_schedule_insert_thread)
    i.rt_schedule_remove_thread              0x08001f5c   Section        0  scheduler.o(i.rt_schedule_remove_thread)
    i.rt_sem_init                            0x08001fb0   Section        0  ipc.o(i.rt_sem_init)
    i.rt_sem_release                         0x08001fd6   Section        0  ipc.o(i.rt_sem_release)
    i.rt_sem_take                            0x08002028   Section        0  ipc.o(i.rt_sem_take)
    i.rt_show_version                        0x0800209c   Section        0  kservice.o(i.rt_show_version)
    i.rt_strncpy                             0x0800209e   Section        0  kservice.o(i.rt_strncpy)
    i.rt_system_heap_init                    0x080020d4   Section        0  mem.o(i.rt_system_heap_init)
    i.rt_system_scheduler_init               0x08002184   Section        0  scheduler.o(i.rt_system_scheduler_init)
    i.rt_system_scheduler_start              0x080021d0   Section        0  scheduler.o(i.rt_system_scheduler_start)
    i.rt_system_timer_init                   0x08002200   Section        0  timer.o(i.rt_system_timer_init)
    i.rt_system_timer_thread_init            0x0800221c   Section        0  timer.o(i.rt_system_timer_thread_init)
    i.rt_thread_create                       0x0800221e   Section        0  thread.o(i.rt_thread_create)
    i.rt_thread_delay                        0x0800226e   Section        0  thread.o(i.rt_thread_delay)
    i.rt_thread_exit                         0x0800227c   Section        0  thread.o(i.rt_thread_exit)
    i.rt_thread_idle_entry                   0x080022d4   Section        0  idle.o(i.rt_thread_idle_entry)
    rt_thread_idle_entry                     0x080022d5   Thumb Code     8  idle.o(i.rt_thread_idle_entry)
    i.rt_thread_idle_excute                  0x080022dc   Section        0  idle.o(i.rt_thread_idle_excute)
    i.rt_thread_idle_init                    0x0800233c   Section        0  idle.o(i.rt_thread_idle_init)
    i.rt_thread_init                         0x08002378   Section        0  thread.o(i.rt_thread_init)
    i.rt_thread_resume                       0x080023ac   Section        0  thread.o(i.rt_thread_resume)
    i.rt_thread_self                         0x080023e8   Section        0  thread.o(i.rt_thread_self)
    i.rt_thread_sleep                        0x080023f4   Section        0  thread.o(i.rt_thread_sleep)
    i.rt_thread_startup                      0x08002438   Section        0  thread.o(i.rt_thread_startup)
    i.rt_thread_suspend                      0x08002464   Section        0  thread.o(i.rt_thread_suspend)
    i.rt_thread_timeout                      0x080024a8   Section        0  thread.o(i.rt_thread_timeout)
    i.rt_thread_yield                        0x080024c8   Section        0  thread.o(i.rt_thread_yield)
    i.rt_tick_get                            0x0800252c   Section        0  clock.o(i.rt_tick_get)
    i.rt_tick_increase                       0x08002538   Section        0  clock.o(i.rt_tick_increase)
    i.rt_timer_check                         0x08002568   Section        0  timer.o(i.rt_timer_check)
    i.rt_timer_control                       0x0800260c   Section        0  timer.o(i.rt_timer_control)
    i.rt_timer_detach                        0x0800266e   Section        0  timer.o(i.rt_timer_detach)
    i.rt_timer_init                          0x08002696   Section        0  timer.o(i.rt_timer_init)
    i.rt_timer_start                         0x080026c4   Section        0  timer.o(i.rt_timer_start)
    i.rt_timer_stop                          0x080027b0   Section        0  timer.o(i.rt_timer_stop)
    i.rti_board_end                          0x080027e0   Section        0  components.o(i.rti_board_end)
    rti_board_end                            0x080027e1   Thumb Code     4  components.o(i.rti_board_end)
    i.rti_board_start                        0x080027e4   Section        0  components.o(i.rti_board_start)
    rti_board_start                          0x080027e5   Thumb Code     4  components.o(i.rti_board_start)
    i.rti_end                                0x080027e8   Section        0  components.o(i.rti_end)
    rti_end                                  0x080027e9   Thumb Code     4  components.o(i.rti_end)
    i.rti_start                              0x080027ec   Section        0  components.o(i.rti_start)
    rti_start                                0x080027ed   Thumb Code     4  components.o(i.rti_start)
    i.rtthread_startup                       0x080027f0   Section        0  components.o(i.rtthread_startup)
    i.rx                                     0x0800281c   Section        0  tmc_uart.o(i.rx)
    rx                                       0x0800281d   Thumb Code    66  tmc_uart.o(i.rx)
    i.rxN                                    0x08002868   Section        0  tmc_uart.o(i.rxN)
    rxN                                      0x08002869   Thumb Code    38  tmc_uart.o(i.rxN)
    i.tmc_CRC8                               0x08002890   Section        0  crc.o(i.tmc_CRC8)
    i.tmc_fillCRC8Table                      0x080028e4   Section        0  crc.o(i.tmc_fillCRC8Table)
    i.tx                                     0x080029c0   Section        0  tmc_uart.o(i.tx)
    tx                                       0x080029c1   Thumb Code    50  tmc_uart.o(i.tx)
    i.txN                                    0x080029fc   Section        0  tmc_uart.o(i.txN)
    txN                                      0x080029fd   Thumb Code    24  tmc_uart.o(i.txN)
    .constdata                               0x08002a14   Section      640  tmc2209.o(.constdata)
    tmc2209_defaultRegisterAccess            0x08002a14   Data         128  tmc2209.o(.constdata)
    tmc2209_defaultRegisterResetState        0x08002a94   Data         512  tmc2209.o(.constdata)
    .constdata                               0x08002c94   Section      290  kservice.o(.constdata)
    small_digits                             0x08002d94   Data          17  kservice.o(.constdata)
    large_digits                             0x08002da5   Data          17  kservice.o(.constdata)
    .rti_fn.0                                0x08002db8   Section        4  components.o(.rti_fn.0)
    __tagsym$$used                           0x08002db8   Number         0  components.o(.rti_fn.0)
    .rti_fn.0.end                            0x08002dbc   Section        4  components.o(.rti_fn.0.end)
    __tagsym$$used                           0x08002dbc   Number         0  components.o(.rti_fn.0.end)
    .rti_fn.1.end                            0x08002dc0   Section        4  components.o(.rti_fn.1.end)
    __tagsym$$used                           0x08002dc0   Number         0  components.o(.rti_fn.1.end)
    .rti_fn.6.end                            0x08002dc4   Section        4  components.o(.rti_fn.6.end)
    __tagsym$$used                           0x08002dc4   Number         0  components.o(.rti_fn.6.end)
    .data                                    0x20000000   Section       20  system_stm32f10x.o(.data)
    .data                                    0x20000014   Section       20  stm32f10x_rcc.o(.data)
    APBAHBPrescTable                         0x20000014   Data          16  stm32f10x_rcc.o(.data)
    ADCPrescTable                            0x20000024   Data           4  stm32f10x_rcc.o(.data)
    .data                                    0x20000028   Section       21  event.o(.data)
    .data                                    0x20000040   Section       24  tmc_uart.o(.data)
    UARTSendFlag                             0x20000040   Data           1  tmc_uart.o(.data)
    available                                0x20000044   Data           4  tmc_uart.o(.data)
    tTxRxBuffer                              0x20000048   Data          16  tmc_uart.o(.data)
    .data                                    0x20000058   Section        4  clock.o(.data)
    rt_tick                                  0x20000058   Data           4  clock.o(.data)
    .data                                    0x2000005c   Section        1  irq.o(.data)
    .data                                    0x20000060   Section       24  mem.o(.data)
    heap_ptr                                 0x20000060   Data           4  mem.o(.data)
    heap_end                                 0x20000064   Data           4  mem.o(.data)
    lfree                                    0x20000068   Data           4  mem.o(.data)
    mem_size_aligned                         0x2000006c   Data           4  mem.o(.data)
    used_mem                                 0x20000070   Data           4  mem.o(.data)
    max_mem                                  0x20000074   Data           4  mem.o(.data)
    .data                                    0x20000078   Section       64  object.o(.data)
    rt_object_container                      0x20000078   Data          64  object.o(.data)
    .data                                    0x200000b8   Section       24  scheduler.o(.data)
    rt_scheduler_lock_nest                   0x200000bc   Data           2  scheduler.o(.data)
    .data                                    0x200000d0   Section       12  timer.o(.data)
    rt_timer_list                            0x200000d0   Data           8  timer.o(.data)
    random_nr                                0x200000d8   Data           4  timer.o(.data)
    .data                                    0x200000dc   Section       16  cpuport.o(.data)
    rt_exception_hook                        0x200000e8   Data           4  cpuport.o(.data)
    .bss                                     0x200000ec   Section       12  bsp_timer.o(.bss)
    .bss                                     0x200000f8   Section     1760  main.o(.bss)
    .bss                                     0x200007d8   Section     4096  board.o(.bss)
    rt_heap                                  0x200007d8   Data        4096  board.o(.bss)
    .bss                                     0x200017d8   Section      152  monitor_can.o(.bss)
    .bss                                     0x20001870   Section      344  monitor_usart.o(.bss)
    .bss                                     0x200019c8   Section      704  liquid_level.o(.bss)
    .bss                                     0x20001c88   Section       92  gpio.o(.bss)
    .bss                                     0x20001ce4   Section       32  tmc_uart.o(.bss)
    rxBuffer                                 0x20001ce4   Data          16  tmc_uart.o(.bss)
    txBuffer                                 0x20001cf4   Data          16  tmc_uart.o(.bss)
    .bss                                     0x20001d04   Section      516  crc.o(.bss)
    .bss                                     0x20001f08   Section      653  tmc2209.o(.bss)
    .bss                                     0x20002198   Section      376  idle.o(.bss)
    idle                                     0x20002198   Data         120  idle.o(.bss)
    rt_thread_stack                          0x20002210   Data         256  idle.o(.bss)
    .bss                                     0x20002310   Section       32  mem.o(.bss)
    heap_sem                                 0x20002310   Data          32  mem.o(.bss)
    .bss                                     0x20002330   Section       64  scheduler.o(.bss)
    STACK                                    0x20002370   Section     1024  startup_stm32f10x_md.o(STACK)

    Global Symbols

    Symbol Name                              Value     Ov Type        Size  Object(Section)

    BuildAttributes$$THM_ISAv4$P$D$K$B$S$PE$A:L22UL41UL21$X:L11$S22US41US21$IEEE1$IW$USESV6$~STKCKD$USESV7$~SHL$OTIME$ROPI$EBA8$MICROLIB$REQ8$PRES8$EABIv2 0x00000000   Number         0  anon$$obj.o ABSOLUTE
    __ARM_use_no_argv                        0x00000000   Number         0  main.o ABSOLUTE
    _printf_a                                0x00000000   Number         0  stubs.o ABSOLUTE
    _printf_c                                0x00000000   Number         0  stubs.o ABSOLUTE
    _printf_charcount                        0x00000000   Number         0  stubs.o ABSOLUTE
    _printf_d                                0x00000000   Number         0  stubs.o ABSOLUTE
    _printf_e                                0x00000000   Number         0  stubs.o ABSOLUTE
    _printf_f                                0x00000000   Number         0  stubs.o ABSOLUTE
    _printf_flags                            0x00000000   Number         0  stubs.o ABSOLUTE
    _printf_fp_dec                           0x00000000   Number         0  stubs.o ABSOLUTE
    _printf_fp_hex                           0x00000000   Number         0  stubs.o ABSOLUTE
    _printf_g                                0x00000000   Number         0  stubs.o ABSOLUTE
    _printf_i                                0x00000000   Number         0  stubs.o ABSOLUTE
    _printf_int_dec                          0x00000000   Number         0  stubs.o ABSOLUTE
    _printf_l                                0x00000000   Number         0  stubs.o ABSOLUTE
    _printf_lc                               0x00000000   Number         0  stubs.o ABSOLUTE
    _printf_ll                               0x00000000   Number         0  stubs.o ABSOLUTE
    _printf_lld                              0x00000000   Number         0  stubs.o ABSOLUTE
    _printf_lli                              0x00000000   Number         0  stubs.o ABSOLUTE
    _printf_llo                              0x00000000   Number         0  stubs.o ABSOLUTE
    _printf_llu                              0x00000000   Number         0  stubs.o ABSOLUTE
    _printf_llx                              0x00000000   Number         0  stubs.o ABSOLUTE
    _printf_longlong_dec                     0x00000000   Number         0  stubs.o ABSOLUTE
    _printf_longlong_hex                     0x00000000   Number         0  stubs.o ABSOLUTE
    _printf_longlong_oct                     0x00000000   Number         0  stubs.o ABSOLUTE
    _printf_ls                               0x00000000   Number         0  stubs.o ABSOLUTE
    _printf_mbtowc                           0x00000000   Number         0  stubs.o ABSOLUTE
    _printf_n                                0x00000000   Number         0  stubs.o ABSOLUTE
    _printf_o                                0x00000000   Number         0  stubs.o ABSOLUTE
    _printf_p                                0x00000000   Number         0  stubs.o ABSOLUTE
    _printf_percent                          0x00000000   Number         0  stubs.o ABSOLUTE
    _printf_pre_padding                      0x00000000   Number         0  stubs.o ABSOLUTE
    _printf_return_value                     0x00000000   Number         0  stubs.o ABSOLUTE
    _printf_s                                0x00000000   Number         0  stubs.o ABSOLUTE
    _printf_sizespec                         0x00000000   Number         0  stubs.o ABSOLUTE
    _printf_str                              0x00000000   Number         0  stubs.o ABSOLUTE
    _printf_truncate_signed                  0x00000000   Number         0  stubs.o ABSOLUTE
    _printf_truncate_unsigned                0x00000000   Number         0  stubs.o ABSOLUTE
    _printf_u                                0x00000000   Number         0  stubs.o ABSOLUTE
    _printf_wc                               0x00000000   Number         0  stubs.o ABSOLUTE
    _printf_wctomb                           0x00000000   Number         0  stubs.o ABSOLUTE
    _printf_widthprec                        0x00000000   Number         0  stubs.o ABSOLUTE
    _printf_x                                0x00000000   Number         0  stubs.o ABSOLUTE
    __arm_fini_                               - Undefined Weak Reference
    __cpp_initialize__aeabi_                  - Undefined Weak Reference
    __cxa_finalize                            - Undefined Weak Reference
    __decompress                              - Undefined Weak Reference
    _clock_init                               - Undefined Weak Reference
    _microlib_exit                            - Undefined Weak Reference
    __Vectors_Size                           0x000000ec   Number         0  startup_stm32f10x_md.o ABSOLUTE
    __Vectors                                0x08000000   Data           4  startup_stm32f10x_md.o(RESET)
    __Vectors_End                            0x080000ec   Data           0  startup_stm32f10x_md.o(RESET)
    __main                                   0x080000ed   Thumb Code     0  entry.o(.ARM.Collect$$$$00000000)
    _main_stk                                0x080000ed   Thumb Code     0  entry2.o(.ARM.Collect$$$$00000001)
    _main_scatterload                        0x080000f1   Thumb Code     0  entry5.o(.ARM.Collect$$$$00000004)
    __main_after_scatterload                 0x080000f5   Thumb Code     0  entry5.o(.ARM.Collect$$$$00000004)
    _main_clock                              0x080000f5   Thumb Code     0  entry7b.o(.ARM.Collect$$$$00000008)
    _main_cpp_init                           0x080000f5   Thumb Code     0  entry8b.o(.ARM.Collect$$$$0000000A)
    _main_init                               0x080000f5   Thumb Code     0  entry9a.o(.ARM.Collect$$$$0000000B)
    __rt_lib_shutdown_fini                   0x080000fd   Thumb Code     0  entry12b.o(.ARM.Collect$$$$0000000E)
    __rt_final_cpp                           0x08000101   Thumb Code     0  entry10a.o(.ARM.Collect$$$$0000000F)
    __rt_final_exit                          0x08000101   Thumb Code     0  entry11a.o(.ARM.Collect$$$$00000011)
    Reset_Handler                            0x08000105   Thumb Code     8  startup_stm32f10x_md.o(.text)
    CAN1_RX1_IRQHandler                      0x0800011f   Thumb Code     0  startup_stm32f10x_md.o(.text)
    CAN1_SCE_IRQHandler                      0x0800011f   Thumb Code     0  startup_stm32f10x_md.o(.text)
    DMA1_Channel1_IRQHandler                 0x0800011f   Thumb Code     0  startup_stm32f10x_md.o(.text)
    DMA1_Channel2_IRQHandler                 0x0800011f   Thumb Code     0  startup_stm32f10x_md.o(.text)
    DMA1_Channel3_IRQHandler                 0x0800011f   Thumb Code     0  startup_stm32f10x_md.o(.text)
    DMA1_Channel4_IRQHandler                 0x0800011f   Thumb Code     0  startup_stm32f10x_md.o(.text)
    DMA1_Channel5_IRQHandler                 0x0800011f   Thumb Code     0  startup_stm32f10x_md.o(.text)
    DMA1_Channel6_IRQHandler                 0x0800011f   Thumb Code     0  startup_stm32f10x_md.o(.text)
    DMA1_Channel7_IRQHandler                 0x0800011f   Thumb Code     0  startup_stm32f10x_md.o(.text)
    EXTI0_IRQHandler                         0x0800011f   Thumb Code     0  startup_stm32f10x_md.o(.text)
    EXTI15_10_IRQHandler                     0x0800011f   Thumb Code     0  startup_stm32f10x_md.o(.text)
    EXTI1_IRQHandler                         0x0800011f   Thumb Code     0  startup_stm32f10x_md.o(.text)
    EXTI2_IRQHandler                         0x0800011f   Thumb Code     0  startup_stm32f10x_md.o(.text)
    EXTI3_IRQHandler                         0x0800011f   Thumb Code     0  startup_stm32f10x_md.o(.text)
    EXTI9_5_IRQHandler                       0x0800011f   Thumb Code     0  startup_stm32f10x_md.o(.text)
    FLASH_IRQHandler                         0x0800011f   Thumb Code     0  startup_stm32f10x_md.o(.text)
    I2C1_ER_IRQHandler                       0x0800011f   Thumb Code     0  startup_stm32f10x_md.o(.text)
    I2C1_EV_IRQHandler                       0x0800011f   Thumb Code     0  startup_stm32f10x_md.o(.text)
    I2C2_ER_IRQHandler                       0x0800011f   Thumb Code     0  startup_stm32f10x_md.o(.text)
    I2C2_EV_IRQHandler                       0x0800011f   Thumb Code     0  startup_stm32f10x_md.o(.text)
    PVD_IRQHandler                           0x0800011f   Thumb Code     0  startup_stm32f10x_md.o(.text)
    RCC_IRQHandler                           0x0800011f   Thumb Code     0  startup_stm32f10x_md.o(.text)
    RTCAlarm_IRQHandler                      0x0800011f   Thumb Code     0  startup_stm32f10x_md.o(.text)
    RTC_IRQHandler                           0x0800011f   Thumb Code     0  startup_stm32f10x_md.o(.text)
    SPI1_IRQHandler                          0x0800011f   Thumb Code     0  startup_stm32f10x_md.o(.text)
    SPI2_IRQHandler                          0x0800011f   Thumb Code     0  startup_stm32f10x_md.o(.text)
    TAMPER_IRQHandler                        0x0800011f   Thumb Code     0  startup_stm32f10x_md.o(.text)
    TIM1_BRK_IRQHandler                      0x0800011f   Thumb Code     0  startup_stm32f10x_md.o(.text)
    TIM1_CC_IRQHandler                       0x0800011f   Thumb Code     0  startup_stm32f10x_md.o(.text)
    TIM1_TRG_COM_IRQHandler                  0x0800011f   Thumb Code     0  startup_stm32f10x_md.o(.text)
    TIM1_UP_IRQHandler                       0x0800011f   Thumb Code     0  startup_stm32f10x_md.o(.text)
    TIM4_IRQHandler                          0x0800011f   Thumb Code     0  startup_stm32f10x_md.o(.text)
    USART3_IRQHandler                        0x0800011f   Thumb Code     0  startup_stm32f10x_md.o(.text)
    USBWakeUp_IRQHandler                     0x0800011f   Thumb Code     0  startup_stm32f10x_md.o(.text)
    USB_HP_CAN1_TX_IRQHandler                0x0800011f   Thumb Code     0  startup_stm32f10x_md.o(.text)
    WWDG_IRQHandler                          0x0800011f   Thumb Code     0  startup_stm32f10x_md.o(.text)
    rt_hw_interrupt_disable                  0x08000129   Thumb Code     8  context_rvds.o(.text)
    rt_hw_interrupt_enable                   0x08000131   Thumb Code     6  context_rvds.o(.text)
    rt_hw_context_switch                     0x08000137   Thumb Code    32  context_rvds.o(.text)
    rt_hw_context_switch_interrupt           0x08000137   Thumb Code     0  context_rvds.o(.text)
    PendSV_Handler                           0x08000157   Thumb Code    60  context_rvds.o(.text)
    rt_hw_context_switch_to                  0x08000193   Thumb Code    56  context_rvds.o(.text)
    rt_hw_interrupt_thread_switch            0x080001cb   Thumb Code     2  context_rvds.o(.text)
    HardFault_Handler                        0x080001cd   Thumb Code    52  context_rvds.o(.text)
    ___aeabi_memcpy$move                     0x0800021d   Thumb Code    64  memmovea.o(.text)
    ___aeabi_memcpy4$move                    0x0800021d   Thumb Code     0  memmovea.o(.text)
    ___aeabi_memcpy8$move                    0x0800021d   Thumb Code     0  memmovea.o(.text)
    __aeabi_memmove                          0x0800021d   Thumb Code     0  memmovea.o(.text)
    __aeabi_memmove4                         0x0800021d   Thumb Code     0  memmovea.o(.text)
    __aeabi_memmove8                         0x0800021d   Thumb Code     0  memmovea.o(.text)
    __scatterload                            0x0800025d   Thumb Code    28  init.o(.text)
    __scatterload_rt2                        0x0800025d   Thumb Code     0  init.o(.text)
    main                                     0x08000281   Thumb Code    10  components.o(i.$Sub$$main)
    ADC1_2_IRQHandler                        0x0800028d   Thumb Code    52  stm32f10x_it.o(i.ADC1_2_IRQHandler)
    ADC_ClearITPendingBit                    0x080002c9   Thumb Code    10  stm32f10x_adc.o(i.ADC_ClearITPendingBit)
    ADC_GetConversionValue                   0x080002d3   Thumb Code     8  stm32f10x_adc.o(i.ADC_GetConversionValue)
    ADC_GetITStatus                          0x080002db   Thumb Code    36  stm32f10x_adc.o(i.ADC_GetITStatus)
    BSP_UartCommTimeHandler                  0x080002ff   Thumb Code   102  m_usart.o(i.BSP_UartCommTimeHandler)
    BusFault_Handler                         0x08000365   Thumb Code     4  stm32f10x_it.o(i.BusFault_Handler)
    CAN_Receive                              0x08000369   Thumb Code   240  stm32f10x_can.o(i.CAN_Receive)
    CanIRQRecv                               0x08000459   Thumb Code   202  monitor_can.o(i.CanIRQRecv)
    Clear_TxRxBuffer                         0x0800052d   Thumb Code    26  tmc_uart.o(i.Clear_TxRxBuffer)
    CommMonitor                              0x08000551   Thumb Code    80  app.o(i.CommMonitor)
    DebugMon_Handler                         0x080005a9   Thumb Code     2  stm32f10x_it.o(i.DebugMon_Handler)
    Delay_US                                 0x080005ad   Thumb Code    54  public.o(i.Delay_US)
    EXTI4_IRQHandler                         0x080005ed   Thumb Code    34  stm32f10x_it.o(i.EXTI4_IRQHandler)
    EXTI_ClearITPendingBit                   0x08000615   Thumb Code     6  stm32f10x_exti.o(i.EXTI_ClearITPendingBit)
    EXTI_GetITStatus                         0x08000621   Thumb Code    34  stm32f10x_exti.o(i.EXTI_GetITStatus)
    EXTI_Init                                0x08000649   Thumb Code   142  stm32f10x_exti.o(i.EXTI_Init)
    GPIO_Config                              0x08000709   Thumb Code   436  bsp_gpio.o(i.GPIO_Config)
    GPIO_EXTILineConfig                      0x080008c9   Thumb Code    60  stm32f10x_gpio.o(i.GPIO_EXTILineConfig)
    GPIO_Init                                0x08000909   Thumb Code   278  stm32f10x_gpio.o(i.GPIO_Init)
    GPIO_ResetBits                           0x08000a1f   Thumb Code     4  stm32f10x_gpio.o(i.GPIO_ResetBits)
    GPIO_SetBits                             0x08000a23   Thumb Code     4  stm32f10x_gpio.o(i.GPIO_SetBits)
    GenDelay_nop                             0x08000a27   Thumb Code    16  bsp_lib.o(i.GenDelay_nop)
    MemManage_Handler                        0x08000a37   Thumb Code     4  stm32f10x_it.o(i.MemManage_Handler)
    NMI_Handler                              0x08000a3b   Thumb Code     2  stm32f10x_it.o(i.NMI_Handler)
    NVIC_Init                                0x08000a3d   Thumb Code   100  misc.o(i.NVIC_Init)
    NVIC_PriorityGroupConfig                 0x08000aad   Thumb Code    10  misc.o(i.NVIC_PriorityGroupConfig)
    QueueLoopCanInsert                       0x08000ac1   Thumb Code    90  monitor_can.o(i.QueueLoopCanInsert)
    QueueLoopIsFull                          0x08000b1b   Thumb Code    38  bsp_lib.o(i.QueueLoopIsFull)
    RCC_APB1PeriphResetCmd                   0x08000b41   Thumb Code    26  stm32f10x_rcc.o(i.RCC_APB1PeriphResetCmd)
    RCC_APB2PeriphClockCmd                   0x08000b61   Thumb Code    26  stm32f10x_rcc.o(i.RCC_APB2PeriphClockCmd)
    RCC_APB2PeriphResetCmd                   0x08000b81   Thumb Code    26  stm32f10x_rcc.o(i.RCC_APB2PeriphResetCmd)
    RCC_GetClocksFreq                        0x08000ba1   Thumb Code   192  stm32f10x_rcc.o(i.RCC_GetClocksFreq)
    SVC_Handler                              0x08000c7d   Thumb Code     2  stm32f10x_it.o(i.SVC_Handler)
    SWSysTimerAdd                            0x08000c81   Thumb Code    44  bsp_timer.o(i.SWSysTimerAdd)
    SWTimer10ms                              0x08000cb1   Thumb Code    36  app.o(i.SWTimer10ms)
    SysEventAlloc                            0x08000dc1   Thumb Code    16  event.o(i.SysEventAlloc)
    SysEventPut                              0x08000dd5   Thumb Code    68  event.o(i.SysEventPut)
    SysTick_Handler                          0x08000e29   Thumb Code    16  stm32f10x_it.o(i.SysTick_Handler)
    SystemInit                               0x08000e39   Thumb Code    78  system_stm32f10x.o(i.SystemInit)
    TIM2_IRQHandler                          0x08000e99   Thumb Code    40  stm32f10x_it.o(i.TIM2_IRQHandler)
    TIM3_IRQHandler                          0x08000ec5   Thumb Code    30  stm32f10x_it.o(i.TIM3_IRQHandler)
    TIM_ClearITPendingBit                    0x08000ee9   Thumb Code     6  stm32f10x_tim.o(i.TIM_ClearITPendingBit)
    TIM_GetITStatus                          0x08000eef   Thumb Code    34  stm32f10x_tim.o(i.TIM_GetITStatus)
    TMC2209_Init                             0x08000f11   Thumb Code   102  tmc2209.o(i.TMC2209_Init)
    TMC2209_ReadWriteArray                   0x08000f95   Thumb Code    20  tmc2209.o(i.TMC2209_ReadWriteArray)
    TMC2209_WriteInt                         0x08000fa9   Thumb Code    88  tmc2209.o(i.TMC2209_WriteInt)
    TimeDiff                                 0x08001005   Thumb Code    14  tmc_uart.o(i.TimeDiff)
    TimeSince                                0x08001013   Thumb Code    18  tmc_uart.o(i.TimeSince)
    UART_ReadWrite                           0x08001025   Thumb Code    82  tmc_uart.o(i.UART_ReadWrite)
    USART1_IRQHandler                        0x08001079   Thumb Code   194  tmc_uart.o(i.USART1_IRQHandler)
    USART2_IRQHandler                        0x0800114d   Thumb Code    40  stm32f10x_it.o(i.USART2_IRQHandler)
    USART_ClearFlag                          0x0800117d   Thumb Code    18  stm32f10x_usart.o(i.USART_ClearFlag)
    USART_ClearITPendingBit                  0x0800118f   Thumb Code    30  stm32f10x_usart.o(i.USART_ClearITPendingBit)
    USART_Cmd                                0x080011ad   Thumb Code    24  stm32f10x_usart.o(i.USART_Cmd)
    USART_DeInit                             0x080011c5   Thumb Code   134  stm32f10x_usart.o(i.USART_DeInit)
    USART_GetITStatus                        0x08001261   Thumb Code    84  stm32f10x_usart.o(i.USART_GetITStatus)
    USART_ITConfig                           0x080012b5   Thumb Code    74  stm32f10x_usart.o(i.USART_ITConfig)
    USART_Init                               0x08001301   Thumb Code   210  stm32f10x_usart.o(i.USART_Init)
    USART_ReceiveData                        0x080013d9   Thumb Code    10  stm32f10x_usart.o(i.USART_ReceiveData)
    USB_LP_CAN1_RX0_IRQHandler               0x080013e3   Thumb Code    16  stm32f10x_it.o(i.USB_LP_CAN1_RX0_IRQHandler)
    Uart_Init                                0x080013f5   Thumb Code   230  tmc_uart.o(i.Uart_Init)
    UsageFault_Handler                       0x080014e5   Thumb Code     4  stm32f10x_it.o(i.UsageFault_Handler)
    UsartIRQReceiveHandler                   0x080014e9   Thumb Code    34  m_usart.o(i.UsartIRQReceiveHandler)
    Wait                                     0x0800150b   Thumb Code    24  tmc_uart.o(i.Wait)
    __rt_ffs                                 0x08001525   Thumb Code    70  kservice.o(i.__rt_ffs)
    __scatterload_copy                       0x08001571   Thumb Code    14  handlers.o(i.__scatterload_copy)
    __scatterload_null                       0x0800157f   Thumb Code     2  handlers.o(i.__scatterload_null)
    __scatterload_zeroinit                   0x08001581   Thumb Code    14  handlers.o(i.__scatterload_zeroinit)
    $Super$$main                             0x080016f9   Thumb Code    76  main.o(i.main)
    main_thread_entry                        0x0800176d   Thumb Code    14  components.o(i.main_thread_entry)
    rt_application_init                      0x080017f5   Thumb Code    32  components.o(i.rt_application_init)
    rt_components_board_init                 0x08001821   Thumb Code    20  components.o(i.rt_components_board_init)
    rt_components_init                       0x0800183d   Thumb Code    20  components.o(i.rt_components_init)
    rt_enter_critical                        0x08001859   Thumb Code    28  scheduler.o(i.rt_enter_critical)
    rt_exit_critical                         0x08001879   Thumb Code    60  scheduler.o(i.rt_exit_critical)
    rt_free                                  0x080018bd   Thumb Code    98  mem.o(i.rt_free)
    rt_heap_begin_get                        0x08001935   Thumb Code     4  board.o(i.rt_heap_begin_get)
    rt_heap_end_get                          0x0800193d   Thumb Code     4  board.o(i.rt_heap_end_get)
    rt_hw_board_init                         0x08001945   Thumb Code   116  board.o(i.rt_hw_board_init)
    rt_hw_hard_fault_exception               0x080019c9   Thumb Code    32  cpuport.o(i.rt_hw_hard_fault_exception)
    rt_hw_stack_init                         0x080019ed   Thumb Code    70  cpuport.o(i.rt_hw_stack_init)
    rt_interrupt_enter                       0x08001a39   Thumb Code    26  irq.o(i.rt_interrupt_enter)
    rt_interrupt_leave                       0x08001a59   Thumb Code    26  irq.o(i.rt_interrupt_leave)
    rt_malloc                                0x08001bad   Thumb Code   336  mem.o(i.rt_malloc)
    rt_memset                                0x08001d19   Thumb Code    72  kservice.o(i.rt_memset)
    rt_object_allocate                       0x08001d61   Thumb Code    84  object.o(i.rt_object_allocate)
    rt_object_delete                         0x08001db5   Thumb Code    36  object.o(i.rt_object_delete)
    rt_object_detach                         0x08001dd9   Thumb Code    30  object.o(i.rt_object_detach)
    rt_object_get_information                0x08001df9   Thumb Code    36  object.o(i.rt_object_get_information)
    rt_object_init                           0x08001e21   Thumb Code    86  object.o(i.rt_object_init)
    rt_object_is_systemobject                0x08001e77   Thumb Code    18  object.o(i.rt_object_is_systemobject)
    rt_schedule                              0x08001e89   Thumb Code   106  scheduler.o(i.rt_schedule)
    rt_schedule_insert_thread                0x08001f0d   Thumb Code    72  scheduler.o(i.rt_schedule_insert_thread)
    rt_schedule_remove_thread                0x08001f5d   Thumb Code    76  scheduler.o(i.rt_schedule_remove_thread)
    rt_sem_init                              0x08001fb1   Thumb Code    38  ipc.o(i.rt_sem_init)
    rt_sem_release                           0x08001fd7   Thumb Code    82  ipc.o(i.rt_sem_release)
    rt_sem_take                              0x08002029   Thumb Code   116  ipc.o(i.rt_sem_take)
    rt_show_version                          0x0800209d   Thumb Code     2  kservice.o(i.rt_show_version)
    rt_strncpy                               0x0800209f   Thumb Code    52  kservice.o(i.rt_strncpy)
    rt_system_heap_init                      0x080020d5   Thumb Code   146  mem.o(i.rt_system_heap_init)
    rt_system_scheduler_init                 0x08002185   Thumb Code    52  scheduler.o(i.rt_system_scheduler_init)
    rt_system_scheduler_start                0x080021d1   Thumb Code    36  scheduler.o(i.rt_system_scheduler_start)
    rt_system_timer_init                     0x08002201   Thumb Code    24  timer.o(i.rt_system_timer_init)
    rt_system_timer_thread_init              0x0800221d   Thumb Code     2  timer.o(i.rt_system_timer_thread_init)
    rt_thread_create                         0x0800221f   Thumb Code    80  thread.o(i.rt_thread_create)
    rt_thread_delay                          0x0800226f   Thumb Code    12  thread.o(i.rt_thread_delay)
    rt_thread_exit                           0x0800227d   Thumb Code    78  thread.o(i.rt_thread_exit)
    rt_thread_idle_excute                    0x080022dd   Thumb Code    92  idle.o(i.rt_thread_idle_excute)
    rt_thread_idle_init                      0x0800233d   Thumb Code    38  idle.o(i.rt_thread_idle_init)
    rt_thread_init                           0x08002379   Thumb Code    52  thread.o(i.rt_thread_init)
    rt_thread_resume                         0x080023ad   Thumb Code    60  thread.o(i.rt_thread_resume)
    rt_thread_self                           0x080023e9   Thumb Code     6  thread.o(i.rt_thread_self)
    rt_thread_sleep                          0x080023f5   Thumb Code    62  thread.o(i.rt_thread_sleep)
    rt_thread_startup                        0x08002439   Thumb Code    44  thread.o(i.rt_thread_startup)
    rt_thread_suspend                        0x08002465   Thumb Code    68  thread.o(i.rt_thread_suspend)
    rt_thread_timeout                        0x080024a9   Thumb Code    32  thread.o(i.rt_thread_timeout)
    rt_thread_yield                          0x080024c9   Thumb Code    92  thread.o(i.rt_thread_yield)
    rt_tick_get                              0x0800252d   Thumb Code     6  clock.o(i.rt_tick_get)
    rt_tick_increase                         0x08002539   Thumb Code    42  clock.o(i.rt_tick_increase)
    rt_timer_check                           0x08002569   Thumb Code   160  timer.o(i.rt_timer_check)
    rt_timer_control                         0x0800260d   Thumb Code    98  timer.o(i.rt_timer_control)
    rt_timer_detach                          0x0800266f   Thumb Code    40  timer.o(i.rt_timer_detach)
    rt_timer_init                            0x08002697   Thumb Code    46  timer.o(i.rt_timer_init)
    rt_timer_start                           0x080026c5   Thumb Code   226  timer.o(i.rt_timer_start)
    rt_timer_stop                            0x080027b1   Thumb Code    48  timer.o(i.rt_timer_stop)
    rtthread_startup                         0x080027f1   Thumb Code    42  components.o(i.rtthread_startup)
    tmc_CRC8                                 0x08002891   Thumb Code    80  crc.o(i.tmc_CRC8)
    tmc_fillCRC8Table                        0x080028e5   Thumb Code   206  crc.o(i.tmc_fillCRC8Table)
    __lowest_bit_bitmap                      0x08002c94   Data         256  kservice.o(.constdata)
    __rt_init_rti_start                      0x08002db8   Data           4  components.o(.rti_fn.0)
    __rt_init_rti_board_start                0x08002dbc   Data           4  components.o(.rti_fn.0.end)
    __rt_init_rti_board_end                  0x08002dc0   Data           4  components.o(.rti_fn.1.end)
    __rt_init_rti_end                        0x08002dc4   Data           4  components.o(.rti_fn.6.end)
    Region$$Table$$Base                      0x08002dc8   Number         0  anon$$obj.o(Region$$Table)
    Region$$Table$$Limit                     0x08002de8   Number         0  anon$$obj.o(Region$$Table)
    SystemCoreClock                          0x20000000   Data           4  system_stm32f10x.o(.data)
    AHBPrescTable                            0x20000004   Data          16  system_stm32f10x.o(.data)
    SysEventHead                             0x20000028   Data           8  event.o(.data)
    SysEventTail                             0x20000030   Data           8  event.o(.data)
    SysEventFreeList                         0x20000038   Data           4  event.o(.data)
    SysEventCount                            0x2000003c   Data           1  event.o(.data)
    rt_interrupt_nest                        0x2000005c   Data           1  irq.o(.data)
    rt_thread_ready_priority_group           0x200000b8   Data           4  scheduler.o(.data)
    rt_current_thread                        0x200000c0   Data           4  scheduler.o(.data)
    rt_current_priority                      0x200000c4   Data           1  scheduler.o(.data)
    rt_thread_defunct                        0x200000c8   Data           8  scheduler.o(.data)
    rt_interrupt_from_thread                 0x200000dc   Data           4  cpuport.o(.data)
    rt_interrupt_to_thread                   0x200000e0   Data           4  cpuport.o(.data)
    rt_thread_switch_interrupt_flag          0x200000e4   Data           4  cpuport.o(.data)
    SWSysTimeTick                            0x200000ec   Data          12  bsp_timer.o(.bss)
    wdog_tcb                                 0x200000f8   Data         120  main.o(.bss)
    SWSysTimer_tcb                           0x20000170   Data         120  main.o(.bss)
    SWTimer10ms_tcb                          0x200001e8   Data         120  main.o(.bss)
    comm_monitor_tcb                         0x20000260   Data         120  main.o(.bss)
    rt_wdog_stk                              0x200002d8   Data         128  main.o(.bss)
    rt_SWSysTimer_stk                        0x20000358   Data         128  main.o(.bss)
    rt_SWTimer10ms_stk                       0x200003d8   Data         512  main.o(.bss)
    rt_comm_monitor_stk                      0x200005d8   Data         512  main.o(.bss)
    MonCan                                   0x200017d8   Data         152  monitor_can.o(.bss)
    ModbusMon                                0x20001870   Data         344  monitor_usart.o(.bss)
    CapSenPara                               0x200019c8   Data         296  liquid_level.o(.bss)
    AirSenPara                               0x20001af0   Data         408  liquid_level.o(.bss)
    TempSensor                               0x20001c88   Data          80  gpio.o(.bss)
    DipSW                                    0x20001cd8   Data          12  gpio.o(.bss)
    CRCTables                                0x20001d04   Data         516  crc.o(.bss)
    g_tTMC2209                               0x20001f08   Data         653  tmc2209.o(.bss)
    rt_thread_priority_table                 0x20002330   Data          64  scheduler.o(.bss)
    __initial_sp                             0x20002770   Data           0  startup_stm32f10x_md.o(STACK)



==============================================================================

Memory Map of the image

  Image Entry point : 0x080000ed

  Load Region LR_IROM1 (Base: 0x08000000, Size: 0x00002ed4, Max: 0x00010000, ABSOLUTE)

    Execution Region ER_IROM1 (Exec base: 0x08000000, Load base: 0x08000000, Size: 0x00002de8, Max: 0x00010000, ABSOLUTE)

    Exec Addr    Load Addr    Size         Type   Attr      Idx    E Section Name        Object

    0x08000000   0x08000000   0x000000ec   Data   RO            3    RESET               startup_stm32f10x_md.o
    0x080000ec   0x080000ec   0x00000000   Code   RO         6499  * .ARM.Collect$$$$00000000  mc_w.l(entry.o)
    0x080000ec   0x080000ec   0x00000004   Code   RO         6785    .ARM.Collect$$$$00000001  mc_w.l(entry2.o)
    0x080000f0   0x080000f0   0x00000004   Code   RO         6788    .ARM.Collect$$$$00000004  mc_w.l(entry5.o)
    0x080000f4   0x080000f4   0x00000000   Code   RO         6790    .ARM.Collect$$$$00000008  mc_w.l(entry7b.o)
    0x080000f4   0x080000f4   0x00000000   Code   RO         6792    .ARM.Collect$$$$0000000A  mc_w.l(entry8b.o)
    0x080000f4   0x080000f4   0x00000008   Code   RO         6793    .ARM.Collect$$$$0000000B  mc_w.l(entry9a.o)
    0x080000fc   0x080000fc   0x00000004   Code   RO         6800    .ARM.Collect$$$$0000000E  mc_w.l(entry12b.o)
    0x08000100   0x08000100   0x00000000   Code   RO         6795    .ARM.Collect$$$$0000000F  mc_w.l(entry10a.o)
    0x08000100   0x08000100   0x00000000   Code   RO         6797    .ARM.Collect$$$$00000011  mc_w.l(entry11a.o)
    0x08000100   0x08000100   0x00000004   Code   RO         6786    .ARM.Collect$$$$00002712  mc_w.l(entry2.o)
    0x08000104   0x08000104   0x00000024   Code   RO            4    .text               startup_stm32f10x_md.o
    0x08000128   0x08000128   0x000000f4   Code   RO         6456    .text               context_rvds.o
    0x0800021c   0x0800021c   0x00000040   Code   RO         6504    .text               mc_w.l(memmovea.o)
    0x0800025c   0x0800025c   0x00000024   Code   RO         6823    .text               mc_w.l(init.o)
    0x08000280   0x08000280   0x0000000a   Code   RO         5556    i.$Sub$$main        components.o
    0x0800028a   0x0800028a   0x00000002   PAD
    0x0800028c   0x0800028c   0x0000003c   Code   RO         4168    i.ADC1_2_IRQHandler  stm32f10x_it.o
    0x080002c8   0x080002c8   0x0000000a   Code   RO          182    i.ADC_ClearITPendingBit  stm32f10x_adc.o
    0x080002d2   0x080002d2   0x00000008   Code   RO          192    i.ADC_GetConversionValue  stm32f10x_adc.o
    0x080002da   0x080002da   0x00000024   Code   RO          195    i.ADC_GetITStatus   stm32f10x_adc.o
    0x080002fe   0x080002fe   0x00000066   Code   RO         3920    i.BSP_UartCommTimeHandler  m_usart.o
    0x08000364   0x08000364   0x00000004   Code   RO         4169    i.BusFault_Handler  stm32f10x_it.o
    0x08000368   0x08000368   0x000000f0   Code   RO          493    i.CAN_Receive       stm32f10x_can.o
    0x08000458   0x08000458   0x000000d4   Code   RO         4331    i.CanIRQRecv        monitor_can.o
    0x0800052c   0x0800052c   0x00000024   Code   RO         5325    i.Clear_TxRxBuffer  tmc_uart.o
    0x08000550   0x08000550   0x00000058   Code   RO         4255    i.CommMonitor       app.o
    0x080005a8   0x080005a8   0x00000002   Code   RO         4170    i.DebugMon_Handler  stm32f10x_it.o
    0x080005aa   0x080005aa   0x00000002   PAD
    0x080005ac   0x080005ac   0x00000040   Code   RO         5313    i.Delay_US          public.o
    0x080005ec   0x080005ec   0x00000028   Code   RO         4171    i.EXTI4_IRQHandler  stm32f10x_it.o
    0x08000614   0x08000614   0x0000000c   Code   RO          939    i.EXTI_ClearITPendingBit  stm32f10x_exti.o
    0x08000620   0x08000620   0x00000028   Code   RO          943    i.EXTI_GetITStatus  stm32f10x_exti.o
    0x08000648   0x08000648   0x00000094   Code   RO          944    i.EXTI_Init         stm32f10x_exti.o
    0x080006dc   0x080006dc   0x0000002a   Code   RO         3843    i.EXTI_NVIC_Config  bsp_gpio.o
    0x08000706   0x08000706   0x00000002   PAD
    0x08000708   0x08000708   0x000001c0   Code   RO         3844    i.GPIO_Config       bsp_gpio.o
    0x080008c8   0x080008c8   0x00000040   Code   RO         1289    i.GPIO_EXTILineConfig  stm32f10x_gpio.o
    0x08000908   0x08000908   0x00000116   Code   RO         1292    i.GPIO_Init         stm32f10x_gpio.o
    0x08000a1e   0x08000a1e   0x00000004   Code   RO         1299    i.GPIO_ResetBits    stm32f10x_gpio.o
    0x08000a22   0x08000a22   0x00000004   Code   RO         1300    i.GPIO_SetBits      stm32f10x_gpio.o
    0x08000a26   0x08000a26   0x00000010   Code   RO         3117    i.GenDelay_nop      bsp_lib.o
    0x08000a36   0x08000a36   0x00000004   Code   RO         4172    i.MemManage_Handler  stm32f10x_it.o
    0x08000a3a   0x08000a3a   0x00000002   Code   RO         4173    i.NMI_Handler       stm32f10x_it.o
    0x08000a3c   0x08000a3c   0x00000070   Code   RO          137    i.NVIC_Init         misc.o
    0x08000aac   0x08000aac   0x00000014   Code   RO          138    i.NVIC_PriorityGroupConfig  misc.o
    0x08000ac0   0x08000ac0   0x0000005a   Code   RO         4379    i.QueueLoopCanInsert  monitor_can.o
    0x08000b1a   0x08000b1a   0x00000026   Code   RO         3124    i.QueueLoopIsFull   bsp_lib.o
    0x08000b40   0x08000b40   0x00000020   Code   RO         1709    i.RCC_APB1PeriphResetCmd  stm32f10x_rcc.o
    0x08000b60   0x08000b60   0x00000020   Code   RO         1710    i.RCC_APB2PeriphClockCmd  stm32f10x_rcc.o
    0x08000b80   0x08000b80   0x00000020   Code   RO         1711    i.RCC_APB2PeriphResetCmd  stm32f10x_rcc.o
    0x08000ba0   0x08000ba0   0x000000dc   Code   RO         1718    i.RCC_GetClocksFreq  stm32f10x_rcc.o
    0x08000c7c   0x08000c7c   0x00000002   Code   RO         4174    i.SVC_Handler       stm32f10x_it.o
    0x08000c7e   0x08000c7e   0x00000002   PAD
    0x08000c80   0x08000c80   0x00000030   Code   RO         3738    i.SWSysTimerAdd     bsp_timer.o
    0x08000cb0   0x08000cb0   0x00000028   Code   RO         4258    i.SWTimer10ms       app.o
    0x08000cd8   0x08000cd8   0x00000008   Code   RO           24    i.SetSysClock       system_stm32f10x.o
    0x08000ce0   0x08000ce0   0x000000e0   Code   RO           25    i.SetSysClockTo72   system_stm32f10x.o
    0x08000dc0   0x08000dc0   0x00000014   Code   RO         5237    i.SysEventAlloc     event.o
    0x08000dd4   0x08000dd4   0x00000054   Code   RO         5241    i.SysEventPut       event.o
    0x08000e28   0x08000e28   0x00000010   Code   RO         4175    i.SysTick_Handler   stm32f10x_it.o
    0x08000e38   0x08000e38   0x00000060   Code   RO           27    i.SystemInit        system_stm32f10x.o
    0x08000e98   0x08000e98   0x0000002c   Code   RO         4176    i.TIM2_IRQHandler   stm32f10x_it.o
    0x08000ec4   0x08000ec4   0x00000024   Code   RO         4177    i.TIM3_IRQHandler   stm32f10x_it.o
    0x08000ee8   0x08000ee8   0x00000006   Code   RO         2337    i.TIM_ClearITPendingBit  stm32f10x_tim.o
    0x08000eee   0x08000eee   0x00000022   Code   RO         2363    i.TIM_GetITStatus   stm32f10x_tim.o
    0x08000f10   0x08000f10   0x00000084   Code   RO         5463    i.TMC2209_Init      tmc2209.o
    0x08000f94   0x08000f94   0x00000014   Code   RO         5466    i.TMC2209_ReadWriteArray  tmc2209.o
    0x08000fa8   0x08000fa8   0x0000005c   Code   RO         5467    i.TMC2209_WriteInt  tmc2209.o
    0x08001004   0x08001004   0x0000000e   Code   RO         5326    i.TimeDiff          tmc_uart.o
    0x08001012   0x08001012   0x00000012   Code   RO         5327    i.TimeSince         tmc_uart.o
    0x08001024   0x08001024   0x00000052   Code   RO         5329    i.UART_ReadWrite    tmc_uart.o
    0x08001076   0x08001076   0x00000002   PAD
    0x08001078   0x08001078   0x000000d4   Code   RO         5331    i.USART1_IRQHandler  tmc_uart.o
    0x0800114c   0x0800114c   0x00000030   Code   RO         4178    i.USART2_IRQHandler  stm32f10x_it.o
    0x0800117c   0x0800117c   0x00000012   Code   RO         2874    i.USART_ClearFlag   stm32f10x_usart.o
    0x0800118e   0x0800118e   0x0000001e   Code   RO         2875    i.USART_ClearITPendingBit  stm32f10x_usart.o
    0x080011ac   0x080011ac   0x00000018   Code   RO         2878    i.USART_Cmd         stm32f10x_usart.o
    0x080011c4   0x080011c4   0x0000009c   Code   RO         2880    i.USART_DeInit      stm32f10x_usart.o
    0x08001260   0x08001260   0x00000054   Code   RO         2882    i.USART_GetITStatus  stm32f10x_usart.o
    0x080012b4   0x080012b4   0x0000004a   Code   RO         2884    i.USART_ITConfig    stm32f10x_usart.o
    0x080012fe   0x080012fe   0x00000002   PAD
    0x08001300   0x08001300   0x000000d8   Code   RO         2885    i.USART_Init        stm32f10x_usart.o
    0x080013d8   0x080013d8   0x0000000a   Code   RO         2892    i.USART_ReceiveData  stm32f10x_usart.o
    0x080013e2   0x080013e2   0x00000010   Code   RO         4179    i.USB_LP_CAN1_RX0_IRQHandler  stm32f10x_it.o
    0x080013f2   0x080013f2   0x00000002   PAD
    0x080013f4   0x080013f4   0x000000f0   Code   RO         5332    i.Uart_Init         tmc_uart.o
    0x080014e4   0x080014e4   0x00000004   Code   RO         4180    i.UsageFault_Handler  stm32f10x_it.o
    0x080014e8   0x080014e8   0x00000022   Code   RO         3921    i.UsartIRQReceiveHandler  m_usart.o
    0x0800150a   0x0800150a   0x00000018   Code   RO         5333    i.Wait              tmc_uart.o
    0x08001522   0x08001522   0x00000002   PAD
    0x08001524   0x08001524   0x0000004c   Code   RO         5832    i.__rt_ffs          kservice.o
    0x08001570   0x08001570   0x0000000e   Code   RO         6833    i.__scatterload_copy  mc_w.l(handlers.o)
    0x0800157e   0x0800157e   0x00000002   Code   RO         6834    i.__scatterload_null  mc_w.l(handlers.o)
    0x08001580   0x08001580   0x0000000e   Code   RO         6835    i.__scatterload_zeroinit  mc_w.l(handlers.o)
    0x0800158e   0x0800158e   0x00000002   PAD
    0x08001590   0x08001590   0x00000084   Code   RO         6212    i._rt_thread_init   thread.o
    0x08001614   0x08001614   0x00000042   Code   RO         6344    i._rt_timer_init    timer.o
    0x08001656   0x08001656   0x0000001c   Code   RO         6345    i._rt_timer_remove  timer.o
    0x08001672   0x08001672   0x0000001c   Code   RO         6213    i._thread_cleanup_execute  thread.o
    0x0800168e   0x0800168e   0x00000002   PAD
    0x08001690   0x08001690   0x0000000c   Code   RO         5334    i.bytesAvailable    tmc_uart.o
    0x0800169c   0x0800169c   0x00000032   Code   RO         5420    i.flipBitsInBytes   crc.o
    0x080016ce   0x080016ce   0x00000028   Code   RO         5421    i.flipByte          crc.o
    0x080016f6   0x080016f6   0x00000002   PAD
    0x080016f8   0x080016f8   0x00000074   Code   RO         4107    i.main              main.o
    0x0800176c   0x0800176c   0x0000000e   Code   RO         5557    i.main_thread_entry  components.o
    0x0800177a   0x0800177a   0x00000002   PAD
    0x0800177c   0x0800177c   0x00000078   Code   RO         5990    i.plug_holes        mem.o
    0x080017f4   0x080017f4   0x0000002c   Code   RO         5558    i.rt_application_init  components.o
    0x08001820   0x08001820   0x0000001c   Code   RO         5559    i.rt_components_board_init  components.o
    0x0800183c   0x0800183c   0x0000001c   Code   RO         5560    i.rt_components_init  components.o
    0x08001858   0x08001858   0x00000020   Code   RO         6140    i.rt_enter_critical  scheduler.o
    0x08001878   0x08001878   0x00000044   Code   RO         6141    i.rt_exit_critical  scheduler.o
    0x080018bc   0x080018bc   0x00000078   Code   RO         5992    i.rt_free           mem.o
    0x08001934   0x08001934   0x00000008   Code   RO         4122    i.rt_heap_begin_get  board.o
    0x0800193c   0x0800193c   0x00000008   Code   RO         4123    i.rt_heap_end_get   board.o
    0x08001944   0x08001944   0x00000084   Code   RO         4124    i.rt_hw_board_init  board.o
    0x080019c8   0x080019c8   0x00000024   Code   RO         6463    i.rt_hw_hard_fault_exception  cpuport.o
    0x080019ec   0x080019ec   0x0000004c   Code   RO         6464    i.rt_hw_stack_init  cpuport.o
    0x08001a38   0x08001a38   0x00000020   Code   RO         5805    i.rt_interrupt_enter  irq.o
    0x08001a58   0x08001a58   0x00000020   Code   RO         5807    i.rt_interrupt_leave  irq.o
    0x08001a78   0x08001a78   0x00000014   Code   RO         5665    i.rt_ipc_list_resume  ipc.o
    0x08001a8c   0x08001a8c   0x0000006e   Code   RO         5667    i.rt_ipc_list_suspend  ipc.o
    0x08001afa   0x08001afa   0x00000010   Code   RO         5668    i.rt_ipc_object_init  ipc.o
    0x08001b0a   0x08001b0a   0x00000006   Code   RO         5669    i.rt_list_init      ipc.o
    0x08001b10   0x08001b10   0x00000006   Code   RO         6142    i.rt_list_init      scheduler.o
    0x08001b16   0x08001b16   0x00000006   Code   RO         6346    i.rt_list_init      timer.o
    0x08001b1c   0x08001b1c   0x0000000e   Code   RO         6052    i.rt_list_insert_after  object.o
    0x08001b2a   0x08001b2a   0x0000000e   Code   RO         6214    i.rt_list_insert_after  thread.o
    0x08001b38   0x08001b38   0x0000000e   Code   RO         6347    i.rt_list_insert_after  timer.o
    0x08001b46   0x08001b46   0x0000000e   Code   RO         5670    i.rt_list_insert_before  ipc.o
    0x08001b54   0x08001b54   0x00000010   Code   RO         5671    i.rt_list_isempty   ipc.o
    0x08001b64   0x08001b64   0x00000010   Code   RO         6348    i.rt_list_isempty   timer.o
    0x08001b74   0x08001b74   0x00000012   Code   RO         6053    i.rt_list_remove    object.o
    0x08001b86   0x08001b86   0x00000012   Code   RO         6215    i.rt_list_remove    thread.o
    0x08001b98   0x08001b98   0x00000012   Code   RO         6349    i.rt_list_remove    timer.o
    0x08001baa   0x08001baa   0x00000002   PAD
    0x08001bac   0x08001bac   0x0000016c   Code   RO         5993    i.rt_malloc         mem.o
    0x08001d18   0x08001d18   0x00000048   Code   RO         5841    i.rt_memset         kservice.o
    0x08001d60   0x08001d60   0x00000054   Code   RO         6054    i.rt_object_allocate  object.o
    0x08001db4   0x08001db4   0x00000024   Code   RO         6055    i.rt_object_delete  object.o
    0x08001dd8   0x08001dd8   0x0000001e   Code   RO         6056    i.rt_object_detach  object.o
    0x08001df6   0x08001df6   0x00000002   PAD
    0x08001df8   0x08001df8   0x00000028   Code   RO         6058    i.rt_object_get_information  object.o
    0x08001e20   0x08001e20   0x00000056   Code   RO         6062    i.rt_object_init    object.o
    0x08001e76   0x08001e76   0x00000012   Code   RO         6063    i.rt_object_is_systemobject  object.o
    0x08001e88   0x08001e88   0x00000084   Code   RO         6143    i.rt_schedule       scheduler.o
    0x08001f0c   0x08001f0c   0x00000050   Code   RO         6144    i.rt_schedule_insert_thread  scheduler.o
    0x08001f5c   0x08001f5c   0x00000054   Code   RO         6145    i.rt_schedule_remove_thread  scheduler.o
    0x08001fb0   0x08001fb0   0x00000026   Code   RO         5684    i.rt_sem_init       ipc.o
    0x08001fd6   0x08001fd6   0x00000052   Code   RO         5685    i.rt_sem_release    ipc.o
    0x08002028   0x08002028   0x00000074   Code   RO         5686    i.rt_sem_take       ipc.o
    0x0800209c   0x0800209c   0x00000002   Code   RO         5843    i.rt_show_version   kservice.o
    0x0800209e   0x0800209e   0x00000034   Code   RO         5851    i.rt_strncpy        kservice.o
    0x080020d2   0x080020d2   0x00000002   PAD
    0x080020d4   0x080020d4   0x000000b0   Code   RO         5996    i.rt_system_heap_init  mem.o
    0x08002184   0x08002184   0x0000004c   Code   RO         6146    i.rt_system_scheduler_init  scheduler.o
    0x080021d0   0x080021d0   0x00000030   Code   RO         6147    i.rt_system_scheduler_start  scheduler.o
    0x08002200   0x08002200   0x0000001c   Code   RO         6350    i.rt_system_timer_init  timer.o
    0x0800221c   0x0800221c   0x00000002   Code   RO         6351    i.rt_system_timer_thread_init  timer.o
    0x0800221e   0x0800221e   0x00000050   Code   RO         6217    i.rt_thread_create  thread.o
    0x0800226e   0x0800226e   0x0000000c   Code   RO         6218    i.rt_thread_delay   thread.o
    0x0800227a   0x0800227a   0x00000002   PAD
    0x0800227c   0x0800227c   0x00000058   Code   RO         6222    i.rt_thread_exit    thread.o
    0x080022d4   0x080022d4   0x00000008   Code   RO         5630    i.rt_thread_idle_entry  idle.o
    0x080022dc   0x080022dc   0x00000060   Code   RO         5631    i.rt_thread_idle_excute  idle.o
    0x0800233c   0x0800233c   0x0000003c   Code   RO         5633    i.rt_thread_idle_init  idle.o
    0x08002378   0x08002378   0x00000034   Code   RO         6224    i.rt_thread_init    thread.o
    0x080023ac   0x080023ac   0x0000003c   Code   RO         6226    i.rt_thread_resume  thread.o
    0x080023e8   0x080023e8   0x0000000c   Code   RO         6227    i.rt_thread_self    thread.o
    0x080023f4   0x080023f4   0x00000044   Code   RO         6228    i.rt_thread_sleep   thread.o
    0x08002438   0x08002438   0x0000002c   Code   RO         6229    i.rt_thread_startup  thread.o
    0x08002464   0x08002464   0x00000044   Code   RO         6230    i.rt_thread_suspend  thread.o
    0x080024a8   0x080024a8   0x00000020   Code   RO         6231    i.rt_thread_timeout  thread.o
    0x080024c8   0x080024c8   0x00000064   Code   RO         6232    i.rt_thread_yield   thread.o
    0x0800252c   0x0800252c   0x0000000c   Code   RO         5520    i.rt_tick_get       clock.o
    0x08002538   0x08002538   0x00000030   Code   RO         5521    i.rt_tick_increase  clock.o
    0x08002568   0x08002568   0x000000a4   Code   RO         6352    i.rt_timer_check    timer.o
    0x0800260c   0x0800260c   0x00000062   Code   RO         6353    i.rt_timer_control  timer.o
    0x0800266e   0x0800266e   0x00000028   Code   RO         6356    i.rt_timer_detach   timer.o
    0x08002696   0x08002696   0x0000002e   Code   RO         6357    i.rt_timer_init     timer.o
    0x080026c4   0x080026c4   0x000000ec   Code   RO         6360    i.rt_timer_start    timer.o
    0x080027b0   0x080027b0   0x00000030   Code   RO         6361    i.rt_timer_stop     timer.o
    0x080027e0   0x080027e0   0x00000004   Code   RO         5561    i.rti_board_end     components.o
    0x080027e4   0x080027e4   0x00000004   Code   RO         5562    i.rti_board_start   components.o
    0x080027e8   0x080027e8   0x00000004   Code   RO         5563    i.rti_end           components.o
    0x080027ec   0x080027ec   0x00000004   Code   RO         5564    i.rti_start         components.o
    0x080027f0   0x080027f0   0x0000002a   Code   RO         5565    i.rtthread_startup  components.o
    0x0800281a   0x0800281a   0x00000002   PAD
    0x0800281c   0x0800281c   0x0000004c   Code   RO         5335    i.rx                tmc_uart.o
    0x08002868   0x08002868   0x00000026   Code   RO         5336    i.rxN               tmc_uart.o
    0x0800288e   0x0800288e   0x00000002   PAD
    0x08002890   0x08002890   0x00000054   Code   RO         5422    i.tmc_CRC8          crc.o
    0x080028e4   0x080028e4   0x000000dc   Code   RO         5423    i.tmc_fillCRC8Table  crc.o
    0x080029c0   0x080029c0   0x0000003c   Code   RO         5337    i.tx                tmc_uart.o
    0x080029fc   0x080029fc   0x00000018   Code   RO         5338    i.txN               tmc_uart.o
    0x08002a14   0x08002a14   0x00000280   Data   RO         5470    .constdata          tmc2209.o
    0x08002c94   0x08002c94   0x00000122   Data   RO         5857    .constdata          kservice.o
    0x08002db6   0x08002db6   0x00000002   PAD
    0x08002db8   0x08002db8   0x00000004   Data   RO         5566    .rti_fn.0           components.o
    0x08002dbc   0x08002dbc   0x00000004   Data   RO         5567    .rti_fn.0.end       components.o
    0x08002dc0   0x08002dc0   0x00000004   Data   RO         5568    .rti_fn.1.end       components.o
    0x08002dc4   0x08002dc4   0x00000004   Data   RO         5569    .rti_fn.6.end       components.o
    0x08002dc8   0x08002dc8   0x00000020   Data   RO         6831    Region$$Table       anon$$obj.o


    Execution Region RW_IRAM1 (Exec base: 0x20000000, Load base: 0x08002de8, Size: 0x00002770, Max: 0x00005000, ABSOLUTE)

    Exec Addr    Load Addr    Size         Type   Attr      Idx    E Section Name        Object

    0x20000000   0x08002de8   0x00000014   Data   RW           28    .data               system_stm32f10x.o
    0x20000014   0x08002dfc   0x00000014   Data   RW         1738    .data               stm32f10x_rcc.o
    0x20000028   0x08002e10   0x00000015   Data   RW         5243    .data               event.o
    0x2000003d   0x08002e25   0x00000003   PAD
    0x20000040   0x08002e28   0x00000018   Data   RW         5341    .data               tmc_uart.o
    0x20000058   0x08002e40   0x00000004   Data   RW         5523    .data               clock.o
    0x2000005c   0x08002e44   0x00000001   Data   RW         5808    .data               irq.o
    0x2000005d   0x08002e45   0x00000003   PAD
    0x20000060   0x08002e48   0x00000018   Data   RW         5998    .data               mem.o
    0x20000078   0x08002e60   0x00000040   Data   RW         6065    .data               object.o
    0x200000b8   0x08002ea0   0x00000018   Data   RW         6149    .data               scheduler.o
    0x200000d0   0x08002eb8   0x0000000c   Data   RW         6362    .data               timer.o
    0x200000dc   0x08002ec4   0x00000010   Data   RW         6465    .data               cpuport.o
    0x200000ec        -       0x0000000c   Zero   RW         3742    .bss                bsp_timer.o
    0x200000f8        -       0x000006e0   Zero   RW         4108    .bss                main.o
    0x200007d8        -       0x00001000   Zero   RW         4125    .bss                board.o
    0x200017d8        -       0x00000098   Zero   RW         4381    .bss                monitor_can.o
    0x20001870        -       0x00000158   Zero   RW         4666    .bss                monitor_usart.o
    0x200019c8        -       0x000002c0   Zero   RW         4862    .bss                liquid_level.o
    0x20001c88        -       0x0000005c   Zero   RW         5158    .bss                gpio.o
    0x20001ce4        -       0x00000020   Zero   RW         5339    .bss                tmc_uart.o
    0x20001d04        -       0x00000204   Zero   RW         5426    .bss                crc.o
    0x20001f08        -       0x0000028d   Zero   RW         5469    .bss                tmc2209.o
    0x20002195   0x08002ed4   0x00000003   PAD
    0x20002198        -       0x00000178   Zero   RW         5634    .bss                idle.o
    0x20002310        -       0x00000020   Zero   RW         5997    .bss                mem.o
    0x20002330        -       0x00000040   Zero   RW         6148    .bss                scheduler.o
    0x20002370        -       0x00000400   Zero   RW            1    STACK               startup_stm32f10x_md.o


==============================================================================

Image component sizes


      Code (inc. data)   RO Data    RW Data    ZI Data      Debug   Object Name

       128         12          0          0          0       4156   app.o
       148         24          0          0       4096      19924   board.o
       490         12          0          0          0       1234   bsp_gpio.o
        54          0          0          0          0       9825   bsp_lib.o
        48          4          0          0         12       1404   bsp_timer.o
        60         12          0          4          0       1241   clock.o
       182         28         16          0          0       6056   components.o
       244         28          0          0          0        816   context_rvds.o
         0          0          0          0          0       4548   core_cm3.o
       112         10          0         16          0       3310   cpuport.o
       394         18          0          0        516       3523   crc.o
       104         20          0         21          0       1773   event.o
         0          0          0          0         92       1565   gpio.o
       164         26          0          0        376       5218   idle.o
       418          0          0          0          0       8533   ipc.o
        64         12          0          1          0       1662   irq.o
       202          6        290          0          0       5484   kservice.o
         0          0          0          0        704       7875   liquid_level.o
       136          0          0          0          0       1131   m_usart.o
       116         40          0          0       1760       1447   main.o
       780         92          0         24         32       3992   mem.o
       132         22          0          0          0       1571   misc.o
       302         10          0          0        152       4043   monitor_can.o
         0          0          0          0        344       1116   monitor_usart.o
       326          4          0         64          0       8444   object.o
        64         10          0          0          0        611   public.o
       526         90          0         24         64       8666   scheduler.o
        36          8        236          0       1024        880   startup_stm32f10x_md.o
        54          0          0          0          0       3911   stm32f10x_adc.o
       240          0          0          0          0       1598   stm32f10x_can.o
       200         18          0          0          0       2164   stm32f10x_exti.o
       350          4          0          0          0       3706   stm32f10x_gpio.o
       278         32          0          0          0       6097   stm32f10x_it.o
       316         46          0         20          0       5071   stm32f10x_rcc.o
        40          0          0          0          0       1794   stm32f10x_tim.o
       612         28          0          0          0       6905   stm32f10x_usart.o
       328         28          0         20          0     269013   system_stm32f10x.o
       808         38          0          0          0      12639   thread.o
       810         24          0         12          0      11904   timer.o
       244         34        640          0        653       5108   tmc2209.o
       836         64          0         24         32       8078   tmc_uart.o

    ----------------------------------------------------------------------
     10380        804       1216        236       9860     458036   Object Totals
         0          0         32          0          0          0   (incl. Generated)
        34          0          2          6          3          0   (incl. Padding)

    ----------------------------------------------------------------------

      Code (inc. data)   RO Data    RW Data    ZI Data      Debug   Library Member Name

         0          0          0          0          0          0   entry.o
         0          0          0          0          0          0   entry10a.o
         0          0          0          0          0          0   entry11a.o
         4          0          0          0          0          0   entry12b.o
         8          4          0          0          0          0   entry2.o
         4          0          0          0          0          0   entry5.o
         0          0          0          0          0          0   entry7b.o
         0          0          0          0          0          0   entry8b.o
         8          4          0          0          0          0   entry9a.o
        30          0          0          0          0          0   handlers.o
        36          8          0          0          0         68   init.o
        64          0          0          0          0         76   memmovea.o

    ----------------------------------------------------------------------
       156         16          0          0          0        144   Library Totals
         2          0          0          0          0          0   (incl. Padding)

    ----------------------------------------------------------------------

      Code (inc. data)   RO Data    RW Data    ZI Data      Debug   Library Name

       154         16          0          0          0        144   mc_w.l

    ----------------------------------------------------------------------
       156         16          0          0          0        144   Library Totals

    ----------------------------------------------------------------------

==============================================================================


      Code (inc. data)   RO Data    RW Data    ZI Data      Debug   

     10536        820       1216        236       9860     450168   Grand Totals
     10536        820       1216        236       9860     450168   ELF Image Totals
     10536        820       1216        236          0          0   ROM Totals

==============================================================================

    Total RO  Size (Code + RO Data)                11752 (  11.48kB)
    Total RW  Size (RW Data + ZI Data)             10096 (   9.86kB)
    Total ROM Size (Code + RO Data + RW Data)      11988 (  11.71kB)

==============================================================================

